#
# A fatal error has been detected by the Java Runtime Environment:
#
#  SIGSEGV (0xb) at pc=0x0000000000000000, pid=3157, tid=3201
#
# JRE version: OpenJDK Runtime Environment (21.0.11+10) (build 21.0.11+10-1-24.04.2-Ubuntu)
# Java VM: OpenJDK 64-Bit Server VM (21.0.11+10-1-24.04.2-Ubuntu, mixed mode, sharing, tiered, compressed oops, compressed class ptrs, parallel gc, linux-amd64)
# Problematic frame:
# V  [libjvm.so+0xd72f36]  ParCompactionManager::follow_marking_stacks()+0x356
#
# Core dump will be written. Default location: Core dumps may be processed with "/usr/lib/systemd/systemd-coredump %P %u %g %s %t 9223372036854775808 %h %d" (or dumping to /home/dan/Documentos/Estudos-Java/maratona-java/core.3157)
#
# If you would like to submit a bug report, please visit:
#   https://bugs.launchpad.net/ubuntu/+source/openjdk-21
#

---------------  S U M M A R Y ------------

Command Line: --add-modules=ALL-SYSTEM --add-opens=java.base/java.util=ALL-UNNAMED --add-opens=java.base/java.lang=ALL-UNNAMED --add-opens=java.base/sun.nio.fs=ALL-UNNAMED -Declipse.application=org.eclipse.jdt.ls.core.id1 -Dosgi.bundles.defaultStartLevel=4 -Declipse.product=org.eclipse.jdt.ls.core.product -Djava.import.generatesMetadataFilesAtProjectRoot=false -DDetectVMInstallationsJob.disabled=true -Dfile.encoding=utf8 -XX:+UseParallelGC -XX:GCTimeRatio=4 -XX:AdaptiveSizePolicyWeight=90 -Dsun.zip.disableMemoryMapping=true -Xmx2G -Xms100m -Xlog:disable -javaagent:/home/dan/.vscode/extensions/redhat.java-1.55.0-linux-x64/lombok/lombok-1.18.39-4050.jar /home/dan/.vscode/extensions/redhat.java-1.55.0-linux-x64/server/plugins/org.eclipse.equinox.launcher_1.7.200.v20260619-2039.jar -configuration /home/dan/.config/Code/User/globalStorage/redhat.java/1.55.0/config_ss_linux -data /home/dan/.config/Code/User/workspaceStorage/3e564cfedea14a04fad4b011b1314378/redhat.java/ss_ws --pipe=/run/user/1000/lsp-d95abbe80896e51c014cf05a3b6cde3e.sock

Host: Intel(R) Core(TM) i5-3230M CPU @ 2.60GHz, 4 cores, 7G, Linux Mint 22.3 Zena
Time: Fri Aug 14 13:56:02 2026 -03 elapsed time: 15.781926 seconds (0d 0h 0m 15s)

---------------  T H R E A D  ---------------

Current thread (0x0000772aa00318c0):  WorkerThread "GC Thread#0"    [id=3201, stack(0x0000772aa5729000,0x0000772aa5829000) (1024K)]

Stack: [0x0000772aa5729000,0x0000772aa5829000],  sp=0x0000772aa5827ac0,  free space=1018k
Native frames: (J=compiled Java code, j=interpreted, Vv=VM code, C=native code)
V  [libjvm.so+0xd72f36]  ParCompactionManager::follow_marking_stacks()+0x356
V  [libjvm.so+0xd8136f]  PCAddThreadRootsMarkingTaskClosure::do_thread(Thread*)+0xbf
V  [libjvm.so+0xf9c4aa]  Threads::possibly_parallel_threads_do(bool, ThreadClosure*)+0xfa
V  [libjvm.so+0xd822ba]  MarkFromRootsTask::work(unsigned int)+0xaa
V  [libjvm.so+0x104b060]  WorkerThread::run()+0x80
V  [libjvm.so+0xf90cb7]  Thread::call_run()+0xa7
V  [libjvm.so+0xd06fd5]  thread_native_entry(Thread*)+0xd5
C  [libc.so.6+0x9cb84]

siginfo: si_signo: 11 (SIGSEGV), si_code: 1 (SEGV_MAPERR), si_addr: 0x0000000000000000

Registers:
RAX=0xffffffffffffffff, RBX=0x0000772aa0071700, RCX=0x0000000000000000, RDX=0x0000772a3f003318
RSP=0x0000772aa5827ab8, RBP=0x0000772aa5827bd0, RSI=0x000000008022fe68, RDI=0x0000772aa5827b80
R8 =0x0000000000000004, R9 =0x0000772aa5827b80, R10=0x000000008022fe68, R11=0x0000772aa76cd9a8
R12=0x0000000000000000, R13=0x0000772aa76ce708, R14=0x0000772aa760ab60, R15=0x0000772aa772f7c0
RIP=0x0000000000000000, EFLAGS=0x0000000000010286, CSGSFS=0x002b000000000033, ERR=0x0000000000000014
  TRAPNO=0x000000000000000e

XMM[0]=0x0000772aa002b160 0x0000772aa002b150
XMM[1]=0x0000000000000000 0x0000772a8fd37b90
XMM[2]=0x0000772aa61fea20 0x0000770000000000
XMM[3]=0x0000000000000000 0x0000772aa61fdff0
XMM[4]=0x0000000000000000 0x0000772a8fd3ee80
XMM[5]=0x0000000000000000 0x0000000000000000
XMM[6]=0xd5dcf8d8d5dcf6f0 0x0000000000000000
XMM[7]=0xd5dcf65800000000 0x0000000000000000
XMM[8]=0x00000000d5dcf970 0xd5dcfa0800000000
XMM[9]=0x0000000000000000 0x0000000000000000
XMM[10]=0x0000000000000000 0x0000000000000000
XMM[11]=0x0000000000000000 0x0000000000000000
XMM[12]=0x0000000000000000 0x0000000000000000
XMM[13]=0x0000000000000000 0x0000000000000000
XMM[14]=0x0000000000000000 0x0000000000000000
XMM[15]=0x0000000000000000 0x0000000000000000
  MXCSR=0x00001fa2


Register to memory mapping:

RAX=0xffffffffffffffff is an unknown value
RBX=0x0000772aa0071700 points into unknown readable memory: 0x0000000000000000 | 00 00 00 00 00 00 00 00
RCX=0x0 is null
RDX=0x0000772a3f003318 is pointing into metadata
RSP=0x0000772aa5827ab8 points into unknown readable memory: 0x0000772aa6f72f36 | 36 2f f7 a6 2a 77 00 00
RBP=0x0000772aa5827bd0 points into unknown readable memory: 0x0000772aa5827c80 | 80 7c 82 a5 2a 77 00 00
RSI=0x000000008022fe68 points into unknown readable memory: 0x0000000000000011 | 11 00 00 00 00 00 00 00
RDI=0x0000772aa5827b80 points into unknown readable memory: 0x0000772aa760ab60 | 60 ab 60 a7 2a 77 00 00
R8 =0x0000000000000004 is an unknown value
R9 =0x0000772aa5827b80 points into unknown readable memory: 0x0000772aa760ab60 | 60 ab 60 a7 2a 77 00 00
R10=0x000000008022fe68 points into unknown readable memory: 0x0000000000000011 | 11 00 00 00 00 00 00 00
R11=0x0000772aa76cd9a8: <offset 0x00000000014cd9a8> in /usr/lib/jvm/java-21-openjdk-amd64/lib/server/libjvm.so at 0x0000772aa6200000
R12=0x0 is null
R13=0x0000772aa76ce708: <offset 0x00000000014ce708> in /usr/lib/jvm/java-21-openjdk-amd64/lib/server/libjvm.so at 0x0000772aa6200000
R14=0x0000772aa760ab60: <offset 0x000000000140ab60> in /usr/lib/jvm/java-21-openjdk-amd64/lib/server/libjvm.so at 0x0000772aa6200000
R15=0x0000772aa772f7c0: <offset 0x000000000152f7c0> in /usr/lib/jvm/java-21-openjdk-amd64/lib/server/libjvm.so at 0x0000772aa6200000

Top of Stack: (sp=0x0000772aa5827ab8)
0x0000772aa5827ab8:   0000772aa6f72f36 0000000000000000   6/..*w..........
0x0000772aa5827ac8:   0000772aa0071808 000000008021617c   ....*w..|a!.....
0x0000772aa5827ad8:   000000008021617c 000000008022fc70   |a!.....p.".....
0x0000772aa5827ae8:   0000772aa5827b80 0000772aa5827b20   .{..*w.. {..*w..
0x0000772aa5827af8:   0000772aa6f7a345 0000000000000c00   E...*w..........
0x0000772aa5827b08:   0000000000000000 0000000000000000   ................
0x0000772aa5827b18:   0000000000000000 0000000000000000   ................
0x0000772aa5827b28:   0000000000000000 0000000000000000   ................
0x0000772aa5827b38:   0000000000000000 0000000000000000   ................
0x0000772aa5827b48:   0000000000000000 00000000d6b9e2e8   ................
0x0000772aa5827b58:   0000000000000800 0000000000000000   ................
0x0000772aa5827b68:   00000001ffffffff 0000772aa00d3401   .........4..*w..
0x0000772aa5827b78:   0000772aa0018d80 0000772aa760ab60   ....*w..`.`.*w..
0x0000772aa5827b88:   0000772aa0050810 0000772a00000004   ....*w......*w..
0x0000772aa5827b98:   0000772aa0071700 0000772aa5827bd0   ....*w...{..*w..
0x0000772aa5827ba8:   0000772aa0018d80 0000772aa002b150   ....*w..P...*w..
0x0000772aa5827bb8:   0000772aa0031c70 0000772aa002b538   p...*w..8...*w..
0x0000772aa5827bc8:   0000772aa0071700 0000772aa5827c80   ....*w...|..*w..
0x0000772aa5827bd8:   0000772aa6f8136f 0000772aa42705a8   o...*w....'.*w..
0x0000772aa5827be8:   00000000000003d8 0000772aa002b150   ........P...*w..
0x0000772aa5827bf8:   0000772aa002b160 0000772aa7603d70   `...*w..p=`.*w..
0x0000772aa5827c08:   0000772aa5827c20 0000772aa002b160    |..*w..`...*w..
0x0000772aa5827c18:   0000772aa5827c20 0000772aa760aca8    |..*w....`.*w..
0x0000772aa5827c28:   0000772aa0071700 0000772aa7603d70   ....*w..p=`.*w..
0x0000772aa5827c38:   0000772aa5827c20 0000000000000100    |..*w..........
0x0000772aa5827c48:   0000000000000000 00000000000014cd   ................
0x0000772aa5827c58:   00007729d8003ab0 0000772aa5827d80   .:..)w...}..*w..
0x0000772aa5827c68:   000000000000000f 00007729d8003b98   .........;..)w..
0x0000772aa5827c78:   0000772aa76cdb18 0000772aa5827ce0   ..l.*w...|..*w..
0x0000772aa5827c88:   0000772aa719c4aa 0000000000000000   ....*w..........
0x0000772aa5827c98:   0000772aa0018d80 0000000000000001   ....*w..........
0x0000772aa5827ca8:   0000000000000001 0000772aa5827ce0   .........|..*w..

Instructions: (pc=0x0000772aa6f72f36)
0x0000772aa6f72e36:   00 00 81 fa ff 1f 00 00 74 08 85 d2 0f 85 a8 07
0x0000772aa6f72e46:   00 00 48 8b bb d0 03 00 00 48 89 fa 48 c1 ea 20
0x0000772aa6f72e56:   83 c2 01 39 f8 0f 84 65 07 00 00 48 c1 e2 20 48
0x0000772aa6f72e66:   89 ce 48 09 d6 48 89 b3 d0 03 00 00 8b 83 d0 03
0x0000772aa6f72e76:   00 00 8b 93 08 01 00 00 8b 83 88 00 00 00 48 8b
0x0000772aa6f72e86:   bb c0 02 00 00 29 d0 25 ff ff 01 00 74 0b 3d ff
0x0000772aa6f72e96:   ff 01 00 0f 85 e5 fd ff ff 48 85 ff 0f 85 e5 fd
0x0000772aa6f72ea6:   ff ff e9 43 fe ff ff 0f 1f 00 48 c1 e0 20 4c 8b
0x0000772aa6f72eb6:   8d f8 fe ff ff 48 09 c8 48 89 c2 48 89 f0 f0 49
0x0000772aa6f72ec6:   0f b1 11 48 39 c6 0f 85 d0 fe ff ff 8b 83 08 01
0x0000772aa6f72ed6:   00 00 0f 1f 84 00 00 00 00 00 48 8d 05 69 d4 7b
0x0000772aa6f72ee6:   00 4c 8d 2d 1a b8 75 00 c7 45 c0 04 00 00 00 4c
0x0000772aa6f72ef6:   89 75 b0 48 8b 00 41 80 7d 00 00 48 89 5d c8 48
0x0000772aa6f72f06:   89 45 b8 74 55 48 8d 05 8e 9f 75 00 41 8b 52 08
0x0000772aa6f72f16:   8b 48 08 48 d3 e2 48 03 10 48 63 42 0c 83 f8 06
0x0000772aa6f72f26:   74 45 48 8b bd 18 ff ff ff 4c 89 d6 41 ff 14 c7
0x0000772aa6f72f36:   8b 93 88 00 00 00 8b 8b 08 01 00 00 89 d0 29 c8
0x0000772aa6f72f46:   a9 ff ff 01 00 0f 85 f7 fd ff ff e9 60 fe ff ff
0x0000772aa6f72f56:   66 2e 0f 1f 84 00 00 00 00 00 49 8b 52 08 48 63
0x0000772aa6f72f66:   42 0c 83 f8 06 75 bb 48 8b ba 98 00 00 00 48 8b
0x0000772aa6f72f76:   b5 18 ff ff ff 31 c9 ba 04 00 00 00 4c 89 95 10
0x0000772aa6f72f86:   ff ff ff e8 c2 a8 8a ff 41 80 7d 00 01 48 8d 05
0x0000772aa6f72f96:   cb b3 79 00 48 19 c9 4c 8b 95 10 ff ff ff 83 e1
0x0000772aa6f72fa6:   08 80 38 00 0f 84 90 03 00 00 41 80 7d 00 01 4d
0x0000772aa6f72fb6:   8d 44 0a 10 48 19 c0 83 e0 04 49 63 54 02 0c b8
0x0000772aa6f72fc6:   00 08 00 00 48 39 c2 48 0f 46 c2 4d 8d 1c 80 48
0x0000772aa6f72fd6:   39 d0 0f 82 3a 0d 00 00 41 ba 01 00 00 00 4d 39
0x0000772aa6f72fe6:   d8 72 14 e9 48 ff ff ff 66 90 49 83 c0 04 4d 39
0x0000772aa6f72ff6:   d8 0f 83 39 ff ff ff 45 8b 20 45 85 e4 74 eb 48
0x0000772aa6f73006:   8d 05 a4 9e 75 00 48 8b 15 55 d1 7b 00 8b 48 08
0x0000772aa6f73016:   49 d3 e4 4c 03 20 4c 89 e1 48 2b 0a 48 89 c8 48
0x0000772aa6f73026:   8d 0d 7c a9 75 00 48 c1 e8 03 8b 09 48 d3 e8 48


Stack slot to memory mapping:

stack at sp + 0 slots: 0x0 is null
stack at sp + 1 slots: 0x0000772aa0071808 points into unknown readable memory: 0x00000730000002a5 | a5 02 00 00 30 07 00 00
stack at sp + 2 slots: 0x000000008021617c is pointing into object: [Ljava.util.HashMap$Node; 
{0x0000000080214170} - klass: 'java/util/HashMap$Node'[]
 - length: 2048
stack at sp + 3 slots: 0x000000008021617c is pointing into object: [Ljava.util.HashMap$Node; 
{0x0000000080214170} - klass: 'java/util/HashMap$Node'[]
 - length: 2048
stack at sp + 4 slots: 0x000000008022fc70 is an oop: [Ljava.util.HashMap$Node; 
{0x000000008022fc70} - klass: 'java/util/HashMap$Node'[]
 - length: 4
stack at sp + 5 slots: 0x0000772aa5827b80 points into unknown readable memory: 0x0000772aa760ab60 | 60 ab 60 a7 2a 77 00 00
stack at sp + 6 slots: 0x0000772aa5827b20 points into unknown readable memory: 0x0000000000000000 | 00 00 00 00 00 00 00 00
stack at sp + 7 slots: 0x0000772aa6f7a345: <offset 0x0000000000d7a345> in /usr/lib/jvm/java-21-openjdk-amd64/lib/server/libjvm.so at 0x0000772aa6200000


---------------  P R O C E S S  ---------------

Threads class SMR info:
_java_thread_list=0x00007729d8003a80, length=29, elements={
0x0000772aa0018d80, 0x0000772aa00e06e0, 0x0000772aa00e1c30, 0x0000772aa00e33b0,
0x0000772aa00e49d0, 0x0000772aa00e5f50, 0x0000772aa00e7a70, 0x0000772aa00e9110,
0x0000772aa0168010, 0x0000772aa023e070, 0x0000772aa03add20, 0x0000772aa03fd030,
0x0000772aa03ff1a0, 0x0000772aa050e7f0, 0x0000772a04007180, 0x00007729e40019e0,
0x0000772a0419d030, 0x0000772a0419e300, 0x00007729ec022cb0, 0x00007729ec337bf0,
0x00007729ec407240, 0x00007729ec414a60, 0x0000772aa01e2e90, 0x0000772aa07024c0,
0x0000772aa07032e0, 0x0000772a181658c0, 0x00007729c82cb3a0, 0x00007729c82cc770,
0x00007729cc002530
}

Java Threads: ( => current thread )
  0x0000772aa0018d80 JavaThread "main"                              [_thread_blocked, id=3193, stack(0x0000772aa6100000,0x0000772aa6200000) (1024K)]
  0x0000772aa00e06e0 JavaThread "Reference Handler"          daemon [_thread_blocked, id=3210, stack(0x0000772aa4071000,0x0000772aa4171000) (1024K)]
  0x0000772aa00e1c30 JavaThread "Finalizer"                  daemon [_thread_blocked, id=3211, stack(0x0000772a9ff00000,0x0000772aa0000000) (1024K)]
  0x0000772aa00e33b0 JavaThread "Signal Dispatcher"          daemon [_thread_blocked, id=3214, stack(0x0000772a88700000,0x0000772a88800000) (1024K)]
  0x0000772aa00e49d0 JavaThread "Service Thread"             daemon [_thread_blocked, id=3215, stack(0x0000772a88600000,0x0000772a88700000) (1024K)]
  0x0000772aa00e5f50 JavaThread "Monitor Deflation Thread"   daemon [_thread_blocked, id=3216, stack(0x0000772a88500000,0x0000772a88600000) (1024K)]
  0x0000772aa00e7a70 JavaThread "C2 CompilerThread0"         daemon [_thread_blocked, id=3218, stack(0x0000772a88400000,0x0000772a88500000) (1024K)]
  0x0000772aa00e9110 JavaThread "C1 CompilerThread0"         daemon [_thread_blocked, id=3221, stack(0x0000772a88300000,0x0000772a88400000) (1024K)]
  0x0000772aa0168010 JavaThread "Common-Cleaner"             daemon [_thread_blocked, id=3225, stack(0x0000772a8812f000,0x0000772a8822f000) (1024K)]
  0x0000772aa023e070 JavaThread "Notification Thread"        daemon [_thread_blocked, id=3227, stack(0x0000772a8802f000,0x0000772a8812f000) (1024K)]
  0x0000772aa03add20 JavaThread "Active Thread: Equinox Container: c3741919-8db8-4eb1-9a74-842e908a2da7"        [_thread_blocked, id=3238, stack(0x0000772a3e2fd000,0x0000772a3e3fd000) (1024K)]
  0x0000772aa03fd030 JavaThread "Framework Event Dispatcher: Equinox Container: c3741919-8db8-4eb1-9a74-842e908a2da7" daemon [_thread_blocked, id=3240, stack(0x0000772a3e1fd000,0x0000772a3e2fd000) (1024K)]
  0x0000772aa03ff1a0 JavaThread "Start Level: Equinox Container: c3741919-8db8-4eb1-9a74-842e908a2da7" daemon [_thread_blocked, id=3241, stack(0x0000772a3e0fd000,0x0000772a3e1fd000) (1024K)]
  0x0000772aa050e7f0 JavaThread "Refresh Thread: Equinox Container: c3741919-8db8-4eb1-9a74-842e908a2da7" daemon [_thread_blocked, id=3246, stack(0x0000772a3e700000,0x0000772a3e800000) (1024K)]
  0x0000772a04007180 JavaThread "Equinox resolver thread - Equinox Container: c3741919-8db8-4eb1-9a74-842e908a2da7" daemon [_thread_blocked, id=3249, stack(0x0000772a3defd000,0x0000772a3dffd000) (1024K)]
  0x00007729e40019e0 JavaThread "Equinox resolver thread - Equinox Container: c3741919-8db8-4eb1-9a74-842e908a2da7" daemon [_thread_blocked, id=3250, stack(0x0000772a3ddfd000,0x0000772a3defd000) (1024K)]
  0x0000772a0419d030 JavaThread "Equinox resolver thread - Equinox Container: c3741919-8db8-4eb1-9a74-842e908a2da7" daemon [_thread_blocked, id=3251, stack(0x0000772a3dcfd000,0x0000772a3ddfd000) (1024K)]
  0x0000772a0419e300 JavaThread "Equinox resolver thread - Equinox Container: c3741919-8db8-4eb1-9a74-842e908a2da7" daemon [_thread_blocked, id=3252, stack(0x0000772a3dbfd000,0x0000772a3dcfd000) (1024K)]
  0x00007729ec022cb0 JavaThread "SCR Component Actor"        daemon [_thread_blocked, id=3254, stack(0x0000772a3dafd000,0x0000772a3dbfd000) (1024K)]
  0x00007729ec337bf0 JavaThread "Worker-JM"                         [_thread_blocked, id=3257, stack(0x0000772a3d9fd000,0x0000772a3dafd000) (1024K)]
  0x00007729ec407240 JavaThread "Worker-0: Building"                [_thread_blocked, id=3258, stack(0x0000772a3dffd000,0x0000772a3e0fd000) (1024K)]
  0x00007729ec414a60 JavaThread "Worker-1"                          [_thread_blocked, id=3259, stack(0x0000772a3d8fd000,0x0000772a3d9fd000) (1024K)]
  0x0000772aa01e2e90 JavaThread "pool-2-thread-1"                   [_thread_blocked, id=3273, stack(0x0000772a3d7fd000,0x0000772a3d8fd000) (1024K)]
  0x0000772aa07024c0 JavaThread "WorkspaceEventsHandler"            [_thread_blocked, id=3274, stack(0x0000772a3d6fd000,0x0000772a3d7fd000) (1024K)]
  0x0000772aa07032e0 JavaThread "pool-1-thread-1"                   [_thread_blocked, id=3275, stack(0x0000772a3d5fd000,0x0000772a3d6fd000) (1024K)]
  0x0000772a181658c0 JavaThread "C2 CompilerThread1"         daemon [_thread_blocked, id=3280, stack(0x0000772a3d4fd000,0x0000772a3d5fd000) (1024K)]
  0x00007729c82cb3a0 JavaThread "ForkJoinPool.commonPool-worker-1" daemon [_thread_blocked, id=3281, stack(0x0000772a3d3fd000,0x0000772a3d4fd000) (1024K)]
  0x00007729c82cc770 JavaThread "ForkJoinPool.commonPool-worker-2" daemon [_thread_blocked, id=3282, stack(0x0000772a3d2fd000,0x0000772a3d3fd000) (1024K)]
  0x00007729cc002530 JavaThread "Worker-2"                          [_thread_blocked, id=3283, stack(0x0000772a3d1fd000,0x0000772a3d2fd000) (1024K)]
Total: 29

Other Threads:
  0x0000772aa00d6270 VMThread "VM Thread"                           [id=3209, stack(0x0000772aa4172000,0x0000772aa4272000) (1024K)]
  0x0000772aa00407c0 WatcherThread "VM Periodic Task Thread"        [id=3207, stack(0x0000772aa4e7f000,0x0000772aa4f7f000) (1024K)]
=>0x0000772aa00318c0 WorkerThread "GC Thread#0"                     [id=3201, stack(0x0000772aa5729000,0x0000772aa5829000) (1024K)]
  0x0000772a2c000f70 WorkerThread "GC Thread#1"                     [id=3231, stack(0x0000772a3e600000,0x0000772a3e700000) (1024K)]
  0x0000772a2c002dc0 WorkerThread "GC Thread#2"                     [id=3232, stack(0x0000772a3e4ff000,0x0000772a3e5ff000) (1024K)]
  0x0000772a2c0038c0 WorkerThread "GC Thread#3"                     [id=3233, stack(0x0000772a3e3fe000,0x0000772a3e4fe000) (1024K)]
Total: 6

Threads with active compile tasks:
C2 CompilerThread0  15855 4341   !   4       org.eclipse.osgi.internal.loader.classpath.ClasspathManager::findLocalClass (210 bytes)
Total: 1

VM state: at safepoint (normal execution)

VM Mutex/Monitor currently owned by a thread:  ([mutex/lock_event])
[0x0000772aa7729ed8] Threads_lock - owner thread: 0x0000772aa00d6270
[0x0000772aa7729dd8] Heap_lock - owner thread: 0x00007729c82cb3a0

Heap address: 0x0000000080000000, size: 2048 MB, Compressed Oops mode: 32-bit

CDS archive(s) mapped at: [0x0000772a3f000000-0x0000772a3fc9c000-0x0000772a3fc9c000), size 13221888, SharedBaseAddress: 0x0000772a3f000000, ArchiveRelocationMode: 1.
Compressed class space mapped at: 0x0000772a40000000-0x0000772a80000000, reserved size: 1073741824
Narrow klass base: 0x0000772a3f000000, Narrow klass shift: 0, Narrow klass range: 0x100000000

GC Precious Log:
 CardTable entry size: 512
 CPUs: 4 total, 4 available
 Memory: 7820M
 Large Page Support: Disabled
 NUMA Support: Disabled
 Compressed Oops: Enabled (32-bit)
 Alignments: Space 512K, Generation 512K, Heap 2M
 Heap Min Capacity: 100M
 Heap Initial Capacity: 100M
 Heap Max Capacity: 2G
 Pre-touch: Disabled
 Parallel Workers: 4

Heap:
 PSYoungGen      total 23040K, used 905K [0x00000000d5580000, 0x00000000d7200000, 0x0000000100000000)
  eden space 22016K, 0% used [0x00000000d5580000,0x00000000d5580000,0x00000000d6b00000)
  from space 1024K, 88% used [0x00000000d6b00000,0x00000000d6be2410,0x00000000d6c00000)
  to   space 3072K, 0% used [0x00000000d6f00000,0x00000000d6f00000,0x00000000d7200000)
 ParOldGen       total 68608K, used 17331K [0x0000000080000000, 0x0000000084300000, 0x00000000d5580000)
  object space 68608K, 25% used [0x0000000080000000,0x00000000810ecc50,0x0000000084300000)
 Metaspace       used 34968K, committed 35840K, reserved 1114112K
  class space    used 3437K, committed 3840K, reserved 1048576K

Card table byte_map: [0x0000772aa5829000,0x0000772aa5c2a000] _byte_map_base: 0x0000772aa5429000

Marking Bits: (ParMarkBitMap*) 0x0000772aa77301e0
 Begin Bits: [0x0000772a80000000, 0x0000772a82000000)
 End Bits:   [0x0000772a82000000, 0x0000772a84000000)

Polling page: 0x0000772aa7baa000

Metaspace:

Usage:
  Non-class:     30,79 MB used.
      Class:      3,36 MB used.
       Both:     34,15 MB used.

Virtual space:
  Non-class space:       64,00 MB reserved,      31,25 MB ( 49%) committed,  1 nodes.
      Class space:        1,00 GB reserved,       3,75 MB ( <1%) committed,  1 nodes.
             Both:        1,06 GB reserved,      35,00 MB (  3%) committed. 

Chunk freelists:
   Non-Class:  644,00 KB
       Class:  12,23 MB
        Both:  12,86 MB

MaxMetaspaceSize: unlimited
CompressedClassSpaceSize: 1,00 GB
Initial GC threshold: 21,00 MB
Current GC threshold: 35,00 MB
CDS: on
 - commit_granule_bytes: 65536.
 - commit_granule_words: 8192.
 - virtual_space_node_default_size: 8388608.
 - enlarge_chunks_in_place: 1.
 - use_allocation_guard: 0.


Internal statistics:

num_allocs_failed_limit: 6.
num_arena_births: 550.
num_arena_deaths: 14.
num_vsnodes_births: 2.
num_vsnodes_deaths: 0.
num_space_committed: 560.
num_space_uncommitted: 0.
num_chunks_returned_to_freelist: 20.
num_chunks_taken_from_freelist: 1882.
num_chunk_merges: 12.
num_chunk_splits: 1252.
num_chunks_enlarged: 829.
num_inconsistent_stats: 0.

CodeHeap 'non-profiled nmethods': size=120032Kb used=2072Kb max_used=2072Kb free=117960Kb
 bounds [0x0000772a902c8000, 0x0000772a90538000, 0x0000772a97800000]
CodeHeap 'profiled nmethods': size=120028Kb used=8897Kb max_used=8897Kb free=111130Kb
 bounds [0x0000772a88800000, 0x0000772a890c0000, 0x0000772a8fd37000]
CodeHeap 'non-nmethods': size=5700Kb used=1343Kb max_used=1386Kb free=4356Kb
 bounds [0x0000772a8fd37000, 0x0000772a8ffa7000, 0x0000772a902c8000]
CodeCache: size=245760Kb, used=12312Kb, max_used=12355Kb, free=233446Kb
 total_blobs=4991, nmethods=4339, adapters=559, full_count=0
Compilation: enabled, stopped_count=0, restarted_count=0

Compilation events (20 events):
Event: 15,590 Thread 0x0000772aa00e9110 nmethod 4336 0x0000772a890ae710 code [0x0000772a890ae8c0, 0x0000772a890aeac0]
Event: 15,592 Thread 0x0000772a181658c0 nmethod 4333 0x0000772a904c8d10 code [0x0000772a904c8f00, 0x0000772a904c9430]
Event: 15,592 Thread 0x0000772a181658c0 4332       4       org.eclipse.jdt.internal.compiler.util.HashtableOfInt::put (95 bytes)
Event: 15,598 Thread 0x0000772a181658c0 nmethod 4332 0x0000772a904c9990 code [0x0000772a904c9b60, 0x0000772a904c9eb8]
Event: 15,598 Thread 0x0000772a181658c0 4328       4       java.lang.Integer::parseInt (7 bytes)
Event: 15,605 Thread 0x0000772a181658c0 nmethod 4328 0x0000772a904ca190 code [0x0000772a904ca380, 0x0000772a904ca800]
Event: 15,605 Thread 0x0000772a181658c0 4338       4       org.eclipse.jdt.internal.compiler.problem.DefaultProblemFactory::keyFromID (4 bytes)
Event: 15,606 Thread 0x0000772a181658c0 nmethod 4338 0x0000772a904cad10 code [0x0000772a904cae80, 0x0000772a904caef0]
Event: 15,612 Thread 0x0000772a181658c0 4339       4       org.eclipse.osgi.internal.debug.Debug::loaderWithClass (40 bytes)
Event: 15,617 Thread 0x0000772aa00e7a70 nmethod 4322 0x0000772a904cb010 code [0x0000772a904cb240, 0x0000772a904cc548]
Event: 15,617 Thread 0x0000772aa00e9110 4340       3       java.util.Properties::load0 (249 bytes)
Event: 15,618 Thread 0x0000772aa00e9110 nmethod 4340 0x0000772a890aeb90 code [0x0000772a890aede0, 0x0000772a890af738]
Event: 15,620 Thread 0x0000772aa00e7a70 4341   !   4       org.eclipse.osgi.internal.loader.classpath.ClasspathManager::findLocalClass (210 bytes)
Event: 15,625 Thread 0x0000772a181658c0 nmethod 4339 0x0000772a904ccf90 code [0x0000772a904cd160, 0x0000772a904cd830]
Event: 15,648 Thread 0x0000772aa00e9110 4342       3       java.util.concurrent.ConcurrentHashMap::<init> (73 bytes)
Event: 15,649 Thread 0x0000772aa00e9110 nmethod 4342 0x0000772a890afa90 code [0x0000772a890afca0, 0x0000772a890b01d0]
Event: 15,652 Thread 0x0000772aa00e9110 4344       3       org.eclipse.jdt.core.compiler.CharOperation::isWhitespace (23 bytes)
Event: 15,652 Thread 0x0000772aa00e9110 nmethod 4344 0x0000772a890b0390 code [0x0000772a890b0540, 0x0000772a890b06f0]
Event: 15,652 Thread 0x0000772aa00e9110 4343       1       org.eclipse.jdt.internal.compiler.parser.Parser::restartRecovery (5 bytes)
Event: 15,652 Thread 0x0000772aa00e9110 nmethod 4343 0x0000772a904cdd10 code [0x0000772a904cdea0, 0x0000772a904cdf68]

GC Heap History (20 events):
Event: 7,214 GC heap after
{Heap after GC invocations=3 (full 0):
 PSYoungGen      total 29696K, used 4071K [0x00000000d5580000, 0x00000000d7680000, 0x0000000100000000)
  eden space 25600K, 0% used [0x00000000d5580000,0x00000000d5580000,0x00000000d6e80000)
  from space 4096K, 99% used [0x00000000d6e80000,0x00000000d7279f48,0x00000000d7280000)
  to   space 4096K, 0% used [0x00000000d7280000,0x00000000d7280000,0x00000000d7680000)
 ParOldGen       total 68608K, used 4239K [0x0000000080000000, 0x0000000084300000, 0x00000000d5580000)
  object space 68608K, 6% used [0x0000000080000000,0x0000000080423d60,0x0000000084300000)
 Metaspace       used 9240K, committed 9472K, reserved 1114112K
  class space    used 917K, committed 1024K, reserved 1048576K
}
Event: 8,908 GC heap before
{Heap before GC invocations=4 (full 0):
 PSYoungGen      total 29696K, used 29671K [0x00000000d5580000, 0x00000000d7680000, 0x0000000100000000)
  eden space 25600K, 100% used [0x00000000d5580000,0x00000000d6e80000,0x00000000d6e80000)
  from space 4096K, 99% used [0x00000000d6e80000,0x00000000d7279f48,0x00000000d7280000)
  to   space 4096K, 0% used [0x00000000d7280000,0x00000000d7280000,0x00000000d7680000)
 ParOldGen       total 68608K, used 4239K [0x0000000080000000, 0x0000000084300000, 0x00000000d5580000)
  object space 68608K, 6% used [0x0000000080000000,0x0000000080423d60,0x0000000084300000)
 Metaspace       used 13582K, committed 14080K, reserved 1114112K
  class space    used 1363K, committed 1600K, reserved 1048576K
}
Event: 8,918 GC heap after
{Heap after GC invocations=4 (full 0):
 PSYoungGen      total 29696K, used 4064K [0x00000000d5580000, 0x00000000d7680000, 0x0000000100000000)
  eden space 25600K, 0% used [0x00000000d5580000,0x00000000d5580000,0x00000000d6e80000)
  from space 4096K, 99% used [0x00000000d7280000,0x00000000d7678398,0x00000000d7680000)
  to   space 4096K, 0% used [0x00000000d6e80000,0x00000000d6e80000,0x00000000d7280000)
 ParOldGen       total 68608K, used 5488K [0x0000000080000000, 0x0000000084300000, 0x00000000d5580000)
  object space 68608K, 8% used [0x0000000080000000,0x000000008055c2c0,0x0000000084300000)
 Metaspace       used 13582K, committed 14080K, reserved 1114112K
  class space    used 1363K, committed 1600K, reserved 1048576K
}
Event: 10,222 GC heap before
{Heap before GC invocations=5 (full 0):
 PSYoungGen      total 29696K, used 29664K [0x00000000d5580000, 0x00000000d7680000, 0x0000000100000000)
  eden space 25600K, 100% used [0x00000000d5580000,0x00000000d6e80000,0x00000000d6e80000)
  from space 4096K, 99% used [0x00000000d7280000,0x00000000d7678398,0x00000000d7680000)
  to   space 4096K, 0% used [0x00000000d6e80000,0x00000000d6e80000,0x00000000d7280000)
 ParOldGen       total 68608K, used 5488K [0x0000000080000000, 0x0000000084300000, 0x00000000d5580000)
  object space 68608K, 8% used [0x0000000080000000,0x000000008055c2c0,0x0000000084300000)
 Metaspace       used 17770K, committed 18432K, reserved 1114112K
  class space    used 1766K, committed 2048K, reserved 1048576K
}
Event: 10,240 GC heap after
{Heap after GC invocations=5 (full 0):
 PSYoungGen      total 29184K, used 4076K [0x00000000d5580000, 0x00000000d7c00000, 0x0000000100000000)
  eden space 25088K, 0% used [0x00000000d5580000,0x00000000d5580000,0x00000000d6e00000)
  from space 4096K, 99% used [0x00000000d6e80000,0x00000000d727b1c0,0x00000000d7280000)
  to   space 7168K, 0% used [0x00000000d7500000,0x00000000d7500000,0x00000000d7c00000)
 ParOldGen       total 68608K, used 8177K [0x0000000080000000, 0x0000000084300000, 0x00000000d5580000)
  object space 68608K, 11% used [0x0000000080000000,0x00000000807fc610,0x0000000084300000)
 Metaspace       used 17770K, committed 18432K, reserved 1114112K
  class space    used 1766K, committed 2048K, reserved 1048576K
}
Event: 10,966 GC heap before
{Heap before GC invocations=6 (full 0):
 PSYoungGen      total 29184K, used 26986K [0x00000000d5580000, 0x00000000d7c00000, 0x0000000100000000)
  eden space 25088K, 91% used [0x00000000d5580000,0x00000000d6bdf930,0x00000000d6e00000)
  from space 4096K, 99% used [0x00000000d6e80000,0x00000000d727b1c0,0x00000000d7280000)
  to   space 7168K, 0% used [0x00000000d7500000,0x00000000d7500000,0x00000000d7c00000)
 ParOldGen       total 68608K, used 8177K [0x0000000080000000, 0x0000000084300000, 0x00000000d5580000)
  object space 68608K, 11% used [0x0000000080000000,0x00000000807fc610,0x0000000084300000)
 Metaspace       used 20937K, committed 21504K, reserved 1114112K
  class space    used 1986K, committed 2240K, reserved 1048576K
}
Event: 10,978 GC heap after
{Heap after GC invocations=6 (full 0):
 PSYoungGen      total 29696K, used 4588K [0x00000000d5580000, 0x00000000d7980000, 0x0000000100000000)
  eden space 25088K, 0% used [0x00000000d5580000,0x00000000d5580000,0x00000000d6e00000)
  from space 4608K, 99% used [0x00000000d7500000,0x00000000d797b1c0,0x00000000d7980000)
  to   space 5632K, 0% used [0x00000000d6e80000,0x00000000d6e80000,0x00000000d7400000)
 ParOldGen       total 68608K, used 8177K [0x0000000080000000, 0x0000000084300000, 0x00000000d5580000)
  object space 68608K, 11% used [0x0000000080000000,0x00000000807fc610,0x0000000084300000)
 Metaspace       used 20937K, committed 21504K, reserved 1114112K
  class space    used 1986K, committed 2240K, reserved 1048576K
}
Event: 10,978 GC heap before
{Heap before GC invocations=7 (full 1):
 PSYoungGen      total 29696K, used 4588K [0x00000000d5580000, 0x00000000d7980000, 0x0000000100000000)
  eden space 25088K, 0% used [0x00000000d5580000,0x00000000d5580000,0x00000000d6e00000)
  from space 4608K, 99% used [0x00000000d7500000,0x00000000d797b1c0,0x00000000d7980000)
  to   space 5632K, 0% used [0x00000000d6e80000,0x00000000d6e80000,0x00000000d7400000)
 ParOldGen       total 68608K, used 8177K [0x0000000080000000, 0x0000000084300000, 0x00000000d5580000)
  object space 68608K, 11% used [0x0000000080000000,0x00000000807fc610,0x0000000084300000)
 Metaspace       used 20937K, committed 21504K, reserved 1114112K
  class space    used 1986K, committed 2240K, reserved 1048576K
}
Event: 11,054 GC heap after
{Heap after GC invocations=7 (full 1):
 PSYoungGen      total 29696K, used 0K [0x00000000d5580000, 0x00000000d7980000, 0x0000000100000000)
  eden space 25088K, 0% used [0x00000000d5580000,0x00000000d5580000,0x00000000d6e00000)
  from space 4608K, 0% used [0x00000000d7500000,0x00000000d7500000,0x00000000d7980000)
  to   space 5632K, 0% used [0x00000000d6e80000,0x00000000d6e80000,0x00000000d7400000)
 ParOldGen       total 68608K, used 10547K [0x0000000080000000, 0x0000000084300000, 0x00000000d5580000)
  object space 68608K, 15% used [0x0000000080000000,0x0000000080a4cf50,0x0000000084300000)
 Metaspace       used 20924K, committed 21504K, reserved 1114112K
  class space    used 1983K, committed 2240K, reserved 1048576K
}
Event: 11,333 GC heap before
{Heap before GC invocations=8 (full 1):
 PSYoungGen      total 29696K, used 25088K [0x00000000d5580000, 0x00000000d7980000, 0x0000000100000000)
  eden space 25088K, 100% used [0x00000000d5580000,0x00000000d6e00000,0x00000000d6e00000)
  from space 4608K, 0% used [0x00000000d7500000,0x00000000d7500000,0x00000000d7980000)
  to   space 5632K, 0% used [0x00000000d6e80000,0x00000000d6e80000,0x00000000d7400000)
 ParOldGen       total 68608K, used 10547K [0x0000000080000000, 0x0000000084300000, 0x00000000d5580000)
  object space 68608K, 15% used [0x0000000080000000,0x0000000080a4cf50,0x0000000084300000)
 Metaspace       used 22577K, committed 23232K, reserved 1114112K
  class space    used 2104K, committed 2368K, reserved 1048576K
}
Event: 11,337 GC heap after
{Heap after GC invocations=8 (full 1):
 PSYoungGen      total 27136K, used 2074K [0x00000000d5580000, 0x00000000d7580000, 0x0000000100000000)
  eden space 24576K, 0% used [0x00000000d5580000,0x00000000d5580000,0x00000000d6d80000)
  from space 2560K, 81% used [0x00000000d6e80000,0x00000000d7086b10,0x00000000d7100000)
  to   space 3584K, 0% used [0x00000000d7200000,0x00000000d7200000,0x00000000d7580000)
 ParOldGen       total 68608K, used 10555K [0x0000000080000000, 0x0000000084300000, 0x00000000d5580000)
  object space 68608K, 15% used [0x0000000080000000,0x0000000080a4ef50,0x0000000084300000)
 Metaspace       used 22577K, committed 23232K, reserved 1114112K
  class space    used 2104K, committed 2368K, reserved 1048576K
}
Event: 13,080 GC heap before
{Heap before GC invocations=9 (full 1):
 PSYoungGen      total 27136K, used 26650K [0x00000000d5580000, 0x00000000d7580000, 0x0000000100000000)
  eden space 24576K, 100% used [0x00000000d5580000,0x00000000d6d80000,0x00000000d6d80000)
  from space 2560K, 81% used [0x00000000d6e80000,0x00000000d7086b10,0x00000000d7100000)
  to   space 3584K, 0% used [0x00000000d7200000,0x00000000d7200000,0x00000000d7580000)
 ParOldGen       total 68608K, used 10555K [0x0000000080000000, 0x0000000084300000, 0x00000000d5580000)
  object space 68608K, 15% used [0x0000000080000000,0x0000000080a4ef50,0x0000000084300000)
 Metaspace       used 27058K, committed 27776K, reserved 1114112K
  class space    used 2549K, committed 2880K, reserved 1048576K
}
Event: 13,084 GC heap after
{Heap after GC invocations=9 (full 1):
 PSYoungGen      total 27648K, used 3576K [0x00000000d5580000, 0x00000000d7580000, 0x0000000100000000)
  eden space 24064K, 0% used [0x00000000d5580000,0x00000000d5580000,0x00000000d6d00000)
  from space 3584K, 99% used [0x00000000d7200000,0x00000000d757e2c0,0x00000000d7580000)
  to   space 4096K, 0% used [0x00000000d6d80000,0x00000000d6d80000,0x00000000d7180000)
 ParOldGen       total 68608K, used 10611K [0x0000000080000000, 0x0000000084300000, 0x00000000d5580000)
  object space 68608K, 15% used [0x0000000080000000,0x0000000080a5cf50,0x0000000084300000)
 Metaspace       used 27058K, committed 27776K, reserved 1114112K
  class space    used 2549K, committed 2880K, reserved 1048576K
}
Event: 14,197 GC heap before
{Heap before GC invocations=10 (full 1):
 PSYoungGen      total 27648K, used 27640K [0x00000000d5580000, 0x00000000d7580000, 0x0000000100000000)
  eden space 24064K, 100% used [0x00000000d5580000,0x00000000d6d00000,0x00000000d6d00000)
  from space 3584K, 99% used [0x00000000d7200000,0x00000000d757e2c0,0x00000000d7580000)
  to   space 4096K, 0% used [0x00000000d6d80000,0x00000000d6d80000,0x00000000d7180000)
 ParOldGen       total 68608K, used 10611K [0x0000000080000000, 0x0000000084300000, 0x00000000d5580000)
  object space 68608K, 15% used [0x0000000080000000,0x0000000080a5cf50,0x0000000084300000)
 Metaspace       used 30074K, committed 30848K, reserved 1114112K
  class space    used 2909K, committed 3264K, reserved 1048576K
}
Event: 14,209 GC heap after
{Heap after GC invocations=10 (full 1):
 PSYoungGen      total 27648K, used 3915K [0x00000000d5580000, 0x00000000d7480000, 0x0000000100000000)
  eden space 23552K, 0% used [0x00000000d5580000,0x00000000d5580000,0x00000000d6c80000)
  from space 4096K, 95% used [0x00000000d6d80000,0x00000000d7152db0,0x00000000d7180000)
  to   space 3072K, 0% used [0x00000000d7180000,0x00000000d7180000,0x00000000d7480000)
 ParOldGen       total 68608K, used 11393K [0x0000000080000000, 0x0000000084300000, 0x00000000d5580000)
  object space 68608K, 16% used [0x0000000080000000,0x0000000080b20460,0x0000000084300000)
 Metaspace       used 30074K, committed 30848K, reserved 1114112K
  class space    used 2909K, committed 3264K, reserved 1048576K
}
Event: 15,275 GC heap before
{Heap before GC invocations=11 (full 1):
 PSYoungGen      total 27648K, used 27465K [0x00000000d5580000, 0x00000000d7480000, 0x0000000100000000)
  eden space 23552K, 99% used [0x00000000d5580000,0x00000000d6c7f810,0x00000000d6c80000)
  from space 4096K, 95% used [0x00000000d6d80000,0x00000000d7152db0,0x00000000d7180000)
  to   space 3072K, 0% used [0x00000000d7180000,0x00000000d7180000,0x00000000d7480000)
 ParOldGen       total 68608K, used 11393K [0x0000000080000000, 0x0000000084300000, 0x00000000d5580000)
  object space 68608K, 16% used [0x0000000080000000,0x0000000080b20460,0x0000000084300000)
 Metaspace       used 33497K, committed 34304K, reserved 1114112K
  class space    used 3270K, committed 3648K, reserved 1048576K
}
Event: 15,287 GC heap after
{Heap after GC invocations=11 (full 1):
 PSYoungGen      total 25088K, used 3061K [0x00000000d5580000, 0x00000000d7900000, 0x0000000100000000)
  eden space 22016K, 0% used [0x00000000d5580000,0x00000000d5580000,0x00000000d6b00000)
  from space 3072K, 99% used [0x00000000d7180000,0x00000000d747d7e0,0x00000000d7480000)
  to   space 6656K, 0% used [0x00000000d6b00000,0x00000000d6b00000,0x00000000d7180000)
 ParOldGen       total 68608K, used 14353K [0x0000000080000000, 0x0000000084300000, 0x00000000d5580000)
  object space 68608K, 20% used [0x0000000080000000,0x0000000080e04448,0x0000000084300000)
 Metaspace       used 33497K, committed 34304K, reserved 1114112K
  class space    used 3270K, committed 3648K, reserved 1048576K
}
Event: 15,653 GC heap before
{Heap before GC invocations=12 (full 1):
 PSYoungGen      total 25088K, used 13064K [0x00000000d5580000, 0x00000000d7900000, 0x0000000100000000)
  eden space 22016K, 45% used [0x00000000d5580000,0x00000000d5f44a00,0x00000000d6b00000)
  from space 3072K, 99% used [0x00000000d7180000,0x00000000d747d7e0,0x00000000d7480000)
  to   space 6656K, 0% used [0x00000000d6b00000,0x00000000d6b00000,0x00000000d7180000)
 ParOldGen       total 68608K, used 14353K [0x0000000080000000, 0x0000000084300000, 0x00000000d5580000)
  object space 68608K, 20% used [0x0000000080000000,0x0000000080e04448,0x0000000084300000)
 Metaspace       used 34968K, committed 35840K, reserved 1114112K
  class space    used 3437K, committed 3840K, reserved 1048576K
}
Event: 15,668 GC heap after
{Heap after GC invocations=12 (full 1):
 PSYoungGen      total 23040K, used 905K [0x00000000d5580000, 0x00000000d7200000, 0x0000000100000000)
  eden space 22016K, 0% used [0x00000000d5580000,0x00000000d5580000,0x00000000d6b00000)
  from space 1024K, 88% used [0x00000000d6b00000,0x00000000d6be2410,0x00000000d6c00000)
  to   space 3072K, 0% used [0x00000000d6f00000,0x00000000d6f00000,0x00000000d7200000)
 ParOldGen       total 68608K, used 17331K [0x0000000080000000, 0x0000000084300000, 0x00000000d5580000)
  object space 68608K, 25% used [0x0000000080000000,0x00000000810ecc50,0x0000000084300000)
 Metaspace       used 34968K, committed 35840K, reserved 1114112K
  class space    used 3437K, committed 3840K, reserved 1048576K
}
Event: 15,668 GC heap before
{Heap before GC invocations=13 (full 2):
 PSYoungGen      total 23040K, used 905K [0x00000000d5580000, 0x00000000d7200000, 0x0000000100000000)
  eden space 22016K, 0% used [0x00000000d5580000,0x00000000d5580000,0x00000000d6b00000)
  from space 1024K, 88% used [0x00000000d6b00000,0x00000000d6be2410,0x00000000d6c00000)
  to   space 3072K, 0% used [0x00000000d6f00000,0x00000000d6f00000,0x00000000d7200000)
 ParOldGen       total 68608K, used 17331K [0x0000000080000000, 0x0000000084300000, 0x00000000d5580000)
  object space 68608K, 25% used [0x0000000080000000,0x00000000810ecc50,0x0000000084300000)
 Metaspace       used 34968K, committed 35840K, reserved 1114112K
  class space    used 3437K, committed 3840K, reserved 1048576K
}

Dll operation events (12 events):
Event: 1,201 Loaded shared library /usr/lib/jvm/java-21-openjdk-amd64/lib/libjava.so
Event: 1,757 Loaded shared library /usr/lib/jvm/java-21-openjdk-amd64/lib/libjsvml.so
Event: 1,861 Loaded shared library /usr/lib/jvm/java-21-openjdk-amd64/lib/libzip.so
Event: 1,924 Loaded shared library /usr/lib/jvm/java-21-openjdk-amd64/lib/libinstrument.so
Event: 1,954 Loaded shared library /usr/lib/jvm/java-21-openjdk-amd64/lib/libnio.so
Event: 1,959 Loaded shared library /usr/lib/jvm/java-21-openjdk-amd64/lib/libzip.so
Event: 2,171 Loaded shared library /usr/lib/jvm/java-21-openjdk-amd64/lib/libjimage.so
Event: 2,340 Loaded shared library /usr/lib/jvm/java-21-openjdk-amd64/lib/libverify.so
Event: 3,932 Loaded shared library /usr/lib/jvm/java-21-openjdk-amd64/lib/libnet.so
Event: 6,849 Loaded shared library /home/dan/.config/Code/User/globalStorage/redhat.java/1.55.0/config_ss_linux/org.eclipse.equinox.launcher/org.eclipse.equinox.launcher.gtk.linux.x86_64_1.2.1600.v20260613-0559/eclipse_11924.so
Event: 9,194 Loaded shared library /usr/lib/jvm/java-21-openjdk-amd64/lib/libmanagement.so
Event: 9,232 Loaded shared library /usr/lib/jvm/java-21-openjdk-amd64/lib/libmanagement_ext.so

Deoptimization events (20 events):
Event: 15,575 Thread 0x00007729c82cb3a0 DEOPT PACKING pc=0x0000772a8909df96 sp=0x0000772a3d4f9fb0
Event: 15,575 Thread 0x00007729c82cb3a0 DEOPT UNPACKING pc=0x0000772a8fd8ab2f sp=0x0000772a3d4f94c0 mode 0
Event: 15,575 Thread 0x00007729c82cb3a0 DEOPT PACKING pc=0x0000772a8909df96 sp=0x0000772a3d4f9fb0
Event: 15,575 Thread 0x00007729c82cb3a0 DEOPT UNPACKING pc=0x0000772a8fd8ab2f sp=0x0000772a3d4f94c0 mode 0
Event: 15,576 Thread 0x00007729c82cb3a0 DEOPT PACKING pc=0x0000772a8909df96 sp=0x0000772a3d4f9fb0
Event: 15,576 Thread 0x00007729c82cb3a0 DEOPT UNPACKING pc=0x0000772a8fd8ab2f sp=0x0000772a3d4f94c0 mode 0
Event: 15,578 Thread 0x00007729c82cc770 DEOPT PACKING pc=0x0000772a8909df96 sp=0x0000772a3d3f9fb0
Event: 15,578 Thread 0x00007729c82cc770 DEOPT UNPACKING pc=0x0000772a8fd8ab2f sp=0x0000772a3d3f94c0 mode 0
Event: 15,579 Thread 0x00007729c82cc770 DEOPT PACKING pc=0x0000772a8909df96 sp=0x0000772a3d3f9fb0
Event: 15,579 Thread 0x00007729c82cc770 DEOPT UNPACKING pc=0x0000772a8fd8ab2f sp=0x0000772a3d3f94c0 mode 0
Event: 15,579 Thread 0x00007729c82cb3a0 DEOPT PACKING pc=0x0000772a8909df96 sp=0x0000772a3d4f9fb0
Event: 15,579 Thread 0x00007729c82cb3a0 DEOPT UNPACKING pc=0x0000772a8fd8ab2f sp=0x0000772a3d4f94c0 mode 0
Event: 15,581 Thread 0x00007729c82cc770 DEOPT PACKING pc=0x0000772a8909df96 sp=0x0000772a3d3f9fb0
Event: 15,581 Thread 0x00007729c82cc770 DEOPT UNPACKING pc=0x0000772a8fd8ab2f sp=0x0000772a3d3f94c0 mode 0
Event: 15,582 Thread 0x00007729c82cb3a0 DEOPT PACKING pc=0x0000772a8909df96 sp=0x0000772a3d4f9fb0
Event: 15,582 Thread 0x00007729c82cb3a0 DEOPT UNPACKING pc=0x0000772a8fd8ab2f sp=0x0000772a3d4f94c0 mode 0
Event: 15,583 Thread 0x00007729c82cb3a0 DEOPT PACKING pc=0x0000772a8909df96 sp=0x0000772a3d4f9fb0
Event: 15,583 Thread 0x00007729c82cb3a0 DEOPT UNPACKING pc=0x0000772a8fd8ab2f sp=0x0000772a3d4f94c0 mode 0
Event: 15,614 Thread 0x00007729c82cc770 DEOPT PACKING pc=0x0000772a8909df96 sp=0x0000772a3d3f94f0
Event: 15,614 Thread 0x00007729c82cc770 DEOPT UNPACKING pc=0x0000772a8fd8ab2f sp=0x0000772a3d3f8a00 mode 0

Classes loaded (20 events):
Event: 15,541 Loading class java/nio/channels/AsynchronousFileChannel
Event: 15,541 Loading class java/nio/channels/AsynchronousFileChannel done
Event: 15,541 Loading class jdk/internal/jrtfs/JrtFileSystemProvider
Event: 15,542 Loading class jdk/internal/jrtfs/JrtFileSystemProvider done
Event: 15,542 Loading class sun/net/www/protocol/jrt/JavaRuntimeURLConnection
Event: 15,542 Loading class sun/net/www/protocol/jrt/JavaRuntimeURLConnection done
Event: 15,543 Loading class sun/net/www/protocol/jrt/JavaRuntimeURLConnection$1
Event: 15,543 Loading class sun/net/www/protocol/jrt/JavaRuntimeURLConnection$1 done
Event: 15,550 Loading class jdk/internal/jimage/ImageBufferCache
Event: 15,550 Loading class jdk/internal/jimage/ImageBufferCache done
Event: 15,551 Loading class jdk/internal/jimage/ImageBufferCache$1
Event: 15,551 Loading class jdk/internal/jimage/ImageBufferCache$1 done
Event: 15,551 Loading class jdk/internal/jimage/ImageBufferCache$2
Event: 15,551 Loading class jdk/internal/jimage/ImageBufferCache$2 done
Event: 15,551 Loading class java/util/AbstractMap$SimpleEntry
Event: 15,551 Loading class java/util/AbstractMap$SimpleEntry done
Event: 15,552 Loading class jdk/internal/jrtfs/JrtFileSystemProvider$1
Event: 15,552 Loading class jdk/internal/jrtfs/JrtFileSystemProvider$1 done
Event: 15,552 Loading class jdk/internal/jrtfs/JrtFileSystemProvider$JrtFsLoader
Event: 15,552 Loading class jdk/internal/jrtfs/JrtFileSystemProvider$JrtFsLoader done

Classes unloaded (7 events):
Event: 10,991 Thread 0x0000772aa00d6270 Unloading class 0x0000772a401a2c00 'java/lang/invoke/LambdaForm$MH+0x0000772a401a2c00'
Event: 10,991 Thread 0x0000772aa00d6270 Unloading class 0x0000772a401a2800 'java/lang/invoke/LambdaForm$MH+0x0000772a401a2800'
Event: 10,991 Thread 0x0000772aa00d6270 Unloading class 0x0000772a401a2400 'java/lang/invoke/LambdaForm$MH+0x0000772a401a2400'
Event: 10,991 Thread 0x0000772aa00d6270 Unloading class 0x0000772a401a2000 'java/lang/invoke/LambdaForm$MH+0x0000772a401a2000'
Event: 10,991 Thread 0x0000772aa00d6270 Unloading class 0x0000772a401a1c00 'java/lang/invoke/LambdaForm$BMH+0x0000772a401a1c00'
Event: 10,991 Thread 0x0000772aa00d6270 Unloading class 0x0000772a401a1800 'java/lang/invoke/LambdaForm$DMH+0x0000772a401a1800'
Event: 10,991 Thread 0x0000772aa00d6270 Unloading class 0x0000772a401a0800 'java/lang/invoke/LambdaForm$DMH+0x0000772a401a0800'

Classes redefined (0 events):
No events

Internal exceptions (20 events):
Event: 14,922 Thread 0x00007729c82cc770 Exception <a 'sun/nio/fs/UnixException'{0x00000000d661dec0}> (0x00000000d661dec0) 
thrown [./src/hotspot/share/prims/jni.cpp, line 520]
Event: 14,924 Thread 0x00007729c82cb3a0 Exception <a 'sun/nio/fs/UnixException'{0x00000000d6645808}> (0x00000000d6645808) 
thrown [./src/hotspot/share/prims/jni.cpp, line 520]
Event: 14,950 Thread 0x0000772aa07032e0 Exception <a 'sun/nio/fs/UnixException'{0x00000000d6609c88}> (0x00000000d6609c88) 
thrown [./src/hotspot/share/prims/jni.cpp, line 520]
Event: 14,961 Thread 0x0000772aa07032e0 Exception <a 'sun/nio/fs/UnixException'{0x00000000d660d5d8}> (0x00000000d660d5d8) 
thrown [./src/hotspot/share/prims/jni.cpp, line 520]
Event: 14,973 Thread 0x00007729c82cb3a0 Exception <a 'sun/nio/fs/UnixException'{0x00000000d66b6ce0}> (0x00000000d66b6ce0) 
thrown [./src/hotspot/share/prims/jni.cpp, line 520]
Event: 14,976 Thread 0x0000772aa07032e0 Exception <a 'sun/nio/fs/UnixException'{0x00000000d6615330}> (0x00000000d6615330) 
thrown [./src/hotspot/share/prims/jni.cpp, line 520]
Event: 14,984 Thread 0x0000772aa07032e0 Exception <a 'sun/nio/fs/UnixException'{0x00000000d661b518}> (0x00000000d661b518) 
thrown [./src/hotspot/share/prims/jni.cpp, line 520]
Event: 14,988 Thread 0x00007729c82cb3a0 Exception <a 'sun/nio/fs/UnixException'{0x00000000d67d5990}> (0x00000000d67d5990) 
thrown [./src/hotspot/share/prims/jni.cpp, line 520]
Event: 15,002 Thread 0x00007729c82cb3a0 Exception <a 'sun/nio/fs/UnixException'{0x00000000d67dd358}> (0x00000000d67dd358) 
thrown [./src/hotspot/share/prims/jni.cpp, line 520]
Event: 15,003 Thread 0x00007729c82cb3a0 Exception <a 'sun/nio/fs/UnixException'{0x00000000d67e06c8}> (0x00000000d67e06c8) 
thrown [./src/hotspot/share/prims/jni.cpp, line 520]
Event: 15,046 Thread 0x00007729c82cb3a0 Exception <a 'sun/nio/fs/UnixException'{0x00000000d6870180}> (0x00000000d6870180) 
thrown [./src/hotspot/share/prims/jni.cpp, line 520]
Event: 15,047 Thread 0x00007729c82cb3a0 Exception <a 'java/io/FileNotFoundException'{0x00000000d6876510}> (0x00000000d6876510) 
thrown [./src/hotspot/share/prims/jni.cpp, line 520]
Event: 15,048 Thread 0x00007729c82cb3a0 Exception <a 'java/io/FileNotFoundException'{0x00000000d6877530}> (0x00000000d6877530) 
thrown [./src/hotspot/share/prims/jni.cpp, line 520]
Event: 15,056 Thread 0x00007729c82cc770 Exception <a 'java/lang/NoSuchMethodError'{0x00000000d68d3780}: 'int java.lang.invoke.Invokers$Holder.invokeExact_MT(java.lang.Object, java.lang.Object)'> (0x00000000d68d3780) 
thrown [./src/hotspot/share/interpreter/linkResolver.cpp, line 772]
Event: 15,084 Thread 0x0000772aa07032e0 Exception <a 'sun/nio/fs/UnixException'{0x00000000d67f9940}> (0x00000000d67f9940) 
thrown [./src/hotspot/share/prims/jni.cpp, line 520]
Event: 15,158 Thread 0x0000772aa07032e0 Exception <a 'sun/nio/fs/UnixException'{0x00000000d6949bf0}> (0x00000000d6949bf0) 
thrown [./src/hotspot/share/prims/jni.cpp, line 520]
Event: 15,263 Thread 0x00007729ec407240 Exception <a 'java/lang/NoSuchMethodError'{0x00000000d6c43908}: 'int java.lang.invoke.DirectMethodHandle$Holder.invokeStatic(java.lang.Object)'> (0x00000000d6c43908) 
thrown [./src/hotspot/share/interpreter/linkResolver.cpp, line 772]
Event: 15,360 Thread 0x00007729ec407240 Exception <a 'java/io/FileNotFoundException'{0x00000000d587fec0}> (0x00000000d587fec0) 
thrown [./src/hotspot/share/prims/jni.cpp, line 520]
Event: 15,360 Thread 0x00007729ec407240 Exception <a 'java/io/FileNotFoundException'{0x00000000d5881148}> (0x00000000d5881148) 
thrown [./src/hotspot/share/prims/jni.cpp, line 520]
Event: 15,361 Thread 0x00007729ec407240 Exception <a 'java/io/FileNotFoundException'{0x00000000d589aee8}> (0x00000000d589aee8) 
thrown [./src/hotspot/share/prims/jni.cpp, line 520]

ZGC Phase Switch (0 events):
No events

VM Operations (20 events):
Event: 12,476 Executing non-safepoint VM operation: HandshakeAllThreads (Deoptimize) done
Event: 12,476 Executing safepoint VM operation: Cleanup
Event: 12,476 Executing safepoint VM operation: Cleanup done
Event: 13,080 Executing safepoint VM operation: ParallelGCFailedAllocation (Allocation Failure)
Event: 13,084 Executing safepoint VM operation: ParallelGCFailedAllocation (Allocation Failure) done
Event: 13,819 Executing non-safepoint VM operation: HandshakeAllThreads (Deoptimize)
Event: 13,819 Executing non-safepoint VM operation: HandshakeAllThreads (Deoptimize) done
Event: 14,197 Executing safepoint VM operation: ParallelGCFailedAllocation (Allocation Failure)
Event: 14,209 Executing safepoint VM operation: ParallelGCFailedAllocation (Allocation Failure) done
Event: 14,785 Executing non-safepoint VM operation: HandshakeAllThreads (Deoptimize)
Event: 14,785 Executing non-safepoint VM operation: HandshakeAllThreads (Deoptimize) done
Event: 14,822 Executing non-safepoint VM operation: HandshakeAllThreads (Deoptimize)
Event: 14,822 Executing non-safepoint VM operation: HandshakeAllThreads (Deoptimize) done
Event: 15,274 Executing safepoint VM operation: ParallelGCFailedAllocation (Allocation Failure)
Event: 15,291 Executing safepoint VM operation: ParallelGCFailedAllocation (Allocation Failure) done
Event: 15,540 Executing non-safepoint VM operation: HandshakeAllThreads (Deoptimize)
Event: 15,540 Executing non-safepoint VM operation: HandshakeAllThreads (Deoptimize) done
Event: 15,544 Executing non-safepoint VM operation: HandshakeAllThreads (Deoptimize)
Event: 15,550 Executing non-safepoint VM operation: HandshakeAllThreads (Deoptimize) done
Event: 15,653 Executing safepoint VM operation: CollectForMetadataAllocation (Metadata GC Threshold)

Memory protections (20 events):
Event: 6,994 Protecting memory [0x0000772a3dbfd000,0x0000772a3dc01000] with protection modes 0
Event: 7,378 Protecting memory [0x0000772a3dafd000,0x0000772a3db01000] with protection modes 0
Event: 8,240 Protecting memory [0x0000772a3dffd000,0x0000772a3e001000] with protection modes 0
Event: 8,922 Protecting memory [0x0000772a3dffd000,0x0000772a3e001000] with protection modes 0
Event: 9,000 Protecting memory [0x0000772a3d9fd000,0x0000772a3da01000] with protection modes 0
Event: 9,511 Protecting memory [0x0000772a3dffd000,0x0000772a3e001000] with protection modes 0
Event: 9,584 Protecting memory [0x0000772a3d8fd000,0x0000772a3d901000] with protection modes 0
Event: 10,293 Protecting memory [0x0000772a3d7fd000,0x0000772a3d801000] with protection modes 0
Event: 11,249 Protecting memory [0x0000772a3d7fd000,0x0000772a3d801000] with protection modes 0
Event: 11,409 Protecting memory [0x0000772a3d6fd000,0x0000772a3d701000] with protection modes 0
Event: 12,398 Protecting memory [0x0000772a3d7fd000,0x0000772a3d801000] with protection modes 0
Event: 12,962 Protecting memory [0x0000772a3d7fd000,0x0000772a3d801000] with protection modes 0
Event: 13,425 Protecting memory [0x0000772a3d6fd000,0x0000772a3d701000] with protection modes 0
Event: 13,425 Protecting memory [0x0000772a3d5fd000,0x0000772a3d601000] with protection modes 0
Event: 13,431 Protecting memory [0x0000772a3d4fd000,0x0000772a3d501000] with protection modes 0
Event: 14,401 Protecting memory [0x0000772a3d4fd000,0x0000772a3d501000] with protection modes 0
Event: 14,605 Protecting memory [0x0000772a3d3fd000,0x0000772a3d401000] with protection modes 0
Event: 14,616 Protecting memory [0x0000772a3d2fd000,0x0000772a3d301000] with protection modes 0
Event: 14,728 Protecting memory [0x0000772a3d1fd000,0x0000772a3d201000] with protection modes 0
Event: 14,740 Protecting memory [0x0000772a3d0fd000,0x0000772a3d101000] with protection modes 0

Nmethod flushes (0 events):
No events

Events (20 events):
Event: 9,584 Thread 0x0000772aa03ff1a0 Thread added: 0x00007729ec414a60
Event: 10,292 Thread 0x0000772aa00e9110 Thread added: 0x0000772a18375db0
Event: 10,545 Thread 0x0000772a18375db0 Thread exited: 0x0000772a18375db0
Event: 11,249 Thread 0x0000772aa00e9110 Thread added: 0x0000772a180b1050
Event: 11,408 Thread 0x0000772aa03ff1a0 Thread added: 0x00007729ec623e00
Event: 11,623 Thread 0x00007729ec623e00 Thread exited: 0x00007729ec623e00
Event: 12,082 Thread 0x0000772a180b1050 Thread exited: 0x0000772a180b1050
Event: 12,397 Thread 0x0000772aa00e9110 Thread added: 0x0000772a18069d50
Event: 12,822 Thread 0x0000772a18069d50 Thread exited: 0x0000772a18069d50
Event: 12,962 Thread 0x0000772aa0018d80 Thread added: 0x0000772aa01e2e90
Event: 13,425 Thread 0x0000772aa0018d80 Thread added: 0x0000772aa07024c0
Event: 13,425 Thread 0x0000772aa0018d80 Thread added: 0x0000772aa07032e0
Event: 13,430 Thread 0x0000772aa00e9110 Thread added: 0x0000772a181b09d0
Event: 13,778 Thread 0x0000772a181b09d0 Thread exited: 0x0000772a181b09d0
Event: 14,401 Thread 0x0000772aa00e9110 Thread added: 0x0000772a181658c0
Event: 14,604 Thread 0x0000772aa07032e0 Thread added: 0x00007729c82cb3a0
Event: 14,612 Thread 0x0000772aa07032e0 Thread added: 0x00007729c82cc770
Event: 14,725 Thread 0x00007729ec414a60 Thread added: 0x00007729cc002530
Event: 14,740 Thread 0x00007729ec414a60 Thread added: 0x00007729cc00bad0
Event: 14,744 Thread 0x00007729cc00bad0 Thread exited: 0x00007729cc00bad0


Dynamic libraries:
80000000-84300000 rw-p 00000000 00:00 0 
84300000-d5580000 ---p 00000000 00:00 0 
d5580000-d7200000 rw-p 00000000 00:00 0 
d7200000-100000000 ---p 00000000 00:00 0 
63f1b9a1d000-63f1b9a1e000 r--p 00000000 08:03 21778769                   /usr/lib/jvm/java-21-openjdk-amd64/bin/java
63f1b9a1e000-63f1b9a1f000 r-xp 00001000 08:03 21778769                   /usr/lib/jvm/java-21-openjdk-amd64/bin/java
63f1b9a1f000-63f1b9a20000 r--p 00002000 08:03 21778769                   /usr/lib/jvm/java-21-openjdk-amd64/bin/java
63f1b9a20000-63f1b9a21000 r--p 00002000 08:03 21778769                   /usr/lib/jvm/java-21-openjdk-amd64/bin/java
63f1b9a21000-63f1b9a22000 rw-p 00003000 08:03 21778769                   /usr/lib/jvm/java-21-openjdk-amd64/bin/java
63f1f00db000-63f1f023e000 rw-p 00000000 00:00 0                          [heap]
7729c4000000-7729c403d000 rw-p 00000000 00:00 0 
7729c403d000-7729c8000000 ---p 00000000 00:00 0 
7729c8000000-7729c84d6000 rw-p 00000000 00:00 0 
7729c84d6000-7729cc000000 ---p 00000000 00:00 0 
7729cc000000-7729cc021000 rw-p 00000000 00:00 0 
7729cc021000-7729d0000000 ---p 00000000 00:00 0 
7729d0000000-7729d0da3000 rw-p 00000000 00:00 0 
7729d0da3000-7729d4000000 ---p 00000000 00:00 0 
7729d4000000-7729d4021000 rw-p 00000000 00:00 0 
7729d4021000-7729d8000000 ---p 00000000 00:00 0 
7729d8000000-7729d8021000 rw-p 00000000 00:00 0 
7729d8021000-7729dc000000 ---p 00000000 00:00 0 
7729dc000000-7729dc021000 rw-p 00000000 00:00 0 
7729dc021000-7729e0000000 ---p 00000000 00:00 0 
7729e0000000-7729e0021000 rw-p 00000000 00:00 0 
7729e0021000-7729e4000000 ---p 00000000 00:00 0 
7729e4000000-7729e4021000 rw-p 00000000 00:00 0 
7729e4021000-7729e8000000 ---p 00000000 00:00 0 
7729e8000000-7729e8021000 rw-p 00000000 00:00 0 
7729e8021000-7729ec000000 ---p 00000000 00:00 0 
7729ec000000-7729ec822000 rw-p 00000000 00:00 0 
7729ec822000-7729f0000000 ---p 00000000 00:00 0 
7729f0000000-7729f044f000 rw-p 00000000 00:00 0 
7729f044f000-7729f4000000 ---p 00000000 00:00 0 
7729f4000000-7729f4021000 rw-p 00000000 00:00 0 
7729f4021000-7729f8000000 ---p 00000000 00:00 0 
7729f8000000-7729f8021000 rw-p 00000000 00:00 0 
7729f8021000-7729fc000000 ---p 00000000 00:00 0 
7729fc000000-7729fc021000 rw-p 00000000 00:00 0 
7729fc021000-772a00000000 ---p 00000000 00:00 0 
772a00000000-772a00021000 rw-p 00000000 00:00 0 
772a00021000-772a04000000 ---p 00000000 00:00 0 
772a04000000-772a0446d000 rw-p 00000000 00:00 0 
772a0446d000-772a08000000 ---p 00000000 00:00 0 
772a08000000-772a08021000 rw-p 00000000 00:00 0 
772a08021000-772a0c000000 ---p 00000000 00:00 0 
772a0c000000-772a0c021000 rw-p 00000000 00:00 0 
772a0c021000-772a10000000 ---p 00000000 00:00 0 
772a10000000-772a10021000 rw-p 00000000 00:00 0 
772a10021000-772a14000000 ---p 00000000 00:00 0 
772a14000000-772a1587f000 rw-p 00000000 00:00 0 
772a1587f000-772a18000000 ---p 00000000 00:00 0 
772a18000000-772a18443000 rw-p 00000000 00:00 0 
772a18443000-772a1c000000 ---p 00000000 00:00 0 
772a1c000000-772a1c021000 rw-p 00000000 00:00 0 
772a1c021000-772a20000000 ---p 00000000 00:00 0 
772a20000000-772a20021000 rw-p 00000000 00:00 0 
772a20021000-772a24000000 ---p 00000000 00:00 0 
772a24000000-772a24021000 rw-p 00000000 00:00 0 
772a24021000-772a28000000 ---p 00000000 00:00 0 
772a28000000-772a28021000 rw-p 00000000 00:00 0 
772a28021000-772a2c000000 ---p 00000000 00:00 0 
772a2c000000-772a2c021000 rw-p 00000000 00:00 0 
772a2c021000-772a30000000 ---p 00000000 00:00 0 
772a30000000-772a30021000 rw-p 00000000 00:00 0 
772a30021000-772a34000000 ---p 00000000 00:00 0 
772a34000000-772a34400000 rw-p 00000000 00:00 0 
772a34400000-772a34700000 rw-p 00000000 00:00 0 
772a34700000-772a34800000 rw-p 00000000 00:00 0 
772a34800000-772a34980000 rw-p 00000000 00:00 0 
772a34980000-772a34a00000 rw-p 00000000 00:00 0 
772a34a00000-772a34b00000 rw-p 00000000 00:00 0 
772a34b00000-772a34c00000 rw-p 00000000 00:00 0 
772a34c00000-772a35500000 rw-p 00000000 00:00 0 
772a35500000-772a35600000 rw-p 00000000 00:00 0 
772a35600000-772a35700000 rw-p 00000000 00:00 0 
772a35700000-772a35800000 rw-p 00000000 00:00 0 
772a35800000-772a35b80000 rw-p 00000000 00:00 0 
772a35b80000-772a35be0000 rw-p 00000000 00:00 0 
772a35be0000-772a35c00000 ---p 00000000 00:00 0 
772a35c00000-772a35f60000 rw-p 00000000 00:00 0 
772a35f60000-772a38000000 ---p 00000000 00:00 0 
772a38000000-772a38021000 rw-p 00000000 00:00 0 
772a38021000-772a3c000000 ---p 00000000 00:00 0 
772a3ce19000-772a3d0fd000 rw-p 00000000 00:00 0 
772a3d0fd000-772a3d101000 ---p 00000000 00:00 0 
772a3d101000-772a3d1fd000 rw-p 00000000 00:00 0 
772a3d1fd000-772a3d201000 ---p 00000000 00:00 0 
772a3d201000-772a3d2fd000 rw-p 00000000 00:00 0 
772a3d2fd000-772a3d301000 ---p 00000000 00:00 0 
772a3d301000-772a3d3fd000 rw-p 00000000 00:00 0 
772a3d3fd000-772a3d401000 ---p 00000000 00:00 0 
772a3d401000-772a3d4fd000 rw-p 00000000 00:00 0 
772a3d4fd000-772a3d501000 ---p 00000000 00:00 0 
772a3d501000-772a3d5fd000 rw-p 00000000 00:00 0 
772a3d5fd000-772a3d601000 ---p 00000000 00:00 0 
772a3d601000-772a3d6fd000 rw-p 00000000 00:00 0 
772a3d6fd000-772a3d701000 ---p 00000000 00:00 0 
772a3d701000-772a3d7fd000 rw-p 00000000 00:00 0 
772a3d7fd000-772a3d801000 ---p 00000000 00:00 0 
772a3d801000-772a3d8fd000 rw-p 00000000 00:00 0 
772a3d8fd000-772a3d901000 ---p 00000000 00:00 0 
772a3d901000-772a3d9fd000 rw-p 00000000 00:00 0 
772a3d9fd000-772a3da01000 ---p 00000000 00:00 0 
772a3da01000-772a3dafd000 rw-p 00000000 00:00 0 
772a3dafd000-772a3db01000 ---p 00000000 00:00 0 
772a3db01000-772a3dbfd000 rw-p 00000000 00:00 0 
772a3dbfd000-772a3dc01000 ---p 00000000 00:00 0 
772a3dc01000-772a3dcfd000 rw-p 00000000 00:00 0 
772a3dcfd000-772a3dd01000 ---p 00000000 00:00 0 
772a3dd01000-772a3ddfd000 rw-p 00000000 00:00 0 
772a3ddfd000-772a3de01000 ---p 00000000 00:00 0 
772a3de01000-772a3defd000 rw-p 00000000 00:00 0 
772a3defd000-772a3df01000 ---p 00000000 00:00 0 
772a3df01000-772a3dffd000 rw-p 00000000 00:00 0 
772a3dffd000-772a3e001000 ---p 00000000 00:00 0 
772a3e001000-772a3e0fd000 rw-p 00000000 00:00 0 
772a3e0fd000-772a3e101000 ---p 00000000 00:00 0 
772a3e101000-772a3e1fd000 rw-p 00000000 00:00 0 
772a3e1fd000-772a3e201000 ---p 00000000 00:00 0 
772a3e201000-772a3e2fd000 rw-p 00000000 00:00 0 
772a3e2fd000-772a3e301000 ---p 00000000 00:00 0 
772a3e301000-772a3e3fd000 rw-p 00000000 00:00 0 
772a3e3fd000-772a3e3fe000 ---p 00000000 00:00 0 
772a3e3fe000-772a3e4fe000 rw-p 00000000 00:00 0 
772a3e4fe000-772a3e4ff000 ---p 00000000 00:00 0 
772a3e4ff000-772a3e5ff000 rw-p 00000000 00:00 0 
772a3e5ff000-772a3e600000 ---p 00000000 00:00 0 
772a3e600000-772a3e700000 rw-p 00000000 00:00 0 
772a3e700000-772a3e704000 ---p 00000000 00:00 0 
772a3e704000-772a3e800000 rw-p 00000000 00:00 0 
772a3e800000-772a3eff0000 r--p 00000000 08:03 19530507                   /usr/lib/locale/locale-archive
772a3f000000-772a3fc9c000 rw-p 00001000 08:03 21778994                   /usr/lib/jvm/java-21-openjdk-amd64/lib/server/classes.jsa
772a3fc9c000-772a40000000 ---p 00000000 00:00 0 
772a40000000-772a40040000 rw-p 00000000 00:00 0 
772a40040000-772a400c0000 rw-p 00000000 00:00 0 
772a400c0000-772a40100000 rw-p 00000000 00:00 0 
772a40100000-772a401c0000 rw-p 00000000 00:00 0 
772a401c0000-772a40200000 rw-p 00000000 00:00 0 
772a40200000-772a40370000 rw-p 00000000 00:00 0 
772a40370000-772a40380000 ---p 00000000 00:00 0 
772a40380000-772a403d0000 rw-p 00000000 00:00 0 
772a403d0000-772a80000000 ---p 00000000 00:00 0 
772a80000000-772a841a9000 rw-p 00000000 00:00 0 
772a841a9000-772a88000000 ---p 00000000 00:00 0 
772a8802f000-772a88033000 ---p 00000000 00:00 0 
772a88033000-772a8812f000 rw-p 00000000 00:00 0 
772a8812f000-772a88133000 ---p 00000000 00:00 0 
772a88133000-772a8822f000 rw-p 00000000 00:00 0 
772a8822f000-772a88234000 r--p 00000000 08:03 21778977                   /usr/lib/jvm/java-21-openjdk-amd64/lib/libjsvml.so
772a88234000-772a88275000 r-xp 00005000 08:03 21778977                   /usr/lib/jvm/java-21-openjdk-amd64/lib/libjsvml.so
772a88275000-772a882fe000 r--p 00046000 08:03 21778977                   /usr/lib/jvm/java-21-openjdk-amd64/lib/libjsvml.so
772a882fe000-772a882ff000 r--p 000ce000 08:03 21778977                   /usr/lib/jvm/java-21-openjdk-amd64/lib/libjsvml.so
772a882ff000-772a88300000 rw-p 000cf000 08:03 21778977                   /usr/lib/jvm/java-21-openjdk-amd64/lib/libjsvml.so
772a88300000-772a88304000 ---p 00000000 00:00 0 
772a88304000-772a88400000 rw-p 00000000 00:00 0 
772a88400000-772a88404000 ---p 00000000 00:00 0 
772a88404000-772a88500000 rw-p 00000000 00:00 0 
772a88500000-772a88504000 ---p 00000000 00:00 0 
772a88504000-772a88600000 rw-p 00000000 00:00 0 
772a88600000-772a88604000 ---p 00000000 00:00 0 
772a88604000-772a88700000 rw-p 00000000 00:00 0 
772a88700000-772a88704000 ---p 00000000 00:00 0 
772a88704000-772a88800000 rw-p 00000000 00:00 0 
772a88800000-772a890c0000 rwxp 00000000 00:00 0 
772a890c0000-772a8fd37000 ---p 00000000 00:00 0 
772a8fd37000-772a8ffa7000 rwxp 00000000 00:00 0 
772a8ffa7000-772a902c8000 ---p 00000000 00:00 0 
772a902c8000-772a90538000 rwxp 00000000 00:00 0 
772a90538000-772a97800000 ---p 00000000 00:00 0 
772a97800000-772a9fe51000 r--s 00000000 08:03 21778993                   /usr/lib/jvm/java-21-openjdk-amd64/lib/modules
772a9ff00000-772a9ff04000 ---p 00000000 00:00 0 
772a9ff04000-772aa0000000 rw-p 00000000 00:00 0 
772aa0000000-772aa0709000 rw-p 00000000 00:00 0 
772aa0709000-772aa4000000 ---p 00000000 00:00 0 
772aa4071000-772aa4075000 ---p 00000000 00:00 0 
772aa4075000-772aa4171000 rw-p 00000000 00:00 0 
772aa4171000-772aa4172000 ---p 00000000 00:00 0 
772aa4172000-772aa4272000 rw-p 00000000 00:00 0 
772aa4272000-772aa4e7e000 rw-p 00000000 00:00 0 
772aa4e7e000-772aa4e7f000 ---p 00000000 00:00 0 
772aa4e7f000-772aa4f7f000 rw-p 00000000 00:00 0 
772aa4f7f000-772aa5400000 rw-p 00000000 00:00 0 
772aa5445000-772aa5446000 r--p 00000000 08:03 19530192                   /usr/lib/x86_64-linux-gnu/libdl.so.2
772aa5446000-772aa5447000 r-xp 00001000 08:03 19530192                   /usr/lib/x86_64-linux-gnu/libdl.so.2
772aa5447000-772aa5448000 r--p 00002000 08:03 19530192                   /usr/lib/x86_64-linux-gnu/libdl.so.2
772aa5448000-772aa5449000 r--p 00002000 08:03 19530192                   /usr/lib/x86_64-linux-gnu/libdl.so.2
772aa5449000-772aa544a000 rw-p 00003000 08:03 19530192                   /usr/lib/x86_64-linux-gnu/libdl.so.2
772aa544a000-772aa544b000 r--p 00000000 08:03 19530555                   /usr/lib/x86_64-linux-gnu/libpthread.so.0
772aa544b000-772aa544c000 r-xp 00001000 08:03 19530555                   /usr/lib/x86_64-linux-gnu/libpthread.so.0
772aa544c000-772aa544d000 r--p 00002000 08:03 19530555                   /usr/lib/x86_64-linux-gnu/libpthread.so.0
772aa544d000-772aa544e000 r--p 00002000 08:03 19530555                   /usr/lib/x86_64-linux-gnu/libpthread.so.0
772aa544e000-772aa544f000 rw-p 00003000 08:03 19530555                   /usr/lib/x86_64-linux-gnu/libpthread.so.0
772aa5454000-772aa5456000 r--p 00000000 08:03 21778982                   /usr/lib/jvm/java-21-openjdk-amd64/lib/libmanagement_ext.so
772aa5456000-772aa5459000 r-xp 00002000 08:03 21778982                   /usr/lib/jvm/java-21-openjdk-amd64/lib/libmanagement_ext.so
772aa5459000-772aa545a000 r--p 00005000 08:03 21778982                   /usr/lib/jvm/java-21-openjdk-amd64/lib/libmanagement_ext.so
772aa545a000-772aa545b000 r--p 00006000 08:03 21778982                   /usr/lib/jvm/java-21-openjdk-amd64/lib/libmanagement_ext.so
772aa545b000-772aa545c000 rw-p 00007000 08:03 21778982                   /usr/lib/jvm/java-21-openjdk-amd64/lib/libmanagement_ext.so
772aa545c000-772aa545e000 r--p 00000000 08:03 21778980                   /usr/lib/jvm/java-21-openjdk-amd64/lib/libmanagement.so
772aa545e000-772aa545f000 r-xp 00002000 08:03 21778980                   /usr/lib/jvm/java-21-openjdk-amd64/lib/libmanagement.so
772aa545f000-772aa5460000 r--p 00003000 08:03 21778980                   /usr/lib/jvm/java-21-openjdk-amd64/lib/libmanagement.so
772aa5460000-772aa5461000 r--p 00003000 08:03 21778980                   /usr/lib/jvm/java-21-openjdk-amd64/lib/libmanagement.so
772aa5461000-772aa5462000 rw-p 00004000 08:03 21778980                   /usr/lib/jvm/java-21-openjdk-amd64/lib/libmanagement.so
772aa5462000-772aa5466000 r--p 00000000 08:03 16908323                   /home/dan/.config/Code/User/globalStorage/redhat.java/1.55.0/config_ss_linux/org.eclipse.equinox.launcher/org.eclipse.equinox.launcher.gtk.linux.x86_64_1.2.1600.v20260613-0559/eclipse_11924.so
772aa5466000-772aa5470000 r-xp 00004000 08:03 16908323                   /home/dan/.config/Code/User/globalStorage/redhat.java/1.55.0/config_ss_linux/org.eclipse.equinox.launcher/org.eclipse.equinox.launcher.gtk.linux.x86_64_1.2.1600.v20260613-0559/eclipse_11924.so
772aa5470000-772aa5473000 r--p 0000e000 08:03 16908323                   /home/dan/.config/Code/User/globalStorage/redhat.java/1.55.0/config_ss_linux/org.eclipse.equinox.launcher/org.eclipse.equinox.launcher.gtk.linux.x86_64_1.2.1600.v20260613-0559/eclipse_11924.so
772aa5473000-772aa5474000 r--p 00010000 08:03 16908323                   /home/dan/.config/Code/User/globalStorage/redhat.java/1.55.0/config_ss_linux/org.eclipse.equinox.launcher/org.eclipse.equinox.launcher.gtk.linux.x86_64_1.2.1600.v20260613-0559/eclipse_11924.so
772aa5474000-772aa5475000 rw-p 00011000 08:03 16908323                   /home/dan/.config/Code/User/globalStorage/redhat.java/1.55.0/config_ss_linux/org.eclipse.equinox.launcher/org.eclipse.equinox.launcher.gtk.linux.x86_64_1.2.1600.v20260613-0559/eclipse_11924.so
772aa5475000-772aa5476000 rw-p 00000000 00:00 0 
772aa5476000-772aa547d000 r--s 00000000 08:03 19679675                   /usr/lib/x86_64-linux-gnu/gconv/gconv-modules.cache
772aa547d000-772aa549f000 rw-p 00000000 00:00 0 
772aa549f000-772aa5728000 ---p 00000000 00:00 0 
772aa5728000-772aa5729000 ---p 00000000 00:00 0 
772aa5729000-772aa5829000 rw-p 00000000 00:00 0 
772aa5829000-772aa584b000 rw-p 00000000 00:00 0 
772aa584b000-772aa5ad3000 ---p 00000000 00:00 0 
772aa5ad3000-772aa5ae2000 rw-p 00000000 00:00 0 
772aa5ae2000-772aa5c2a000 ---p 00000000 00:00 0 
772aa5c2a000-772aa5c2f000 rw-p 00000000 00:00 0 
772aa5c2f000-772aa5d15000 ---p 00000000 00:00 0 
772aa5d15000-772aa5d27000 rw-p 00000000 00:00 0 
772aa5d27000-772aa5e00000 ---p 00000000 00:00 0 
772aa5e00000-772aa5e9d000 r--p 00000000 08:03 19532135                   /usr/lib/x86_64-linux-gnu/libstdc++.so.6.0.33
772aa5e9d000-772aa5fe5000 r-xp 0009d000 08:03 19532135                   /usr/lib/x86_64-linux-gnu/libstdc++.so.6.0.33
772aa5fe5000-772aa606c000 r--p 001e5000 08:03 19532135                   /usr/lib/x86_64-linux-gnu/libstdc++.so.6.0.33
772aa606c000-772aa6077000 r--p 0026b000 08:03 19532135                   /usr/lib/x86_64-linux-gnu/libstdc++.so.6.0.33
772aa6077000-772aa607a000 rw-p 00276000 08:03 19532135                   /usr/lib/x86_64-linux-gnu/libstdc++.so.6.0.33
772aa607a000-772aa607e000 rw-p 00000000 00:00 0 
772aa6081000-772aa60a5000 r--p 00000000 08:03 20982075                   /usr/share/locale-langpack/pt_BR/LC_MESSAGES/libc.mo
772aa60a5000-772aa6100000 rw-p 00000000 00:00 0 
772aa6100000-772aa6104000 ---p 00000000 00:00 0 
772aa6104000-772aa6200000 rw-p 00000000 00:00 0 
772aa6200000-772aa64a2000 r--p 00000000 08:03 21778997                   /usr/lib/jvm/java-21-openjdk-amd64/lib/server/libjvm.so
772aa64a2000-772aa7319000 r-xp 002a2000 08:03 21778997                   /usr/lib/jvm/java-21-openjdk-amd64/lib/server/libjvm.so
772aa7319000-772aa75f4000 r--p 01119000 08:03 21778997                   /usr/lib/jvm/java-21-openjdk-amd64/lib/server/libjvm.so
772aa75f4000-772aa76c8000 r--p 013f3000 08:03 21778997                   /usr/lib/jvm/java-21-openjdk-amd64/lib/server/libjvm.so
772aa76c8000-772aa76f8000 rw-p 014c7000 08:03 21778997                   /usr/lib/jvm/java-21-openjdk-amd64/lib/server/libjvm.so
772aa76f8000-772aa775e000 rw-p 00000000 00:00 0 
772aa7762000-772aa7766000 r--p 00000000 08:03 21778991                   /usr/lib/jvm/java-21-openjdk-amd64/lib/libverify.so
772aa7766000-772aa776d000 r-xp 00004000 08:03 21778991                   /usr/lib/jvm/java-21-openjdk-amd64/lib/libverify.so
772aa776d000-772aa776f000 r--p 0000b000 08:03 21778991                   /usr/lib/jvm/java-21-openjdk-amd64/lib/libverify.so
772aa776f000-772aa7771000 r--p 0000c000 08:03 21778991                   /usr/lib/jvm/java-21-openjdk-amd64/lib/libverify.so
772aa7771000-772aa7772000 rw-p 0000e000 08:03 21778991                   /usr/lib/jvm/java-21-openjdk-amd64/lib/libverify.so
772aa7772000-772aa7775000 r--p 00000000 08:03 21778984                   /usr/lib/jvm/java-21-openjdk-amd64/lib/libnet.so
772aa7775000-772aa777d000 r-xp 00003000 08:03 21778984                   /usr/lib/jvm/java-21-openjdk-amd64/lib/libnet.so
772aa777d000-772aa777f000 r--p 0000b000 08:03 21778984                   /usr/lib/jvm/java-21-openjdk-amd64/lib/libnet.so
772aa777f000-772aa7780000 r--p 0000c000 08:03 21778984                   /usr/lib/jvm/java-21-openjdk-amd64/lib/libnet.so
772aa7780000-772aa7781000 rw-p 0000d000 08:03 21778984                   /usr/lib/jvm/java-21-openjdk-amd64/lib/libnet.so
772aa7781000-772aa7788000 r--p 00000000 08:03 21778985                   /usr/lib/jvm/java-21-openjdk-amd64/lib/libnio.so
772aa7788000-772aa7791000 r-xp 00007000 08:03 21778985                   /usr/lib/jvm/java-21-openjdk-amd64/lib/libnio.so
772aa7791000-772aa7795000 r--p 00010000 08:03 21778985                   /usr/lib/jvm/java-21-openjdk-amd64/lib/libnio.so
772aa7795000-772aa7796000 r--p 00014000 08:03 21778985                   /usr/lib/jvm/java-21-openjdk-amd64/lib/libnio.so
772aa7796000-772aa7797000 rw-p 00015000 08:03 21778985                   /usr/lib/jvm/java-21-openjdk-amd64/lib/libnio.so
772aa7797000-772aa7800000 rw-p 00000000 00:00 0 
772aa7800000-772aa7828000 r--p 00000000 08:03 19530058                   /usr/lib/x86_64-linux-gnu/libc.so.6
772aa7828000-772aa79b0000 r-xp 00028000 08:03 19530058                   /usr/lib/x86_64-linux-gnu/libc.so.6
772aa79b0000-772aa79ff000 r--p 001b0000 08:03 19530058                   /usr/lib/x86_64-linux-gnu/libc.so.6
772aa79ff000-772aa7a03000 r--p 001fe000 08:03 19530058                   /usr/lib/x86_64-linux-gnu/libc.so.6
772aa7a03000-772aa7a05000 rw-p 00202000 08:03 19530058                   /usr/lib/x86_64-linux-gnu/libc.so.6
772aa7a05000-772aa7a12000 rw-p 00000000 00:00 0 
772aa7a14000-772aa7a16000 r--p 00000000 08:03 21778992                   /usr/lib/jvm/java-21-openjdk-amd64/lib/libzip.so
772aa7a16000-772aa7a1b000 r-xp 00002000 08:03 21778992                   /usr/lib/jvm/java-21-openjdk-amd64/lib/libzip.so
772aa7a1b000-772aa7a1d000 r--p 00007000 08:03 21778992                   /usr/lib/jvm/java-21-openjdk-amd64/lib/libzip.so
772aa7a1d000-772aa7a1e000 r--p 00008000 08:03 21778992                   /usr/lib/jvm/java-21-openjdk-amd64/lib/libzip.so
772aa7a1e000-772aa7a1f000 rw-p 00009000 08:03 21778992                   /usr/lib/jvm/java-21-openjdk-amd64/lib/libzip.so
772aa7a1f000-772aa7a24000 rw-p 00000000 00:00 0 
772aa7a24000-772aa7a2b000 ---p 00000000 00:00 0 
772aa7a2b000-772aa7a38000 r--p 00000000 08:03 21778970                   /usr/lib/jvm/java-21-openjdk-amd64/lib/libjava.so
772aa7a38000-772aa7a47000 r-xp 0000d000 08:03 21778970                   /usr/lib/jvm/java-21-openjdk-amd64/lib/libjava.so
772aa7a47000-772aa7a4c000 r--p 0001c000 08:03 21778970                   /usr/lib/jvm/java-21-openjdk-amd64/lib/libjava.so
772aa7a4c000-772aa7a4d000 r--p 00021000 08:03 21778970                   /usr/lib/jvm/java-21-openjdk-amd64/lib/libjava.so
772aa7a4d000-772aa7a4e000 rw-p 00022000 08:03 21778970                   /usr/lib/jvm/java-21-openjdk-amd64/lib/libjava.so
772aa7a4e000-772aa7a4f000 rw-p 00000000 00:00 0 
772aa7a4f000-772aa7a51000 r--p 00000000 08:03 21778965                   /usr/lib/jvm/java-21-openjdk-amd64/lib/libinstrument.so
772aa7a51000-772aa7a57000 r-xp 00002000 08:03 21778965                   /usr/lib/jvm/java-21-openjdk-amd64/lib/libinstrument.so
772aa7a57000-772aa7a5a000 r--p 00008000 08:03 21778965                   /usr/lib/jvm/java-21-openjdk-amd64/lib/libinstrument.so
772aa7a5a000-772aa7a5b000 r--p 0000a000 08:03 21778965                   /usr/lib/jvm/java-21-openjdk-amd64/lib/libinstrument.so
772aa7a5b000-772aa7a5c000 rw-p 0000b000 08:03 21778965                   /usr/lib/jvm/java-21-openjdk-amd64/lib/libinstrument.so
772aa7a5c000-772aa7a60000 r--p 00000000 08:03 19532130                   /usr/lib/x86_64-linux-gnu/libgcc_s.so.1
772aa7a60000-772aa7a84000 r-xp 00004000 08:03 19532130                   /usr/lib/x86_64-linux-gnu/libgcc_s.so.1
772aa7a84000-772aa7a88000 r--p 00028000 08:03 19532130                   /usr/lib/x86_64-linux-gnu/libgcc_s.so.1
772aa7a88000-772aa7a89000 r--p 0002b000 08:03 19532130                   /usr/lib/x86_64-linux-gnu/libgcc_s.so.1
772aa7a89000-772aa7a8a000 rw-p 0002c000 08:03 19532130                   /usr/lib/x86_64-linux-gnu/libgcc_s.so.1
772aa7a8a000-772aa7a9a000 r--p 00000000 08:03 19530215                   /usr/lib/x86_64-linux-gnu/libm.so.6
772aa7a9a000-772aa7b19000 r-xp 00010000 08:03 19530215                   /usr/lib/x86_64-linux-gnu/libm.so.6
772aa7b19000-772aa7b71000 r--p 0008f000 08:03 19530215                   /usr/lib/x86_64-linux-gnu/libm.so.6
772aa7b71000-772aa7b72000 r--p 000e7000 08:03 19530215                   /usr/lib/x86_64-linux-gnu/libm.so.6
772aa7b72000-772aa7b73000 rw-p 000e8000 08:03 19530215                   /usr/lib/x86_64-linux-gnu/libm.so.6
772aa7b73000-772aa7b75000 rw-p 00000000 00:00 0 
772aa7b75000-772aa7b77000 r--p 00000000 08:03 21778974                   /usr/lib/jvm/java-21-openjdk-amd64/lib/libjli.so
772aa7b77000-772aa7b81000 r-xp 00002000 08:03 21778974                   /usr/lib/jvm/java-21-openjdk-amd64/lib/libjli.so
772aa7b81000-772aa7b84000 r--p 0000c000 08:03 21778974                   /usr/lib/jvm/java-21-openjdk-amd64/lib/libjli.so
772aa7b84000-772aa7b85000 r--p 0000f000 08:03 21778974                   /usr/lib/jvm/java-21-openjdk-amd64/lib/libjli.so
772aa7b85000-772aa7b86000 rw-p 00010000 08:03 21778974                   /usr/lib/jvm/java-21-openjdk-amd64/lib/libjli.so
772aa7b86000-772aa7b88000 r--p 00000000 08:03 19545410                   /usr/lib/x86_64-linux-gnu/libz.so.1.3
772aa7b88000-772aa7b9a000 r-xp 00002000 08:03 19545410                   /usr/lib/x86_64-linux-gnu/libz.so.1.3
772aa7b9a000-772aa7ba0000 r--p 00014000 08:03 19545410                   /usr/lib/x86_64-linux-gnu/libz.so.1.3
772aa7ba0000-772aa7ba1000 r--p 0001a000 08:03 19545410                   /usr/lib/x86_64-linux-gnu/libz.so.1.3
772aa7ba1000-772aa7ba2000 rw-p 0001b000 08:03 19545410                   /usr/lib/x86_64-linux-gnu/libz.so.1.3
772aa7ba2000-772aa7baa000 rw-s 00000000 08:03 28180537                   /tmp/hsperfdata_dan/3157
772aa7baa000-772aa7bab000 ---p 00000000 00:00 0 
772aa7bab000-772aa7bac000 r--p 00000000 00:00 0 
772aa7bac000-772aa7bad000 ---p 00000000 00:00 0 
772aa7bad000-772aa7baf000 r--p 00000000 08:03 21778973                   /usr/lib/jvm/java-21-openjdk-amd64/lib/libjimage.so
772aa7baf000-772aa7bb2000 r-xp 00002000 08:03 21778973                   /usr/lib/jvm/java-21-openjdk-amd64/lib/libjimage.so
772aa7bb2000-772aa7bb3000 r--p 00005000 08:03 21778973                   /usr/lib/jvm/java-21-openjdk-amd64/lib/libjimage.so
772aa7bb3000-772aa7bb4000 r--p 00006000 08:03 21778973                   /usr/lib/jvm/java-21-openjdk-amd64/lib/libjimage.so
772aa7bb4000-772aa7bb5000 rw-p 00007000 08:03 21778973                   /usr/lib/jvm/java-21-openjdk-amd64/lib/libjimage.so
772aa7bb5000-772aa7bb7000 rw-p 00000000 00:00 0 
772aa7bb7000-772aa7bbb000 r--p 00000000 00:00 0                          [vvar]
772aa7bbb000-772aa7bbd000 r--p 00000000 00:00 0                          [vvar_vclock]
772aa7bbd000-772aa7bbf000 r-xp 00000000 00:00 0                          [vdso]
772aa7bbf000-772aa7bc0000 r--p 00000000 08:03 19529759                   /usr/lib/x86_64-linux-gnu/ld-linux-x86-64.so.2
772aa7bc0000-772aa7beb000 r-xp 00001000 08:03 19529759                   /usr/lib/x86_64-linux-gnu/ld-linux-x86-64.so.2
772aa7beb000-772aa7bf5000 r--p 0002c000 08:03 19529759                   /usr/lib/x86_64-linux-gnu/ld-linux-x86-64.so.2
772aa7bf5000-772aa7bf7000 r--p 00036000 08:03 19529759                   /usr/lib/x86_64-linux-gnu/ld-linux-x86-64.so.2
772aa7bf7000-772aa7bf9000 rw-p 00038000 08:03 19529759                   /usr/lib/x86_64-linux-gnu/ld-linux-x86-64.so.2
7fffea249000-7fffea26b000 rw-p 00000000 00:00 0                          [stack]
ffffffffff600000-ffffffffff601000 --xp 00000000 00:00 0                  [vsyscall]
Total number of mappings: 319

JVMTI agents:
/home/dan/.vscode/extensions/redhat.java-1.55.0-linux-x64/lombok/lombok-1.18.39-4050.jar path:none, loaded, initialized, instrumentlib options:none


VM Arguments:
jvm_args: --add-modules=ALL-SYSTEM --add-opens=java.base/java.util=ALL-UNNAMED --add-opens=java.base/java.lang=ALL-UNNAMED --add-opens=java.base/sun.nio.fs=ALL-UNNAMED -Declipse.application=org.eclipse.jdt.ls.core.id1 -Dosgi.bundles.defaultStartLevel=4 -Declipse.product=org.eclipse.jdt.ls.core.product -Djava.import.generatesMetadataFilesAtProjectRoot=false -DDetectVMInstallationsJob.disabled=true -Dfile.encoding=utf8 -XX:+UseParallelGC -XX:GCTimeRatio=4 -XX:AdaptiveSizePolicyWeight=90 -Dsun.zip.disableMemoryMapping=true -Xmx2G -Xms100m -Xlog:disable -javaagent:/home/dan/.vscode/extensions/redhat.java-1.55.0-linux-x64/lombok/lombok-1.18.39-4050.jar 
java_command: /home/dan/.vscode/extensions/redhat.java-1.55.0-linux-x64/server/plugins/org.eclipse.equinox.launcher_1.7.200.v20260619-2039.jar -configuration /home/dan/.config/Code/User/globalStorage/redhat.java/1.55.0/config_ss_linux -data /home/dan/.config/Code/User/workspaceStorage/3e564cfedea14a04fad4b011b1314378/redhat.java/ss_ws --pipe=/run/user/1000/lsp-d95abbe80896e51c014cf05a3b6cde3e.sock
java_class_path (initial): /home/dan/.vscode/extensions/redhat.java-1.55.0-linux-x64/server/plugins/org.eclipse.equinox.launcher_1.7.200.v20260619-2039.jar
Launcher Type: SUN_STANDARD

[Global flags]
    uintx AdaptiveSizePolicyWeight                 = 90                                        {product} {command line}
     intx CICompilerCount                          = 3                                         {product} {ergonomic}
    uintx GCTimeRatio                              = 4                                         {product} {command line}
   size_t InitialHeapSize                          = 104857600                                 {product} {command line}
   size_t MaxHeapSize                              = 2147483648                                {product} {command line}
   size_t MaxNewSize                               = 715653120                                 {product} {ergonomic}
   size_t MinHeapDeltaBytes                        = 524288                                    {product} {ergonomic}
   size_t MinHeapSize                              = 104857600                                 {product} {command line}
   size_t NewSize                                  = 34603008                                  {product} {ergonomic}
    uintx NonNMethodCodeHeapSize                   = 5832780                                {pd product} {ergonomic}
    uintx NonProfiledCodeHeapSize                  = 122912730                              {pd product} {ergonomic}
   size_t OldSize                                  = 70254592                                  {product} {ergonomic}
    uintx ProfiledCodeHeapSize                     = 122912730                              {pd product} {ergonomic}
    uintx ReservedCodeCacheSize                    = 251658240                              {pd product} {ergonomic}
     bool SegmentedCodeCache                       = true                                      {product} {ergonomic}
   size_t SoftMaxHeapSize                          = 2147483648                             {manageable} {ergonomic}
     bool UseCompressedOops                        = true                           {product lp64_product} {ergonomic}
     bool UseParallelGC                            = true                                      {product} {command line}

Logging:
Log output configuration:
 #0: stdout all=off uptime,level,tags foldmultilines=false
 #1: stderr all=off uptime,level,tags foldmultilines=false

Release file:
IMPLEMENTOR="Ubuntu"
JAVA_RUNTIME_VERSION="21.0.11+10-1-24.04.2-Ubuntu"
JAVA_VERSION="21.0.11"
JAVA_VERSION_DATE="2026-04-21"
LIBC="gnu"
MODULES="java.base java.compiler java.datatransfer java.xml java.prefs java.desktop java.instrument java.logging java.management java.security.sasl java.naming java.rmi java.management.rmi java.net.http java.scripting java.security.jgss java.transaction.xa java.sql java.sql.rowset java.xml.crypto java.se java.smartcardio jdk.accessibility jdk.internal.jvmstat jdk.attach jdk.charsets jdk.internal.opt jdk.zipfs jdk.compiler jdk.crypto.ec jdk.crypto.cryptoki jdk.dynalink jdk.internal.ed jdk.editpad jdk.hotspot.agent jdk.httpserver jdk.incubator.vector jdk.internal.le jdk.internal.vm.ci jdk.internal.vm.compiler jdk.internal.vm.compiler.management jdk.jartool jdk.javadoc jdk.jcmd jdk.management jdk.management.agent jdk.jconsole jdk.jdeps jdk.jdwp.agent jdk.jdi jdk.jfr jdk.jlink jdk.jpackage jdk.jshell jdk.jsobject jdk.jstatd jdk.localedata jdk.management.jfr jdk.naming.dns jdk.naming.rmi jdk.net jdk.nio.mapmode jdk.random jdk.sctp jdk.security.auth jdk.security.jgss jdk.unsupported jdk.unsupported.desktop jdk.xml.dom"
OS_ARCH="x86_64"
OS_NAME="Linux"
SOURCE=""

Environment Variables:
PATH=/usr/local/sbin:/usr/local/bin:/usr/sbin:/usr/bin:/sbin:/bin:/usr/games:/usr/local/games:/snap/bin
SHELL=/bin/bash
DISPLAY=:0
LANG=pt_BR.UTF-8
LC_NUMERIC=es_AR.UTF-8

Active Locale:
LC_ALL=LC_CTYPE=pt_BR.UTF-8;LC_NUMERIC=es_AR.UTF-8;LC_TIME=pt_BR.UTF-8;LC_COLLATE=pt_BR.UTF-8;LC_MONETARY=es_AR.UTF-8;LC_MESSAGES=pt_BR.UTF-8;LC_PAPER=es_AR.UTF-8;LC_NAME=es_AR.UTF-8;LC_ADDRESS=es_AR.UTF-8;LC_TELEPHONE=es_AR.UTF-8;LC_MEASUREMENT=es_AR.UTF-8;LC_IDENTIFICATION=es_AR.UTF-8
LC_COLLATE=pt_BR.UTF-8
LC_CTYPE=pt_BR.UTF-8
LC_MESSAGES=pt_BR.UTF-8
LC_MONETARY=es_AR.UTF-8
LC_NUMERIC=es_AR.UTF-8
LC_TIME=pt_BR.UTF-8

Signal Handlers:
   SIGSEGV: crash_handler in libjvm.so, mask=11100100010111111101111111111110, flags=SA_RESTART|SA_SIGINFO, unblocked
    SIGBUS: crash_handler in libjvm.so, mask=11100100010111111101111111111110, flags=SA_RESTART|SA_SIGINFO, unblocked
    SIGFPE: crash_handler in libjvm.so, mask=11100100010111111101111111111110, flags=SA_RESTART|SA_SIGINFO, unblocked
   SIGPIPE: javaSignalHandler in libjvm.so, mask=11100100010111111101111111111110, flags=SA_RESTART|SA_SIGINFO, blocked
   SIGXFSZ: javaSignalHandler in libjvm.so, mask=11100100010111111101111111111110, flags=SA_RESTART|SA_SIGINFO, blocked
    SIGILL: crash_handler in libjvm.so, mask=11100100010111111101111111111110, flags=SA_RESTART|SA_SIGINFO, unblocked
   SIGUSR2: SR_handler in libjvm.so, mask=00000000000000000000000000000000, flags=SA_RESTART|SA_SIGINFO, blocked
    SIGHUP: UserHandler in libjvm.so, mask=11100100010111111101111111111110, flags=SA_RESTART|SA_SIGINFO, blocked
    SIGINT: UserHandler in libjvm.so, mask=11100100010111111101111111111110, flags=SA_RESTART|SA_SIGINFO, blocked
   SIGTERM: UserHandler in libjvm.so, mask=11100100010111111101111111111110, flags=SA_RESTART|SA_SIGINFO, blocked
   SIGQUIT: UserHandler in libjvm.so, mask=11100100010111111101111111111110, flags=SA_RESTART|SA_SIGINFO, blocked
   SIGTRAP: crash_handler in libjvm.so, mask=11100100010111111101111111111110, flags=SA_RESTART|SA_SIGINFO, unblocked


Periodic native trim disabled

---------------  S Y S T E M  ---------------

OS:
DISTRIB_ID=LinuxMint
DISTRIB_RELEASE=22.3
DISTRIB_CODENAME=zena
DISTRIB_DESCRIPTION="Linux Mint 22.3 Zena"
uname: Linux 7.0.0-28-generic #28~24.04.1-Ubuntu SMP PREEMPT_DYNAMIC Wed Jul  1 15:50:57 UTC 2 x86_64
OS uptime: 0 days 0:45 hours
libc: glibc 2.39 NPTL 2.39 
rlimit (soft/hard): STACK 8192k/infinity , CORE 0k/infinity , NPROC 25917/25917 , NOFILE 1048576/1048576 , AS infinity/infinity , CPU infinity/infinity , DATA infinity/infinity , FSIZE infinity/infinity , MEMLOCK 1000960k/1000960k
load average: 5,18 2,30 1,51

/proc/meminfo:
MemTotal:        8007704 kB
MemFree:         2481424 kB
MemAvailable:    5326852 kB
Buffers:          118084 kB
Cached:          3105888 kB
SwapCached:            0 kB
Active:          4246476 kB
Inactive:         756856 kB
Active(anon):    1974552 kB
Inactive(anon):        0 kB
Active(file):    2271924 kB
Inactive(file):   756856 kB
Unevictable:      164752 kB
Mlocked:              80 kB
SwapTotal:       2097148 kB
SwapFree:        2097148 kB
Zswap:                 0 kB
Zswapped:              0 kB
Dirty:              8236 kB
Writeback:             0 kB
AnonPages:       1944548 kB
Mapped:           561980 kB
Shmem:            195168 kB
KReclaimable:      74912 kB
Slab:             178444 kB
SReclaimable:      74912 kB
SUnreclaim:       103532 kB
KernelStack:       12656 kB
PageTables:        32572 kB
SecPageTables:         0 kB
NFS_Unstable:          0 kB
Bounce:                0 kB
WritebackTmp:          0 kB
CommitLimit:     6101000 kB
Committed_AS:   11094296 kB
VmallocTotal:   34359738367 kB
VmallocUsed:       45180 kB
VmallocChunk:          0 kB
Percpu:             2560 kB
HardwareCorrupted:     0 kB
AnonHugePages:         0 kB
ShmemHugePages:        0 kB
ShmemPmdMapped:        0 kB
FileHugePages:     34816 kB
FilePmdMapped:         0 kB
CmaTotal:              0 kB
CmaFree:          305836 kB
Unaccepted:            0 kB
Balloon:               0 kB
HugePages_Total:       0
HugePages_Free:        0
HugePages_Rsvd:        0
HugePages_Surp:        0
Hugepagesize:       2048 kB
Hugetlb:               0 kB
DirectMap4k:      171188 kB
DirectMap2M:     8097792 kB

/sys/kernel/mm/transparent_hugepage/enabled: always [madvise] never
/sys/kernel/mm/transparent_hugepage/hpage_pmd_size: 2097152
/sys/kernel/mm/transparent_hugepage/defrag (defrag/compaction efforts parameter): always defer defer+madvise [madvise] never

Process Memory:
Virtual Size: 5813984K (peak: 5813984K)
Resident Set Size: 212868K (peak: 212868K) (anon: 186416K, file: 26452K, shmem: 0K)
Swapped out: 0K
C-Heap outstanding allocations: 50261K, retained: 43210K
glibc malloc tunables: (default)

/proc/sys/kernel/threads-max (system-wide limit on the number of threads): 51835
/proc/sys/vm/max_map_count (maximum number of memory map areas a process may have): 1048576
/proc/sys/vm/swappiness (control to define how aggressively the kernel swaps out anonymous memory): 10
/proc/sys/kernel/pid_max (system-wide limit on number of process identifiers): 4194304

container information not found.
Steal ticks since vm start: 0
Steal ticks percentage since vm start:  0,000

CPU: total 4 (initial active 4) (2 cores per cpu, 2 threads per core) family 6 model 58 stepping 9 microcode 0x21, cx8, cmov, fxsr, ht, mmx, sse, sse2, sse3, ssse3, sse4.1, sse4.2, popcnt, tsc, tscinvbit, avx, aes, erms, clmul, vzeroupper, clflush, rdtscp, f16c
CPU Model and flags from /proc/cpuinfo:
model name	: Intel(R) Core(TM) i5-3230M CPU @ 2.60GHz
flags		: fpu vme de pse tsc msr pae mce cx8 apic sep mtrr pge mca cmov pat pse36 clflush dts acpi mmx fxsr sse sse2 ss ht tm pbe syscall nx rdtscp lm constant_tsc arch_perfmon pebs bts rep_good nopl xtopology nonstop_tsc cpuid aperfmperf pni pclmulqdq dtes64 monitor ds_cpl est tm2 ssse3 cx16 xtpr pdcm pcid sse4_1 sse4_2 x2apic popcnt tsc_deadline_timer aes xsave avx f16c rdrand lahf_lm cpuid_fault epb pti ssbd ibrs ibpb stibp fsgsbase smep erms xsaveopt dtherm ida arat pln pts md_clear flush_l1d

Online cpus: 0-3
Offline cpus: 
BIOS frequency limitation: <Not Available>
Frequency switch latency (ns): 20000
Available cpu frequencies: <Not Available>
Current governor: schedutil
Core performance/turbo boost: <Not Available>

Memory: 4k page, physical 8007704k(5326852k free), swap 2097148k(2097148k free)
Page Sizes: 4k

vm_info: OpenJDK 64-Bit Server VM (21.0.11+10-1-24.04.2-Ubuntu) for linux-amd64 JRE (21.0.11+10-1-24.04.2-Ubuntu), built on 2026-04-26T09:33:23Z by "buildd" with gcc 13.3.0

END.
