#
# A fatal error has been detected by the Java Runtime Environment:
#
#  SIGSEGV (0xb) at pc=0x00007e737595e144, pid=3540, tid=3613
#
# JRE version: OpenJDK Runtime Environment (21.0.11+10) (build 21.0.11+10-1-24.04.2-Ubuntu)
# Java VM: OpenJDK 64-Bit Server VM (21.0.11+10-1-24.04.2-Ubuntu, mixed mode, sharing, tiered, compressed oops, compressed class ptrs, parallel gc, linux-amd64)
# Problematic frame:
# V  [libjvm.so+0xd5e144]  PhaseChaitin::yank_if_dead_recurse(Node*, Node*, Block*, Node_List*, Node_List*) [clone .part.0]+0x74
#
# Core dump will be written. Default location: Core dumps may be processed with "/usr/lib/systemd/systemd-coredump %P %u %g %s %t 9223372036854775808 %h %d" (or dumping to /home/dan/Documentos/Estudos-Java/maratona-java/core.3540)
#
# If you would like to submit a bug report, please visit:
#   https://bugs.launchpad.net/ubuntu/+source/openjdk-21
#

---------------  S U M M A R Y ------------

Command Line: --add-modules=ALL-SYSTEM --add-opens=java.base/java.util=ALL-UNNAMED --add-opens=java.base/java.lang=ALL-UNNAMED --add-opens=java.base/sun.nio.fs=ALL-UNNAMED -Declipse.application=org.eclipse.jdt.ls.core.id1 -Dosgi.bundles.defaultStartLevel=4 -Declipse.product=org.eclipse.jdt.ls.core.product -Djava.import.generatesMetadataFilesAtProjectRoot=false -DDetectVMInstallationsJob.disabled=true -Dfile.encoding=utf8 -XX:+UseParallelGC -XX:GCTimeRatio=4 -XX:AdaptiveSizePolicyWeight=90 -Dsun.zip.disableMemoryMapping=true -Xmx2G -Xms100m -Xlog:disable -javaagent:/home/dan/.vscode/extensions/redhat.java-1.55.0-linux-x64/lombok/lombok-1.18.39-4050.jar /home/dan/.vscode/extensions/redhat.java-1.55.0-linux-x64/server/plugins/org.eclipse.equinox.launcher_1.7.200.v20260619-2039.jar -configuration /home/dan/.config/Code/User/globalStorage/redhat.java/1.55.0/config_ss_linux -data /home/dan/.config/Code/User/workspaceStorage/3e564cfedea14a04fad4b011b1314378/redhat.java/ss_ws --pipe=/run/user/1000/lsp-57ca31b0b9921c0c79f369fcb6727351.sock

Host: Intel(R) Core(TM) i5-3230M CPU @ 2.60GHz, 4 cores, 7G, Linux Mint 22.3 Zena
Time: Thu Aug 20 09:19:29 2026 -03 elapsed time: 279.713541 seconds (0d 0h 4m 39s)

---------------  T H R E A D  ---------------

Current thread (0x00007e73700e7a70):  JavaThread "C2 CompilerThread0" daemon [_thread_in_native, id=3613, stack(0x00007e730d500000,0x00007e730d600000) (1024K)]


Current CompileTask:
C2:279713 2577       4       org.lombokweb.asm.ClassReader::readMethod (1070 bytes)

Stack: [0x00007e730d500000,0x00007e730d600000],  sp=0x00007e730d5fc0a0,  free space=1008k
Native frames: (J=compiled Java code, j=interpreted, Vv=VM code, C=native code)
V  [libjvm.so+0xd5e144]  PhaseChaitin::yank_if_dead_recurse(Node*, Node*, Block*, Node_List*, Node_List*) [clone .part.0]+0x74
V  [libjvm.so+0xd60f00]  PhaseChaitin::post_allocate_copy_removal()+0x1460
V  [libjvm.so+0x5bcda8]  PhaseChaitin::Register_Allocate()+0x9a8
V  [libjvm.so+0x667832]  Compile::Code_Gen()+0x332
V  [libjvm.so+0x66b256]  Compile::Compile(ciEnv*, ciMethod*, int, Options, DirectiveSet*)+0x1426
V  [libjvm.so+0x58e15d]  C2Compiler::compile_method(ciEnv*, ciMethod*, int, bool, DirectiveSet*)+0x19d
V  [libjvm.so+0x670ff3]  CompileBroker::invoke_compiler_on_method(CompileTask*)+0xc73
V  [libjvm.so+0x674218]  CompileBroker::compiler_thread_loop()+0x6d8
V  [libjvm.so+0x92c516]  JavaThread::thread_main_inner()+0x1e6
V  [libjvm.so+0xf90cb7]  Thread::call_run()+0xa7
V  [libjvm.so+0xd06fd5]  thread_native_entry(Thread*)+0xd5
C  [libc.so.6+0x9cb84]

siginfo: si_signo: 11 (SIGSEGV), si_code: 2 (SEGV_ACCERR), si_addr: 0x00007e72e3fffff8

Registers:
RAX=0x00007e72e3fffff8, RBX=0x0000000000000001, RCX=0x000000000000001e, RDX=0x00007e72e83a32e8
RSP=0x00007e730d5fc0a0, RBP=0x00007e730d5fc0f0, RSI=0x00007e72e438bdd0, RDI=0x00007e72e83a31c0
R8 =0x00007e72e4d89ca8, R9 =0x00007e72e441e0c0, R10=0x0000000000000001, R11=0x0000000000000028
R12=0x00007e730d5fc6d0, R13=0x00007e72e4fca0f0, R14=0x00007e72e4fc8c20, R15=0x00007e72e83a3280
RIP=0x00007e737595e144, EFLAGS=0x0000000000010212, CSGSFS=0x002b000000000033, ERR=0x0000000000000004
  TRAPNO=0x000000000000000e

XMM[0]=0x0000000000000000 0x0000000000000000
XMM[1]=0x0000000000000000 0x00007e72e499f280
XMM[2]=0x00007e72e825f528 0x00007e72e825f528
XMM[3]=0x00007e72e825f528 0x00007e72e825f528
XMM[4]=0x0000000000000000 0x00007e72e4000090
XMM[5]=0x0000000000000000 0x0000000000000000
XMM[6]=0x0000000000000000 0x0000000000000000
XMM[7]=0x0000000000000000 0x0000000000000000
XMM[8]=0x0000000000000000 0x0000000000000000
XMM[9]=0x0000000000000000 0x46293e5939a08cea
XMM[10]=0x0000000000000000 0x4376345785d8a000
XMM[11]=0x00007e72e452e980 0x00007e72e452ea40
XMM[12]=0x00007e72e452e8c0 0x00007e72e452e860
XMM[13]=0x0000000000000000 0x0000000000000000
XMM[14]=0x0000000000000000 0x0000000000000000
XMM[15]=0xcafebabecafebabe 0xcafebabecafebabe
  MXCSR=0x00001fa2


Register to memory mapping:

RAX=0x00007e72e3fffff8 is an unknown value
RBX=0x0000000000000001 is an unknown value
RCX=0x000000000000001e is an unknown value
RDX=0x00007e72e83a32e8 points into unknown readable memory: 0x00007e72e438bdd0 | d0 bd 38 e4 72 7e 00 00
RSP=0x00007e730d5fc0a0 is pointing into the stack for thread: 0x00007e73700e7a70
RBP=0x00007e730d5fc0f0 is pointing into the stack for thread: 0x00007e73700e7a70
RSI=0x00007e72e438bdd0 points into unknown readable memory: 0x00007e737609e890 | 90 e8 09 76 73 7e 00 00
RDI=0x00007e72e83a31c0 points into unknown readable memory: 0x00007e72e8361c00 | 00 1c 36 e8 72 7e 00 00
R8 =0x00007e72e4d89ca8 points into unknown readable memory: 0x00007e72e438b2b8 | b8 b2 38 e4 72 7e 00 00
R9 =0x00007e72e441e0c0 points into unknown readable memory: 0x00007e730d5fde10 | 10 de 5f 0d 73 7e 00 00
R10=0x0000000000000001 is an unknown value
R11=0x0000000000000028 is an unknown value
R12=0x00007e730d5fc6d0 is pointing into the stack for thread: 0x00007e73700e7a70
R13=0x00007e72e4fca0f0 points into unknown readable memory: 0x00007e73700e5ef0 | f0 5e 0e 70 73 7e 00 00
R14=0x00007e72e4fc8c20 points into unknown readable memory: 0x00007e73700e5ef0 | f0 5e 0e 70 73 7e 00 00
R15=0x00007e72e83a3280 points into unknown readable memory: 0x00007e73760124f8 | f8 24 01 76 73 7e 00 00

Top of Stack: (sp=0x00007e730d5fc0a0)
0x00007e730d5fc0a0:   00007e720000027d 0000000000000008   }...r~..........
0x00007e730d5fc0b0:   00007e72e441e0b0 00007e72e83a3280   ..A.r~...2:.r~..
0x00007e730d5fc0c0:   0000000000000005 000000000000027d   ........}.......
0x00007e730d5fc0d0:   0000000000000005 0000000000077850   ........Px......
0x00007e730d5fc0e0:   00007e72e83a3280 00007e72e4fca0f0   .2:.r~......r~..
0x00007e730d5fc0f0:   00007e730d5fc2d0 00007e7375960f00   .._.s~.....us~..
0x00007e730d5fc100:   00000000001b20b0 00007e730d5fc1e0   . ........_.s~..
0x00007e730d5fc110:   00007e73700e5ef0 00007e72ac0aa6b8   .^.ps~......r~..
0x00007e730d5fc120:   00007e72ac0a26d0 00007e72ac0a46e0   .&..r~...F..r~..
0x00007e730d5fc130:   0000000000000080 0000000000000008   ................
0x00007e730d5fc140:   00007e72e441e210 0000000100000000   ..A.r~..........
0x00007e730d5fc150:   00007e72ac0a6798 00007e72ac0a46e0   .g..r~...F..r~..
0x00007e730d5fc160:   00007e72e4cb2b90 00000000001b20b0   .+..r~... ......
0x00007e730d5fc170:   00007e7200000005 00007e730d5fc6d0   ....r~...._.s~..
0x00007e730d5fc180:   0000000000000004 00007e72e80ba6e0   ............r~..
0x00007e730d5fc190:   00007e72e441e0b0 00007e7200000009   ..A.r~......r~..
0x00007e730d5fc1a0:   0000000000000002 0000000000000004   ................
0x00007e730d5fc1b0:   00007e72e438bdd0 00007e72e4fc8c20   ..8.r~.. ...r~..
0x00007e730d5fc1c0:   0000001000000000 00007e72ac0a8850   ........P...r~..
0x00007e730d5fc1d0:   0000000000000000 00000000001a75c0   .........u......
0x00007e730d5fc1e0:   00007e730d5f0000 0000000000000000   .._.s~..........
0x00007e730d5fc1f0:   00007e730d5fc6d0 00007e730d5fc200   .._.s~...._.s~..
0x00007e730d5fc200:   0000752f0000213d 00007e7375d3fdc8   =!../u.....us~..
0x00007e730d5fc210:   0000000000000000 0000000000000000   ................
0x00007e730d5fc220:   0000000000000000 00007e7375d3fdc8   ...........us~..
0x00007e730d5fc230:   00007e72e45f0e00 00007e72e4fba2e0   .._.r~......r~..
0x00007e730d5fc240:   00007e72e4550000 0000000000000000   ..U.r~..........
0x00007e730d5fc250:   00007e730d5f0000 0000000000000000   .._.s~..........
0x00007e730d5fc260:   0000000000000000 00007e7375d23462   ........b4.us~..
0x00007e730d5fc270:   0000000000000000 00007e730d5fdb90   .........._.s~..
0x00007e730d5fc280:   0000000000000000 00007e7375d23462   ........b4.us~..
0x00007e730d5fc290:   0000000000000000 00007e7375d23452   ........R4.us~..

Instructions: (pc=0x00007e737595e144)
0x00007e737595e044:   d0 5b 41 5c 41 5d 41 5e 41 5f 5d c3 48 8d 78 68
0x00007e737595e054:   44 89 ee 89 55 c4 48 89 45 c8 e8 4d f7 75 ff 8b
0x00007e737595e064:   55 c4 48 8b 45 c8 eb 88 0f 1f 40 00 45 3b 6e 08
0x00007e737595e074:   73 2a 49 8b 46 10 4a c7 04 e8 00 00 00 00 45 3b
0x00007e737595e084:   67 08 73 30 49 8b 47 10 4a c7 04 e8 00 00 00 00
0x00007e737595e094:   eb a9 66 2e 0f 1f 84 00 00 00 00 00 44 89 ee 4c
0x00007e737595e0a4:   89 f7 89 55 c8 e8 52 1c f7 ff 8b 55 c8 eb c3 0f
0x00007e737595e0b4:   1f 44 00 00 44 89 e6 4c 89 ff 89 55 c8 e8 3a 1c
0x00007e737595e0c4:   f7 ff 8b 55 c8 eb bd 90 0f 1f 40 00 55 48 89 e5
0x00007e737595e0d4:   41 57 49 89 f7 41 56 4d 89 ce 41 55 4d 89 c5 4d
0x00007e737595e0e4:   89 c8 41 54 49 89 fc 53 48 83 ec 28 48 89 55 c8
0x00007e737595e0f4:   48 89 ca 48 89 4d c0 4c 89 e9 e8 9d fe ff ff 89
0x00007e737595e104:   c3 41 8b 47 18 83 f8 01 0f 86 90 00 00 00 45 31
0x00007e737595e114:   d2 49 8b 57 08 49 83 c2 01 4a 8d 14 d2 48 8b 32
0x00007e737595e124:   48 85 f6 74 6d 4c 8b 46 10 4d 85 c0 74 24 8b 46
0x00007e737595e134:   20 48 89 c1 49 8d 04 c0 0f 1f 40 00 48 83 e8 08
0x00007e737595e144:   4c 3b 38 75 f7 83 e9 01 89 4e 20 49 8b 0c c8 48
0x00007e737595e154:   89 08 48 c7 02 00 00 00 00 8b 46 20 85 c0 75 2e
0x00007e737595e164:   49 8b 44 24 10 48 3b b0 e8 02 00 00 74 20 48 8b
0x00007e737595e174:   4d c0 48 8b 55 c8 4d 89 f1 4d 89 e8 4c 89 e7 4c
0x00007e737595e184:   89 55 b8 e8 44 ff ff ff 4c 8b 55 b8 01 c3 41 8b
0x00007e737595e194:   47 18 41 8d 52 01 39 c2 0f 82 73 ff ff ff 49 8b
0x00007e737595e1a4:   74 24 10 4c 89 ff e8 c1 12 f7 ff 48 83 c4 28 89
0x00007e737595e1b4:   d8 5b 41 5c 41 5d 41 5e 41 5f 5d c3 f3 0f 1e fa
0x00007e737595e1c4:   8b 46 20 85 c0 75 15 48 8b 47 10 48 3b b0 e8 02
0x00007e737595e1d4:   00 00 74 08 e9 f3 fe ff ff 0f 1f 00 31 c0 c3 90
0x00007e737595e1e4:   66 66 2e 0f 1f 84 00 00 00 00 00 90 f3 0f 1e fa
0x00007e737595e1f4:   55 48 89 e5 41 57 41 56 41 89 d6 41 55 41 54 53
0x00007e737595e204:   48 83 ec 38 48 8b 45 10 4c 89 45 c0 4c 89 4d b8
0x00007e737595e214:   48 89 45 b0 48 8b 46 08 4a 3b 0c f0 0f 84 92 00
0x00007e737595e224:   00 00 49 89 cf 8b 49 20 85 c9 0f 84 84 00 00 00
0x00007e737595e234:   48 89 fb 49 63 4f 28 48 8b 7f 70 49 89 f4 48 8b


Stack slot to memory mapping:

stack at sp + 0 slots: 0x00007e720000027d is an unknown value
stack at sp + 1 slots: 0x0000000000000008 is an unknown value
stack at sp + 2 slots: 0x00007e72e441e0b0 points into unknown readable memory: 0x00007e7375ff6f10 | 10 6f ff 75 73 7e 00 00
stack at sp + 3 slots: 0x00007e72e83a3280 points into unknown readable memory: 0x00007e73760124f8 | f8 24 01 76 73 7e 00 00
stack at sp + 4 slots: 0x0000000000000005 is an unknown value
stack at sp + 5 slots: 0x000000000000027d is an unknown value
stack at sp + 6 slots: 0x0000000000000005 is an unknown value
stack at sp + 7 slots: 0x0000000000077850 is an unknown value


---------------  P R O C E S S  ---------------

Threads class SMR info:
_java_thread_list=0x00007e72ac000c40, length=17, elements={
0x00007e7370018d80, 0x00007e73700e06e0, 0x00007e73700e1c30, 0x00007e73700e33b0,
0x00007e73700e49d0, 0x00007e73700e5f50, 0x00007e73700e7a70, 0x00007e73700e9110,
0x00007e7370190900, 0x00007e7370219680, 0x00007e737029cc70, 0x00007e73703db7c0,
0x00007e73703df480, 0x00007e72c8029f10, 0x00007e72c825d8c0, 0x00007e72c8383270,
0x00007e72c83c4750
}

Java Threads: ( => current thread )
  0x00007e7370018d80 JavaThread "main"                              [_thread_blocked, id=3564, stack(0x00007e7374b00000,0x00007e7374c00000) (1024K)]
  0x00007e73700e06e0 JavaThread "Reference Handler"          daemon [_thread_blocked, id=3604, stack(0x00007e734f2f8000,0x00007e734f3f8000) (1024K)]
  0x00007e73700e1c30 JavaThread "Finalizer"                  daemon [_thread_blocked, id=3605, stack(0x00007e734f1f8000,0x00007e734f2f8000) (1024K)]
  0x00007e73700e33b0 JavaThread "Signal Dispatcher"          daemon [_thread_blocked, id=3607, stack(0x00007e734f0f8000,0x00007e734f1f8000) (1024K)]
  0x00007e73700e49d0 JavaThread "Service Thread"             daemon [_thread_blocked, id=3608, stack(0x00007e730d700000,0x00007e730d800000) (1024K)]
  0x00007e73700e5f50 JavaThread "Monitor Deflation Thread"   daemon [_thread_blocked, id=3611, stack(0x00007e730d600000,0x00007e730d700000) (1024K)]
=>0x00007e73700e7a70 JavaThread "C2 CompilerThread0"         daemon [_thread_in_native, id=3613, stack(0x00007e730d500000,0x00007e730d600000) (1024K)]
  0x00007e73700e9110 JavaThread "C1 CompilerThread0"         daemon [_thread_blocked, id=3615, stack(0x00007e730d400000,0x00007e730d500000) (1024K)]
  0x00007e7370190900 JavaThread "Common-Cleaner"             daemon [_thread_blocked, id=3621, stack(0x00007e730d300000,0x00007e730d400000) (1024K)]
  0x00007e7370219680 JavaThread "Notification Thread"        daemon [_thread_blocked, id=3703, stack(0x00007e730d200000,0x00007e730d300000) (1024K)]
  0x00007e737029cc70 JavaThread "Active Thread: Equinox Container: ac08e520-0740-4311-9e7e-a27f810d943c"        [_thread_blocked, id=4559, stack(0x00007e730cdfd000,0x00007e730cefd000) (1024K)]
  0x00007e73703db7c0 JavaThread "Framework Event Dispatcher: Equinox Container: ac08e520-0740-4311-9e7e-a27f810d943c" daemon [_thread_blocked, id=4588, stack(0x00007e730ccfd000,0x00007e730cdfd000) (1024K)]
  0x00007e73703df480 JavaThread "Start Level: Equinox Container: ac08e520-0740-4311-9e7e-a27f810d943c" daemon [_thread_in_vm, id=4589, stack(0x00007e730cbfd000,0x00007e730ccfd000) (1024K)]
  0x00007e72c8029f10 JavaThread "SCR Component Actor"        daemon [_thread_blocked, id=4638, stack(0x00007e730cafd000,0x00007e730cbfd000) (1024K)]
  0x00007e72c825d8c0 JavaThread "Worker-JM"                         [_thread_blocked, id=4755, stack(0x00007e730c9fd000,0x00007e730cafd000) (1024K)]
  0x00007e72c8383270 JavaThread "Worker-0"                          [_thread_blocked, id=5014, stack(0x00007e730c8fd000,0x00007e730c9fd000) (1024K)]
  0x00007e72c83c4750 JavaThread "Worker-1"                          [_thread_blocked, id=5015, stack(0x00007e730c7fd000,0x00007e730c8fd000) (1024K)]
Total: 17

Other Threads:
  0x00007e73700d6270 VMThread "VM Thread"                           [id=3599, stack(0x00007e734f3f9000,0x00007e734f4f9000) (1024K)]
  0x00007e73700407c0 WatcherThread "VM Periodic Task Thread"        [id=3597, stack(0x00007e736ff00000,0x00007e7370000000) (1024K)]
  0x00007e73700318c0 WorkerThread "GC Thread#0"                     [id=3592, stack(0x00007e7374129000,0x00007e7374229000) (1024K)]
  0x00007e72fc000f50 WorkerThread "GC Thread#1"                     [id=4391, stack(0x00007e730d100000,0x00007e730d200000) (1024K)]
  0x00007e72fc002da0 WorkerThread "GC Thread#2"                     [id=4394, stack(0x00007e730cfff000,0x00007e730d0ff000) (1024K)]
  0x00007e72fc0038a0 WorkerThread "GC Thread#3"                     [id=4395, stack(0x00007e730cefe000,0x00007e730cffe000) (1024K)]
Total: 6

Threads with active compile tasks:
C2 CompilerThread0  279814 2577       4       org.lombokweb.asm.ClassReader::readMethod (1070 bytes)
Total: 1

VM state: not at safepoint (normal execution)

VM Mutex/Monitor currently owned by a thread: None

Heap address: 0x0000000080000000, size: 2048 MB, Compressed Oops mode: 32-bit

CDS archive(s) mapped at: [0x00007e730e000000-0x00007e730ec9c000-0x00007e730ec9c000), size 13221888, SharedBaseAddress: 0x00007e730e000000, ArchiveRelocationMode: 1.
Compressed class space mapped at: 0x00007e730f000000-0x00007e734f000000, reserved size: 1073741824
Narrow klass base: 0x00007e730e000000, Narrow klass shift: 0, Narrow klass range: 0x100000000

GC Precious Log:
 CardTable entry size: 512
 CPUs: 4 total, 4 available
 Memory: 7820M
 Large Page Support: Disabled
 NUMA Support: Disabled
 Compressed Oops: Enabled (32-bit)
 Alignments: Space 512K, Generation 512K, Heap 2M
 Heap Min Capacity: 100M
 Heap Initial Capacity: 100M
 Heap Max Capacity: 2G
 Pre-touch: Disabled
 Parallel Workers: 4

Heap:
 PSYoungGen      total 29696K, used 20953K [0x00000000d5580000, 0x00000000d7900000, 0x0000000100000000)
  eden space 25088K, 83% used [0x00000000d5580000,0x00000000d69f6428,0x00000000d6e00000)
  from space 4608K, 0% used [0x00000000d7480000,0x00000000d7480000,0x00000000d7900000)
  to   space 5120K, 0% used [0x00000000d6f00000,0x00000000d6f00000,0x00000000d7400000)
 ParOldGen       total 68608K, used 8830K [0x0000000080000000, 0x0000000084300000, 0x00000000d5580000)
  object space 68608K, 12% used [0x0000000080000000,0x000000008089fbb0,0x0000000084300000)
 Metaspace       used 22325K, committed 22912K, reserved 1114112K
  class space    used 2083K, committed 2368K, reserved 1048576K

Card table byte_map: [0x00007e7374229000,0x00007e737462a000] _byte_map_base: 0x00007e7373e29000

Marking Bits: (ParMarkBitMap*) 0x00007e73761301e0
 Begin Bits: [0x00007e7350000000, 0x00007e7352000000)
 End Bits:   [0x00007e7352000000, 0x00007e7354000000)

Polling page: 0x00007e7376562000

Metaspace:

Usage:
  Non-class:     19,77 MB used.
      Class:      2,03 MB used.
       Both:     21,80 MB used.

Virtual space:
  Non-class space:       64,00 MB reserved,      20,06 MB ( 31%) committed,  1 nodes.
      Class space:        1,00 GB reserved,       2,31 MB ( <1%) committed,  1 nodes.
             Both:        1,06 GB reserved,      22,38 MB (  2%) committed. 

Chunk freelists:
   Non-Class:  11,00 MB
       Class:  13,51 MB
        Both:  24,51 MB

MaxMetaspaceSize: unlimited
CompressedClassSpaceSize: 1,00 GB
Initial GC threshold: 21,00 MB
Current GC threshold: 35,00 MB
CDS: on
 - commit_granule_bytes: 65536.
 - commit_granule_words: 8192.
 - virtual_space_node_default_size: 8388608.
 - enlarge_chunks_in_place: 1.
 - use_allocation_guard: 0.


Internal statistics:

num_allocs_failed_limit: 3.
num_arena_births: 466.
num_arena_deaths: 14.
num_vsnodes_births: 2.
num_vsnodes_deaths: 0.
num_space_committed: 358.
num_space_uncommitted: 0.
num_chunks_returned_to_freelist: 17.
num_chunks_taken_from_freelist: 1294.
num_chunk_merges: 8.
num_chunk_splits: 845.
num_chunks_enlarged: 549.
num_inconsistent_stats: 0.

CodeHeap 'non-profiled nmethods': size=120032Kb used=1113Kb max_used=1113Kb free=118918Kb
 bounds [0x00007e73602c8000, 0x00007e7360538000, 0x00007e7367800000]
CodeHeap 'profiled nmethods': size=120028Kb used=5205Kb max_used=5205Kb free=114822Kb
 bounds [0x00007e7358800000, 0x00007e7358d20000, 0x00007e735fd37000]
CodeHeap 'non-nmethods': size=5700Kb used=1297Kb max_used=1314Kb free=4402Kb
 bounds [0x00007e735fd37000, 0x00007e735ffa7000, 0x00007e73602c8000]
CodeCache: size=245760Kb, used=7615Kb, max_used=7632Kb, free=238142Kb
 total_blobs=3318, nmethods=2728, adapters=497, full_count=0
Compilation: enabled, stopped_count=0, restarted_count=0

Compilation events (20 events):
Event: 279,437 Thread 0x00007e73700e9110 nmethod 2723 0x00007e73603dbf10 code [0x00007e73603dc0a0, 0x00007e73603dc160]
Event: 279,437 Thread 0x00007e73700e9110 2724       1       org.eclipse.core.internal.dtree.DataTreeNode::getData (5 bytes)
Event: 279,437 Thread 0x00007e73700e9110 nmethod 2724 0x00007e73603dc210 code [0x00007e73603dc3a0, 0x00007e73603dc460]
Event: 279,450 Thread 0x00007e73700e9110 2725       1       sun.nio.fs.UnixFileSystem::provider (5 bytes)
Event: 279,450 Thread 0x00007e73700e9110 nmethod 2725 0x00007e73603dc510 code [0x00007e73603dc6a0, 0x00007e73603dc760]
Event: 279,450 Thread 0x00007e73700e9110 2726       3       java.util.Collections::emptySet (4 bytes)
Event: 279,450 Thread 0x00007e73700e9110 nmethod 2726 0x00007e7358d12710 code [0x00007e7358d128a0, 0x00007e7358d12990]
Event: 279,456 Thread 0x00007e72e8103d60 nmethod 2683 0x00007e73603dc810 code [0x00007e73603dca60, 0x00007e73603dd720]
Event: 279,456 Thread 0x00007e72e8103d60 2677       4       org.lombokweb.asm.SymbolTable::addConstantUtf8Reference (20 bytes)
Event: 279,460 Thread 0x00007e72e8103d60 nmethod 2677 0x00007e73603ddf90 code [0x00007e73603de140, 0x00007e73603de420]
Event: 279,568 Thread 0x00007e73700e9110 2727       3       com.sun.org.apache.xerces.internal.utils.XMLSecurityManager::getOldSystemProperty (65 bytes)
Event: 279,569 Thread 0x00007e73700e9110 nmethod 2727 0x00007e7358d12a10 code [0x00007e7358d12c20, 0x00007e7358d131f0]
Event: 279,569 Thread 0x00007e73700e9110 2728       3       com.sun.org.apache.xerces.internal.utils.XMLSecurityManager$NameMap::values (10 bytes)
Event: 279,569 Thread 0x00007e73700e9110 nmethod 2728 0x00007e7358d13490 code [0x00007e7358d13640, 0x00007e7358d138e0]
Event: 279,569 Thread 0x00007e73700e9110 2729       3       com.sun.org.apache.xerces.internal.parsers.XML11Configuration::getPropertyState (23 bytes)
Event: 279,569 Thread 0x00007e73700e9110 nmethod 2729 0x00007e7358d13990 code [0x00007e7358d13bc0, 0x00007e7358d14470]
Event: 279,569 Thread 0x00007e73700e9110 2730       3       com.sun.org.apache.xerces.internal.util.FeatureState::<init> (15 bytes)
Event: 279,570 Thread 0x00007e73700e9110 nmethod 2730 0x00007e7358d14790 code [0x00007e7358d14920, 0x00007e7358d14aa0]
Event: 279,570 Thread 0x00007e73700e9110 2731       3       com.sun.org.apache.xerces.internal.parsers.XIncludeAwareParserConfiguration::getFeatureState (40 bytes)
Event: 279,570 Thread 0x00007e73700e9110 nmethod 2731 0x00007e7358d14b90 code [0x00007e7358d14da0, 0x00007e7358d153d8]

GC Heap History (14 events):
Event: 127,236 GC heap before
{Heap before GC invocations=1 (full 0):
 PSYoungGen      total 29696K, used 25600K [0x00000000d5580000, 0x00000000d7680000, 0x0000000100000000)
  eden space 25600K, 100% used [0x00000000d5580000,0x00000000d6e80000,0x00000000d6e80000)
  from space 4096K, 0% used [0x00000000d7280000,0x00000000d7280000,0x00000000d7680000)
  to   space 4096K, 0% used [0x00000000d6e80000,0x00000000d6e80000,0x00000000d7280000)
 ParOldGen       total 68608K, used 1073K [0x0000000080000000, 0x0000000084300000, 0x00000000d5580000)
  object space 68608K, 1% used [0x0000000080000000,0x000000008010c610,0x0000000084300000)
 Metaspace       used 4696K, committed 4928K, reserved 1114112K
  class space    used 477K, committed 576K, reserved 1048576K
}
Event: 127,247 GC heap after
{Heap after GC invocations=1 (full 0):
 PSYoungGen      total 29696K, used 2919K [0x00000000d5580000, 0x00000000d7680000, 0x0000000100000000)
  eden space 25600K, 0% used [0x00000000d5580000,0x00000000d5580000,0x00000000d6e80000)
  from space 4096K, 71% used [0x00000000d6e80000,0x00000000d7159e98,0x00000000d7280000)
  to   space 4096K, 0% used [0x00000000d7280000,0x00000000d7280000,0x00000000d7680000)
 ParOldGen       total 68608K, used 1081K [0x0000000080000000, 0x0000000084300000, 0x00000000d5580000)
  object space 68608K, 1% used [0x0000000080000000,0x000000008010e610,0x0000000084300000)
 Metaspace       used 4696K, committed 4928K, reserved 1114112K
  class space    used 477K, committed 576K, reserved 1048576K
}
Event: 160,980 GC heap before
{Heap before GC invocations=2 (full 0):
 PSYoungGen      total 29696K, used 28519K [0x00000000d5580000, 0x00000000d7680000, 0x0000000100000000)
  eden space 25600K, 100% used [0x00000000d5580000,0x00000000d6e80000,0x00000000d6e80000)
  from space 4096K, 71% used [0x00000000d6e80000,0x00000000d7159e98,0x00000000d7280000)
  to   space 4096K, 0% used [0x00000000d7280000,0x00000000d7280000,0x00000000d7680000)
 ParOldGen       total 68608K, used 1081K [0x0000000080000000, 0x0000000084300000, 0x00000000d5580000)
  object space 68608K, 1% used [0x0000000080000000,0x000000008010e610,0x0000000084300000)
 Metaspace       used 8508K, committed 8832K, reserved 1114112K
  class space    used 868K, committed 1024K, reserved 1048576K
}
Event: 160,988 GC heap after
{Heap after GC invocations=2 (full 0):
 PSYoungGen      total 29696K, used 4077K [0x00000000d5580000, 0x00000000d7680000, 0x0000000100000000)
  eden space 25600K, 0% used [0x00000000d5580000,0x00000000d5580000,0x00000000d6e80000)
  from space 4096K, 99% used [0x00000000d7280000,0x00000000d767b6a8,0x00000000d7680000)
  to   space 4096K, 0% used [0x00000000d6e80000,0x00000000d6e80000,0x00000000d7280000)
 ParOldGen       total 68608K, used 1716K [0x0000000080000000, 0x0000000084300000, 0x00000000d5580000)
  object space 68608K, 2% used [0x0000000080000000,0x00000000801ad2a0,0x0000000084300000)
 Metaspace       used 8508K, committed 8832K, reserved 1114112K
  class space    used 868K, committed 1024K, reserved 1048576K
}
Event: 238,128 GC heap before
{Heap before GC invocations=3 (full 0):
 PSYoungGen      total 29696K, used 29677K [0x00000000d5580000, 0x00000000d7680000, 0x0000000100000000)
  eden space 25600K, 100% used [0x00000000d5580000,0x00000000d6e80000,0x00000000d6e80000)
  from space 4096K, 99% used [0x00000000d7280000,0x00000000d767b6a8,0x00000000d7680000)
  to   space 4096K, 0% used [0x00000000d6e80000,0x00000000d6e80000,0x00000000d7280000)
 ParOldGen       total 68608K, used 1716K [0x0000000080000000, 0x0000000084300000, 0x00000000d5580000)
  object space 68608K, 2% used [0x0000000080000000,0x00000000801ad2a0,0x0000000084300000)
 Metaspace       used 13372K, committed 13888K, reserved 1114112K
  class space    used 1364K, committed 1600K, reserved 1048576K
}
Event: 238,144 GC heap after
{Heap after GC invocations=3 (full 0):
 PSYoungGen      total 29696K, used 4077K [0x00000000d5580000, 0x00000000d7680000, 0x0000000100000000)
  eden space 25600K, 0% used [0x00000000d5580000,0x00000000d5580000,0x00000000d6e80000)
  from space 4096K, 99% used [0x00000000d6e80000,0x00000000d727b7f0,0x00000000d7280000)
  to   space 4096K, 0% used [0x00000000d7280000,0x00000000d7280000,0x00000000d7680000)
 ParOldGen       total 68608K, used 3618K [0x0000000080000000, 0x0000000084300000, 0x00000000d5580000)
  object space 68608K, 5% used [0x0000000080000000,0x0000000080388978,0x0000000084300000)
 Metaspace       used 13372K, committed 13888K, reserved 1114112K
  class space    used 1364K, committed 1600K, reserved 1048576K
}
Event: 278,044 GC heap before
{Heap before GC invocations=4 (full 0):
 PSYoungGen      total 29696K, used 29677K [0x00000000d5580000, 0x00000000d7680000, 0x0000000100000000)
  eden space 25600K, 100% used [0x00000000d5580000,0x00000000d6e80000,0x00000000d6e80000)
  from space 4096K, 99% used [0x00000000d6e80000,0x00000000d727b7f0,0x00000000d7280000)
  to   space 4096K, 0% used [0x00000000d7280000,0x00000000d7280000,0x00000000d7680000)
 ParOldGen       total 68608K, used 3618K [0x0000000080000000, 0x0000000084300000, 0x00000000d5580000)
  object space 68608K, 5% used [0x0000000080000000,0x0000000080388978,0x0000000084300000)
 Metaspace       used 16945K, committed 17536K, reserved 1114112K
  class space    used 1711K, committed 1984K, reserved 1048576K
}
Event: 278,051 GC heap after
{Heap after GC invocations=4 (full 0):
 PSYoungGen      total 29696K, used 4067K [0x00000000d5580000, 0x00000000d7680000, 0x0000000100000000)
  eden space 25600K, 0% used [0x00000000d5580000,0x00000000d5580000,0x00000000d6e80000)
  from space 4096K, 99% used [0x00000000d7280000,0x00000000d7678ea8,0x00000000d7680000)
  to   space 4096K, 0% used [0x00000000d6e80000,0x00000000d6e80000,0x00000000d7280000)
 ParOldGen       total 68608K, used 6021K [0x0000000080000000, 0x0000000084300000, 0x00000000d5580000)
  object space 68608K, 8% used [0x0000000080000000,0x00000000805e1748,0x0000000084300000)
 Metaspace       used 16945K, committed 17536K, reserved 1114112K
  class space    used 1711K, committed 1984K, reserved 1048576K
}
Event: 278,947 GC heap before
{Heap before GC invocations=5 (full 0):
 PSYoungGen      total 29696K, used 29646K [0x00000000d5580000, 0x00000000d7680000, 0x0000000100000000)
  eden space 25600K, 99% used [0x00000000d5580000,0x00000000d6e7aad0,0x00000000d6e80000)
  from space 4096K, 99% used [0x00000000d7280000,0x00000000d7678ea8,0x00000000d7680000)
  to   space 4096K, 0% used [0x00000000d6e80000,0x00000000d6e80000,0x00000000d7280000)
 ParOldGen       total 68608K, used 6021K [0x0000000080000000, 0x0000000084300000, 0x00000000d5580000)
  object space 68608K, 8% used [0x0000000080000000,0x00000000805e1748,0x0000000084300000)
 Metaspace       used 20378K, committed 20928K, reserved 1114112K
  class space    used 1973K, committed 2240K, reserved 1048576K
}
Event: 278,956 GC heap after
{Heap after GC invocations=5 (full 0):
 PSYoungGen      total 29184K, used 4085K [0x00000000d5580000, 0x00000000d7b00000, 0x0000000100000000)
  eden space 25088K, 0% used [0x00000000d5580000,0x00000000d5580000,0x00000000d6e00000)
  from space 4096K, 99% used [0x00000000d6e80000,0x00000000d727d648,0x00000000d7280000)
  to   space 6656K, 0% used [0x00000000d7480000,0x00000000d7480000,0x00000000d7b00000)
 ParOldGen       total 68608K, used 8284K [0x0000000080000000, 0x0000000084300000, 0x00000000d5580000)
  object space 68608K, 12% used [0x0000000080000000,0x0000000080817240,0x0000000084300000)
 Metaspace       used 20378K, committed 20928K, reserved 1114112K
  class space    used 1973K, committed 2240K, reserved 1048576K
}
Event: 279,051 GC heap before
{Heap before GC invocations=6 (full 0):
 PSYoungGen      total 29184K, used 6430K [0x00000000d5580000, 0x00000000d7b00000, 0x0000000100000000)
  eden space 25088K, 9% used [0x00000000d5580000,0x00000000d57ca488,0x00000000d6e00000)
  from space 4096K, 99% used [0x00000000d6e80000,0x00000000d727d648,0x00000000d7280000)
  to   space 6656K, 0% used [0x00000000d7480000,0x00000000d7480000,0x00000000d7b00000)
 ParOldGen       total 68608K, used 8284K [0x0000000080000000, 0x0000000084300000, 0x00000000d5580000)
  object space 68608K, 12% used [0x0000000080000000,0x0000000080817240,0x0000000084300000)
 Metaspace       used 21003K, committed 21504K, reserved 1114112K
  class space    used 2006K, committed 2240K, reserved 1048576K
}
Event: 279,058 GC heap after
{Heap after GC invocations=6 (full 0):
 PSYoungGen      total 29696K, used 4166K [0x00000000d5580000, 0x00000000d7900000, 0x0000000100000000)
  eden space 25088K, 0% used [0x00000000d5580000,0x00000000d5580000,0x00000000d6e00000)
  from space 4608K, 90% used [0x00000000d7480000,0x00000000d7891808,0x00000000d7900000)
  to   space 5120K, 0% used [0x00000000d6f00000,0x00000000d6f00000,0x00000000d7400000)
 ParOldGen       total 68608K, used 8284K [0x0000000080000000, 0x0000000084300000, 0x00000000d5580000)
  object space 68608K, 12% used [0x0000000080000000,0x0000000080817240,0x0000000084300000)
 Metaspace       used 21003K, committed 21504K, reserved 1114112K
  class space    used 2006K, committed 2240K, reserved 1048576K
}
Event: 279,058 GC heap before
{Heap before GC invocations=7 (full 1):
 PSYoungGen      total 29696K, used 4166K [0x00000000d5580000, 0x00000000d7900000, 0x0000000100000000)
  eden space 25088K, 0% used [0x00000000d5580000,0x00000000d5580000,0x00000000d6e00000)
  from space 4608K, 90% used [0x00000000d7480000,0x00000000d7891808,0x00000000d7900000)
  to   space 5120K, 0% used [0x00000000d6f00000,0x00000000d6f00000,0x00000000d7400000)
 ParOldGen       total 68608K, used 8284K [0x0000000080000000, 0x0000000084300000, 0x00000000d5580000)
  object space 68608K, 12% used [0x0000000080000000,0x0000000080817240,0x0000000084300000)
 Metaspace       used 21003K, committed 21504K, reserved 1114112K
  class space    used 2006K, committed 2240K, reserved 1048576K
}
Event: 279,092 GC heap after
{Heap after GC invocations=7 (full 1):
 PSYoungGen      total 29696K, used 0K [0x00000000d5580000, 0x00000000d7900000, 0x0000000100000000)
  eden space 25088K, 0% used [0x00000000d5580000,0x00000000d5580000,0x00000000d6e00000)
  from space 4608K, 0% used [0x00000000d7480000,0x00000000d7480000,0x00000000d7900000)
  to   space 5120K, 0% used [0x00000000d6f00000,0x00000000d6f00000,0x00000000d7400000)
 ParOldGen       total 68608K, used 8830K [0x0000000080000000, 0x0000000084300000, 0x00000000d5580000)
  object space 68608K, 12% used [0x0000000080000000,0x000000008089fbb0,0x0000000084300000)
 Metaspace       used 20991K, committed 21504K, reserved 1114112K
  class space    used 2002K, committed 2240K, reserved 1048576K
}

Dll operation events (10 events):
Event: 4,433 Loaded shared library /usr/lib/jvm/java-21-openjdk-amd64/lib/libjava.so
Event: 7,480 Loaded shared library /usr/lib/jvm/java-21-openjdk-amd64/lib/libjsvml.so
Event: 8,385 Loaded shared library /usr/lib/jvm/java-21-openjdk-amd64/lib/libzip.so
Event: 9,176 Loaded shared library /usr/lib/jvm/java-21-openjdk-amd64/lib/libinstrument.so
Event: 11,294 Loaded shared library /usr/lib/jvm/java-21-openjdk-amd64/lib/libnio.so
Event: 11,301 Loaded shared library /usr/lib/jvm/java-21-openjdk-amd64/lib/libzip.so
Event: 13,390 Loaded shared library /usr/lib/jvm/java-21-openjdk-amd64/lib/libjimage.so
Event: 20,797 Loaded shared library /usr/lib/jvm/java-21-openjdk-amd64/lib/libverify.so
Event: 132,176 Loaded shared library /usr/lib/jvm/java-21-openjdk-amd64/lib/libnet.so
Event: 149,750 Loaded shared library /home/dan/.config/Code/User/globalStorage/redhat.java/1.55.0/config_ss_linux/org.eclipse.equinox.launcher/org.eclipse.equinox.launcher.gtk.linux.x86_64_1.2.1600.v20260613-0559/eclipse_11924.so

Deoptimization events (20 events):
Event: 277,526 Thread 0x00007e73703df480 Uncommon trap: trap_request=0xffffffde fr.pc=0x00007e73603b0344 relative=0x0000000000000204
Event: 277,526 Thread 0x00007e73703df480 Uncommon trap: reason=class_check action=maybe_recompile pc=0x00007e73603b0344 method=java.util.regex.Pattern$BmpCharPropertyGreedy.match(Ljava/util/regex/Matcher;ILjava/lang/CharSequence;)Z @ 70 c2
Event: 277,526 Thread 0x00007e73703df480 DEOPT PACKING pc=0x00007e73603b0344 sp=0x00007e730ccec1a0
Event: 277,526 Thread 0x00007e73703df480 DEOPT UNPACKING pc=0x00007e735fd8a399 sp=0x00007e730ccec168 mode 2
Event: 278,865 Thread 0x00007e73703df480 Uncommon trap: trap_request=0xffffff45 fr.pc=0x00007e73603d21f4 relative=0x0000000000000154
Event: 278,865 Thread 0x00007e73703df480 Uncommon trap: reason=unstable_if action=reinterpret pc=0x00007e73603d21f4 method=org.lombokweb.asm.ByteVector.putByteArray([BII)Lorg/lombokweb/asm/ByteVector; @ 20 c2
Event: 278,865 Thread 0x00007e73703df480 DEOPT PACKING pc=0x00007e73603d21f4 sp=0x00007e730cceb960
Event: 278,865 Thread 0x00007e73703df480 DEOPT UNPACKING pc=0x00007e735fd8a399 sp=0x00007e730cceb930 mode 2
Event: 278,865 Thread 0x00007e73703df480 Uncommon trap: trap_request=0xffffff45 fr.pc=0x00007e73603d17b0 relative=0x0000000000000370
Event: 278,865 Thread 0x00007e73703df480 Uncommon trap: reason=unstable_if action=reinterpret pc=0x00007e73603d17b0 method=org.lombokweb.asm.Label.resolve([BLorg/lombokweb/asm/ByteVector;I)Z @ 81 c2
Event: 278,865 Thread 0x00007e73703df480 DEOPT PACKING pc=0x00007e73603d17b0 sp=0x00007e730cceb9d0
Event: 278,865 Thread 0x00007e73703df480 DEOPT UNPACKING pc=0x00007e735fd8a399 sp=0x00007e730cceb8f8 mode 2
Event: 279,112 Thread 0x00007e73703df480 DEOPT PACKING pc=0x00007e7358909a9e sp=0x00007e730ccf6050
Event: 279,112 Thread 0x00007e73703df480 DEOPT UNPACKING pc=0x00007e735fd8ab2f sp=0x00007e730ccf5568 mode 0
Event: 279,156 Thread 0x00007e73703df480 Uncommon trap: trap_request=0xffffffcc fr.pc=0x00007e73603c4ff8 relative=0x0000000000000338
Event: 279,156 Thread 0x00007e73703df480 Uncommon trap: reason=intrinsic_or_type_checked_inlining action=make_not_entrant pc=0x00007e73603c4ff8 method=java.util.Arrays.copyOf([Ljava/lang/Object;ILjava/lang/Class;)[Ljava/lang/Object; @ 35 c2
Event: 279,156 Thread 0x00007e73703df480 DEOPT PACKING pc=0x00007e73603c4ff8 sp=0x00007e730ccf5c30
Event: 279,156 Thread 0x00007e73703df480 DEOPT UNPACKING pc=0x00007e735fd8a399 sp=0x00007e730ccf5bc0 mode 2
Event: 279,385 Thread 0x00007e73703df480 DEOPT PACKING pc=0x00007e7358b8cbfd sp=0x00007e730ccf4bf0
Event: 279,385 Thread 0x00007e73703df480 DEOPT UNPACKING pc=0x00007e735fd8ab2f sp=0x00007e730ccf4120 mode 0

Classes loaded (20 events):
Event: 279,523 Loading class java/nio/channels/NetworkChannel done
Event: 279,523 Loading class java/nio/channels/spi/AbstractSelectableChannel
Event: 279,523 Loading class java/nio/channels/SelectableChannel
Event: 279,523 Loading class java/nio/channels/SelectableChannel done
Event: 279,523 Loading class java/nio/channels/spi/AbstractSelectableChannel done
Event: 279,523 Loading class java/nio/channels/SocketChannel done
Event: 279,523 Loading class sun/nio/ch/SocketChannelImpl done
Event: 279,523 Loading class sun/nio/ch/ChannelInputStream
Event: 279,523 Loading class sun/nio/ch/ChannelInputStream done
Event: 279,523 Loading class sun/nio/ch/IOStatus
Event: 279,523 Loading class sun/nio/ch/IOStatus done
Event: 279,524 Loading class sun/nio/ch/Util
Event: 279,524 Loading class sun/nio/ch/Util done
Event: 279,524 Loading class sun/nio/ch/Util$1
Event: 279,524 Loading class sun/nio/ch/Util$1 done
Event: 279,524 Loading class sun/nio/ch/Util$BufferCache
Event: 279,524 Loading class sun/nio/ch/Util$BufferCache done
Event: 279,524 Loading class java/nio/DirectByteBuffer$Deallocator
Event: 279,524 Loading class java/nio/DirectByteBuffer$Deallocator done
Event: 279,569 Loading class com/sun/org/apache/xerces/internal/dom/DeferredDocumentImpl

Classes unloaded (7 events):
Event: 279,068 Thread 0x00007e73700d6270 Unloading class 0x00007e730f192c00 'java/lang/invoke/LambdaForm$MH+0x00007e730f192c00'
Event: 279,068 Thread 0x00007e73700d6270 Unloading class 0x00007e730f192800 'java/lang/invoke/LambdaForm$MH+0x00007e730f192800'
Event: 279,068 Thread 0x00007e73700d6270 Unloading class 0x00007e730f192400 'java/lang/invoke/LambdaForm$MH+0x00007e730f192400'
Event: 279,068 Thread 0x00007e73700d6270 Unloading class 0x00007e730f192000 'java/lang/invoke/LambdaForm$MH+0x00007e730f192000'
Event: 279,068 Thread 0x00007e73700d6270 Unloading class 0x00007e730f191c00 'java/lang/invoke/LambdaForm$BMH+0x00007e730f191c00'
Event: 279,068 Thread 0x00007e73700d6270 Unloading class 0x00007e730f191800 'java/lang/invoke/LambdaForm$DMH+0x00007e730f191800'
Event: 279,068 Thread 0x00007e73700d6270 Unloading class 0x00007e730f190800 'java/lang/invoke/LambdaForm$DMH+0x00007e730f190800'

Classes redefined (0 events):
No events

Internal exceptions (20 events):
Event: 251,983 Thread 0x00007e73703df480 Exception <a 'java/lang/NoSuchMethodError'{0x00000000d5f07ca8}: 'java.lang.Object java.lang.invoke.DirectMethodHandle$Holder.invokeStaticInit(java.lang.Object, int)'> (0x00000000d5f07ca8) 
thrown [./src/hotspot/share/interpreter/linkResolver.cpp, line 772]
Event: 259,794 Thread 0x00007e73703df480 Exception <a 'java/lang/NoSuchMethodError'{0x00000000d6132c28}: 'java.lang.Object java.lang.invoke.DirectMethodHandle$Holder.invokeSpecial(java.lang.Object, java.lang.Object, java.lang.Object, long, java.lang.Object)'> (0x00000000d6132c28) 
thrown [./src/hotspot/share/interpreter/linkResolver.cpp, line 772]
Event: 259,795 Thread 0x00007e73703df480 Exception <a 'java/lang/NoSuchMethodError'{0x00000000d613a470}: 'java.lang.Object java.lang.invoke.DirectMethodHandle$Holder.newInvokeSpecial(java.lang.Object, java.lang.Object, java.lang.Object, long)'> (0x00000000d613a470) 
thrown [./src/hotspot/share/interpreter/linkResolver.cpp, line 772]
Event: 259,795 Thread 0x00007e73703df480 Exception <a 'java/lang/NoSuchMethodError'{0x00000000d613e820}: 'java.lang.Object java.lang.invoke.DirectMethodHandle$Holder.invokeSpecial(java.lang.Object, java.lang.Object, java.lang.Object, java.lang.Object, long)'> (0x00000000d613e820) 
thrown [./src/hotspot/share/interpreter/linkResolver.cpp, line 772]
Event: 259,796 Thread 0x00007e73703df480 Exception <a 'java/lang/NoSuchMethodError'{0x00000000d6142440}: 'java.lang.Object java.lang.invoke.Invokers$Holder.linkToTargetMethod(java.lang.Object, java.lang.Object, long, java.lang.Object)'> (0x00000000d6142440) 
thrown [./src/hotspot/share/interpreter/linkResolver.cpp, line 772]
Event: 260,433 Thread 0x00007e73703df480 Exception <a 'java/lang/NoSuchMethodError'{0x00000000d61b0ef0}: 'int java.lang.invoke.DirectMethodHandle$Holder.invokeStaticInit(java.lang.Object, java.lang.Object, java.lang.Object)'> (0x00000000d61b0ef0) 
thrown [./src/hotspot/share/interpreter/linkResolver.cpp, line 772]
Event: 260,457 Thread 0x00007e73703df480 Exception <a 'java/lang/IncompatibleClassChangeError'{0x00000000d623e6c0}: Found class java.lang.Object, but interface was expected> (0x00000000d623e6c0) 
thrown [./src/hotspot/share/interpreter/linkResolver.cpp, line 840]
Event: 260,464 Thread 0x00007e73703df480 Exception <a 'java/lang/NoSuchMethodError'{0x00000000d62501a8}: 'java.lang.Object java.lang.invoke.DirectMethodHandle$Holder.invokeSpecial(java.lang.Object, java.lang.Object, java.lang.Object, int, java.lang.Object, java.lang.Object)'> (0x00000000d62501a8) 
thrown [./src/hotspot/share/interpreter/linkResolver.cpp, line 772]
Event: 260,466 Thread 0x00007e73703df480 Exception <a 'java/lang/NoSuchMethodError'{0x00000000d6257c80}: 'java.lang.Object java.lang.invoke.DirectMethodHandle$Holder.newInvokeSpecial(java.lang.Object, java.lang.Object, java.lang.Object, int, java.lang.Object)'> (0x00000000d6257c80) 
thrown [./src/hotspot/share/interpreter/linkResolver.cpp, line 772]
Event: 260,467 Thread 0x00007e73703df480 Exception <a 'java/lang/NoSuchMethodError'{0x00000000d625bc00}: 'java.lang.Object java.lang.invoke.DirectMethodHandle$Holder.invokeSpecial(java.lang.Object, java.lang.Object, java.lang.Object, java.lang.Object, int, java.lang.Object)'> (0x00000000d625bc00) 
thrown [./src/hotspot/share/interpreter/linkResolver.cpp, line 772]
Event: 260,468 Thread 0x00007e73703df480 Exception <a 'java/lang/NoSuchMethodError'{0x00000000d625f740}: 'java.lang.Object java.lang.invoke.Invokers$Holder.linkToTargetMethod(java.lang.Object, java.lang.Object, int, java.lang.Object, java.lang.Object)'> (0x00000000d625f740) 
thrown [./src/hotspot/share/interpreter/linkResolver.cpp, line 772]
Event: 260,470 Thread 0x00007e72c8383270 Exception <a 'java/lang/NoSuchMethodError'{0x00000000d61805c8}: 'java.lang.Object java.lang.invoke.DirectMethodHandle$Holder.invokeSpecial(java.lang.Object, java.lang.Object, int, java.lang.Object, java.lang.Object)'> (0x00000000d61805c8) 
thrown [./src/hotspot/share/interpreter/linkResolver.cpp, line 772]
Event: 260,475 Thread 0x00007e72c8383270 Exception <a 'java/lang/NoSuchMethodError'{0x00000000d6187300}: 'java.lang.Object java.lang.invoke.DirectMethodHandle$Holder.newInvokeSpecial(java.lang.Object, java.lang.Object, int, java.lang.Object)'> (0x00000000d6187300) 
thrown [./src/hotspot/share/interpreter/linkResolver.cpp, line 772]
Event: 260,476 Thread 0x00007e72c8383270 Exception <a 'java/lang/NoSuchMethodError'{0x00000000d618abe0}: 'java.lang.Object java.lang.invoke.DirectMethodHandle$Holder.invokeSpecial(java.lang.Object, java.lang.Object, java.lang.Object, int, java.lang.Object)'> (0x00000000d618abe0) 
thrown [./src/hotspot/share/interpreter/linkResolver.cpp, line 772]
Event: 260,497 Thread 0x00007e73703df480 Exception <a 'java/lang/NoSuchMethodError'{0x00000000d63abfd0}: 'void java.lang.invoke.DirectMethodHandle$Holder.invokeSpecial(java.lang.Object, java.lang.Object, java.lang.Object, java.lang.Object, java.lang.Object)'> (0x00000000d63abfd0) 
thrown [./src/hotspot/share/interpreter/linkResolver.cpp, line 772]
Event: 270,049 Thread 0x00007e73703df480 Exception <a 'java/lang/NoSuchMethodError'{0x00000000d64ef4a8}: 'double java.lang.invoke.DirectMethodHandle$Holder.invokeStatic(java.lang.Object, java.lang.Object)'> (0x00000000d64ef4a8) 
thrown [./src/hotspot/share/interpreter/linkResolver.cpp, line 772]
Event: 270,050 Thread 0x00007e73703df480 Exception <a 'java/lang/NoSuchMethodError'{0x00000000d64f2b68}: 'double java.lang.invoke.DirectMethodHandle$Holder.invokeStaticInit(java.lang.Object, java.lang.Object)'> (0x00000000d64f2b68) 
thrown [./src/hotspot/share/interpreter/linkResolver.cpp, line 772]
Event: 278,865 Thread 0x00007e73703df480 Implicit null exception at 0x00007e73603d20f5 to 0x00007e73603d21dc
Event: 279,158 Thread 0x00007e73703df480 Exception <a 'java/io/FileNotFoundException'{0x00000000d6203808}> (0x00000000d6203808) 
thrown [./src/hotspot/share/prims/jni.cpp, line 520]
Event: 279,158 Thread 0x00007e73703df480 Exception <a 'java/io/FileNotFoundException'{0x00000000d6204800}> (0x00000000d6204800) 
thrown [./src/hotspot/share/prims/jni.cpp, line 520]

ZGC Phase Switch (0 events):
No events

VM Operations (20 events):
Event: 257,833 Executing safepoint VM operation: Cleanup
Event: 257,833 Executing safepoint VM operation: Cleanup done
Event: 259,833 Executing safepoint VM operation: Cleanup
Event: 259,833 Executing safepoint VM operation: Cleanup done
Event: 260,833 Executing safepoint VM operation: Cleanup
Event: 260,833 Executing safepoint VM operation: Cleanup done
Event: 261,833 Executing safepoint VM operation: Cleanup
Event: 261,834 Executing safepoint VM operation: Cleanup done
Event: 270,835 Executing safepoint VM operation: Cleanup
Event: 270,835 Executing safepoint VM operation: Cleanup done
Event: 272,835 Executing safepoint VM operation: Cleanup
Event: 272,835 Executing safepoint VM operation: Cleanup done
Event: 277,836 Executing safepoint VM operation: Cleanup
Event: 277,836 Executing safepoint VM operation: Cleanup done
Event: 278,044 Executing safepoint VM operation: ParallelGCFailedAllocation (Allocation Failure)
Event: 278,051 Executing safepoint VM operation: ParallelGCFailedAllocation (Allocation Failure) done
Event: 278,947 Executing safepoint VM operation: ParallelGCFailedAllocation (Allocation Failure)
Event: 278,956 Executing safepoint VM operation: ParallelGCFailedAllocation (Allocation Failure) done
Event: 279,051 Executing safepoint VM operation: CollectForMetadataAllocation (Metadata GC Threshold)
Event: 279,092 Executing safepoint VM operation: CollectForMetadataAllocation (Metadata GC Threshold) done

Memory protections (19 events):
Event: 4,432 Protecting memory [0x00007e7374b00000,0x00007e7374b04000] with protection modes 0
Event: 6,355 Protecting memory [0x00007e734f2f8000,0x00007e734f2fc000] with protection modes 0
Event: 6,355 Protecting memory [0x00007e734f1f8000,0x00007e734f1fc000] with protection modes 0
Event: 6,356 Protecting memory [0x00007e734f0f8000,0x00007e734f0fc000] with protection modes 0
Event: 6,760 Protecting memory [0x00007e730d700000,0x00007e730d704000] with protection modes 0
Event: 6,760 Protecting memory [0x00007e730d600000,0x00007e730d604000] with protection modes 0
Event: 6,760 Protecting memory [0x00007e730d500000,0x00007e730d504000] with protection modes 0
Event: 6,761 Protecting memory [0x00007e730d400000,0x00007e730d404000] with protection modes 0
Event: 9,840 Protecting memory [0x00007e730d300000,0x00007e730d304000] with protection modes 0
Event: 23,798 Protecting memory [0x00007e730d200000,0x00007e730d204000] with protection modes 0
Event: 144,385 Protecting memory [0x00007e730cdfd000,0x00007e730ce01000] with protection modes 0
Event: 147,718 Protecting memory [0x00007e730ccfd000,0x00007e730cd01000] with protection modes 0
Event: 147,726 Protecting memory [0x00007e730cbfd000,0x00007e730cc01000] with protection modes 0
Event: 160,972 Protecting memory [0x00007e730cafd000,0x00007e730cb01000] with protection modes 0
Event: 235,544 Protecting memory [0x00007e730c9fd000,0x00007e730ca01000] with protection modes 0
Event: 259,801 Protecting memory [0x00007e730c8fd000,0x00007e730c901000] with protection modes 0
Event: 260,474 Protecting memory [0x00007e730c7fd000,0x00007e730c801000] with protection modes 0
Event: 278,061 Protecting memory [0x00007e730c6fd000,0x00007e730c701000] with protection modes 0
Event: 279,280 Protecting memory [0x00007e730c6fd000,0x00007e730c701000] with protection modes 0

Nmethod flushes (0 events):
No events

Events (20 events):
Event: 6,355 Thread 0x00007e7370018d80 Thread added: 0x00007e73700e06e0
Event: 6,355 Thread 0x00007e7370018d80 Thread added: 0x00007e73700e1c30
Event: 6,356 Thread 0x00007e7370018d80 Thread added: 0x00007e73700e33b0
Event: 6,760 Thread 0x00007e7370018d80 Thread added: 0x00007e73700e49d0
Event: 6,760 Thread 0x00007e7370018d80 Thread added: 0x00007e73700e5f50
Event: 6,760 Thread 0x00007e7370018d80 Thread added: 0x00007e73700e7a70
Event: 6,761 Thread 0x00007e7370018d80 Thread added: 0x00007e73700e9110
Event: 9,840 Thread 0x00007e7370018d80 Thread added: 0x00007e7370190900
Event: 23,798 Thread 0x00007e7370018d80 Thread added: 0x00007e7370219680
Event: 144,385 Thread 0x00007e7370018d80 Thread added: 0x00007e737029cc70
Event: 147,717 Thread 0x00007e7370018d80 Thread added: 0x00007e73703db7c0
Event: 147,726 Thread 0x00007e7370018d80 Thread added: 0x00007e73703df480
Event: 160,972 Thread 0x00007e73703df480 Thread added: 0x00007e72c8029f10
Event: 235,544 Thread 0x00007e73703df480 Thread added: 0x00007e72c825d8c0
Event: 259,801 Thread 0x00007e73703df480 Thread added: 0x00007e72c8383270
Event: 260,473 Thread 0x00007e73703df480 Thread added: 0x00007e72c83c4750
Event: 278,061 Thread 0x00007e73700e7a70 Thread added: 0x00007e72e42b01a0
Event: 278,571 Thread 0x00007e72e42b01a0 Thread exited: 0x00007e72e42b01a0
Event: 279,280 Thread 0x00007e73700e9110 Thread added: 0x00007e72e8103d60
Event: 279,568 Thread 0x00007e72e8103d60 Thread exited: 0x00007e72e8103d60


Dynamic libraries:
80000000-84300000 rw-p 00000000 00:00 0 
84300000-d5580000 ---p 00000000 00:00 0 
d5580000-d7900000 rw-p 00000000 00:00 0 
d7900000-100000000 ---p 00000000 00:00 0 
58eccde4f000-58eccde50000 r--p 00000000 08:03 21778769                   /usr/lib/jvm/java-21-openjdk-amd64/bin/java
58eccde50000-58eccde51000 r-xp 00001000 08:03 21778769                   /usr/lib/jvm/java-21-openjdk-amd64/bin/java
58eccde51000-58eccde52000 r--p 00002000 08:03 21778769                   /usr/lib/jvm/java-21-openjdk-amd64/bin/java
58eccde52000-58eccde53000 r--p 00002000 08:03 21778769                   /usr/lib/jvm/java-21-openjdk-amd64/bin/java
58eccde53000-58eccde54000 rw-p 00003000 08:03 21778769                   /usr/lib/jvm/java-21-openjdk-amd64/bin/java
58ed0c200000-58ed0c248000 rw-p 00000000 00:00 0                          [heap]
7e72ac000000-7e72ac2c0000 rw-p 00000000 00:00 0 
7e72ac2c0000-7e72b0000000 ---p 00000000 00:00 0 
7e72b4000000-7e72b4021000 rw-p 00000000 00:00 0 
7e72b4021000-7e72b8000000 ---p 00000000 00:00 0 
7e72b8000000-7e72b8021000 rw-p 00000000 00:00 0 
7e72b8021000-7e72bc000000 ---p 00000000 00:00 0 
7e72bc000000-7e72bc021000 rw-p 00000000 00:00 0 
7e72bc021000-7e72c0000000 ---p 00000000 00:00 0 
7e72c0000000-7e72c0021000 rw-p 00000000 00:00 0 
7e72c0021000-7e72c4000000 ---p 00000000 00:00 0 
7e72c4000000-7e72c4021000 rw-p 00000000 00:00 0 
7e72c4021000-7e72c8000000 ---p 00000000 00:00 0 
7e72c8000000-7e72c86f7000 rw-p 00000000 00:00 0 
7e72c86f7000-7e72cc000000 ---p 00000000 00:00 0 
7e72cc000000-7e72cc021000 rw-p 00000000 00:00 0 
7e72cc021000-7e72d0000000 ---p 00000000 00:00 0 
7e72d0000000-7e72d0021000 rw-p 00000000 00:00 0 
7e72d0021000-7e72d4000000 ---p 00000000 00:00 0 
7e72d4000000-7e72d4021000 rw-p 00000000 00:00 0 
7e72d4021000-7e72d8000000 ---p 00000000 00:00 0 
7e72d8000000-7e72d8021000 rw-p 00000000 00:00 0 
7e72d8021000-7e72dc000000 ---p 00000000 00:00 0 
7e72dc000000-7e72dc021000 rw-p 00000000 00:00 0 
7e72dc021000-7e72e0000000 ---p 00000000 00:00 0 
7e72e0000000-7e72e0021000 rw-p 00000000 00:00 0 
7e72e0021000-7e72e4000000 ---p 00000000 00:00 0 
7e72e4000000-7e72e516f000 rw-p 00000000 00:00 0 
7e72e516f000-7e72e8000000 ---p 00000000 00:00 0 
7e72e8000000-7e72e8497000 rw-p 00000000 00:00 0 
7e72e8497000-7e72ec000000 ---p 00000000 00:00 0 
7e72ec000000-7e72ec021000 rw-p 00000000 00:00 0 
7e72ec021000-7e72f0000000 ---p 00000000 00:00 0 
7e72f0000000-7e72f0021000 rw-p 00000000 00:00 0 
7e72f0021000-7e72f4000000 ---p 00000000 00:00 0 
7e72f4000000-7e72f4021000 rw-p 00000000 00:00 0 
7e72f4021000-7e72f8000000 ---p 00000000 00:00 0 
7e72f8000000-7e72f8021000 rw-p 00000000 00:00 0 
7e72f8021000-7e72fc000000 ---p 00000000 00:00 0 
7e72fc000000-7e72fc021000 rw-p 00000000 00:00 0 
7e72fc021000-7e7300000000 ---p 00000000 00:00 0 
7e7300000000-7e7300021000 rw-p 00000000 00:00 0 
7e7300021000-7e7304000000 ---p 00000000 00:00 0 
7e7304000000-7e7304400000 rw-p 00000000 00:00 0 
7e7304400000-7e7304700000 rw-p 00000000 00:00 0 
7e7304700000-7e7304800000 rw-p 00000000 00:00 0 
7e7304800000-7e7304900000 rw-p 00000000 00:00 0 
7e7304900000-7e7304a00000 rw-p 00000000 00:00 0 
7e7304a00000-7e7305410000 rw-p 00000000 00:00 0 
7e7305410000-7e7308000000 ---p 00000000 00:00 0 
7e7308000000-7e7308021000 rw-p 00000000 00:00 0 
7e7308021000-7e730c000000 ---p 00000000 00:00 0 
7e730c25c000-7e730c6fd000 rw-p 00000000 00:00 0 
7e730c6fd000-7e730c701000 ---p 00000000 00:00 0 
7e730c701000-7e730c7fd000 rw-p 00000000 00:00 0 
7e730c7fd000-7e730c801000 ---p 00000000 00:00 0 
7e730c801000-7e730c8fd000 rw-p 00000000 00:00 0 
7e730c8fd000-7e730c901000 ---p 00000000 00:00 0 
7e730c901000-7e730c9fd000 rw-p 00000000 00:00 0 
7e730c9fd000-7e730ca01000 ---p 00000000 00:00 0 
7e730ca01000-7e730cafd000 rw-p 00000000 00:00 0 
7e730cafd000-7e730cb01000 ---p 00000000 00:00 0 
7e730cb01000-7e730cbfd000 rw-p 00000000 00:00 0 
7e730cbfd000-7e730cc01000 ---p 00000000 00:00 0 
7e730cc01000-7e730ccfd000 rw-p 00000000 00:00 0 
7e730ccfd000-7e730cd01000 ---p 00000000 00:00 0 
7e730cd01000-7e730cdfd000 rw-p 00000000 00:00 0 
7e730cdfd000-7e730ce01000 ---p 00000000 00:00 0 
7e730ce01000-7e730cefd000 rw-p 00000000 00:00 0 
7e730cefd000-7e730cefe000 ---p 00000000 00:00 0 
7e730cefe000-7e730cffe000 rw-p 00000000 00:00 0 
7e730cffe000-7e730cfff000 ---p 00000000 00:00 0 
7e730cfff000-7e730d0ff000 rw-p 00000000 00:00 0 
7e730d0ff000-7e730d100000 ---p 00000000 00:00 0 
7e730d100000-7e730d200000 rw-p 00000000 00:00 0 
7e730d200000-7e730d204000 ---p 00000000 00:00 0 
7e730d204000-7e730d300000 rw-p 00000000 00:00 0 
7e730d300000-7e730d304000 ---p 00000000 00:00 0 
7e730d304000-7e730d400000 rw-p 00000000 00:00 0 
7e730d400000-7e730d404000 ---p 00000000 00:00 0 
7e730d404000-7e730d500000 rw-p 00000000 00:00 0 
7e730d500000-7e730d504000 ---p 00000000 00:00 0 
7e730d504000-7e730d600000 rw-p 00000000 00:00 0 
7e730d600000-7e730d604000 ---p 00000000 00:00 0 
7e730d604000-7e730d700000 rw-p 00000000 00:00 0 
7e730d700000-7e730d704000 ---p 00000000 00:00 0 
7e730d704000-7e730d800000 rw-p 00000000 00:00 0 
7e730d800000-7e730dff0000 r--p 00000000 08:03 19530507                   /usr/lib/locale/locale-archive
7e730e000000-7e730ec9c000 rw-p 00001000 08:03 21778994                   /usr/lib/jvm/java-21-openjdk-amd64/lib/server/classes.jsa
7e730ec9c000-7e730f000000 ---p 00000000 00:00 0 
7e730f000000-7e730f040000 rw-p 00000000 00:00 0 
7e730f040000-7e730f0c0000 rw-p 00000000 00:00 0 
7e730f0c0000-7e730f100000 rw-p 00000000 00:00 0 
7e730f100000-7e730f250000 rw-p 00000000 00:00 0 
7e730f250000-7e734f000000 ---p 00000000 00:00 0 
7e734f027000-7e734f02c000 r--p 00000000 08:03 21778977                   /usr/lib/jvm/java-21-openjdk-amd64/lib/libjsvml.so
7e734f02c000-7e734f06d000 r-xp 00005000 08:03 21778977                   /usr/lib/jvm/java-21-openjdk-amd64/lib/libjsvml.so
7e734f06d000-7e734f0f6000 r--p 00046000 08:03 21778977                   /usr/lib/jvm/java-21-openjdk-amd64/lib/libjsvml.so
7e734f0f6000-7e734f0f7000 r--p 000ce000 08:03 21778977                   /usr/lib/jvm/java-21-openjdk-amd64/lib/libjsvml.so
7e734f0f7000-7e734f0f8000 rw-p 000cf000 08:03 21778977                   /usr/lib/jvm/java-21-openjdk-amd64/lib/libjsvml.so
7e734f0f8000-7e734f0fc000 ---p 00000000 00:00 0 
7e734f0fc000-7e734f1f8000 rw-p 00000000 00:00 0 
7e734f1f8000-7e734f1fc000 ---p 00000000 00:00 0 
7e734f1fc000-7e734f2f8000 rw-p 00000000 00:00 0 
7e734f2f8000-7e734f2fc000 ---p 00000000 00:00 0 
7e734f2fc000-7e734f3f8000 rw-p 00000000 00:00 0 
7e734f3f8000-7e734f3f9000 ---p 00000000 00:00 0 
7e734f3f9000-7e734f4f9000 rw-p 00000000 00:00 0 
7e734f4f9000-7e7354021000 rw-p 00000000 00:00 0 
7e7354021000-7e7358000000 ---p 00000000 00:00 0 
7e7358050000-7e7358577000 rw-p 00000000 00:00 0 
7e7358577000-7e7358800000 ---p 00000000 00:00 0 
7e7358800000-7e7358d20000 rwxp 00000000 00:00 0 
7e7358d20000-7e735fd37000 ---p 00000000 00:00 0 
7e735fd37000-7e735ffa7000 rwxp 00000000 00:00 0 
7e735ffa7000-7e73602c8000 ---p 00000000 00:00 0 
7e73602c8000-7e7360538000 rwxp 00000000 00:00 0 
7e7360538000-7e7367800000 ---p 00000000 00:00 0 
7e7367800000-7e736fe51000 r--s 00000000 08:03 21778993                   /usr/lib/jvm/java-21-openjdk-amd64/lib/modules
7e736feff000-7e736ff00000 ---p 00000000 00:00 0 
7e736ff00000-7e7370000000 rw-p 00000000 00:00 0 
7e7370000000-7e73703e5000 rw-p 00000000 00:00 0 
7e73703e5000-7e7374000000 ---p 00000000 00:00 0 
7e7374038000-7e737403c000 r--p 00000000 08:03 17173013                   /home/dan/.config/Code/User/globalStorage/redhat.java/1.55.0/config_ss_linux/org.eclipse.equinox.launcher/org.eclipse.equinox.launcher.gtk.linux.x86_64_1.2.1600.v20260613-0559/eclipse_11924.so
7e737403c000-7e7374046000 r-xp 00004000 08:03 17173013                   /home/dan/.config/Code/User/globalStorage/redhat.java/1.55.0/config_ss_linux/org.eclipse.equinox.launcher/org.eclipse.equinox.launcher.gtk.linux.x86_64_1.2.1600.v20260613-0559/eclipse_11924.so
7e7374046000-7e7374049000 r--p 0000e000 08:03 17173013                   /home/dan/.config/Code/User/globalStorage/redhat.java/1.55.0/config_ss_linux/org.eclipse.equinox.launcher/org.eclipse.equinox.launcher.gtk.linux.x86_64_1.2.1600.v20260613-0559/eclipse_11924.so
7e7374049000-7e737404a000 r--p 00010000 08:03 17173013                   /home/dan/.config/Code/User/globalStorage/redhat.java/1.55.0/config_ss_linux/org.eclipse.equinox.launcher/org.eclipse.equinox.launcher.gtk.linux.x86_64_1.2.1600.v20260613-0559/eclipse_11924.so
7e737404a000-7e737404b000 rw-p 00011000 08:03 17173013                   /home/dan/.config/Code/User/globalStorage/redhat.java/1.55.0/config_ss_linux/org.eclipse.equinox.launcher/org.eclipse.equinox.launcher.gtk.linux.x86_64_1.2.1600.v20260613-0559/eclipse_11924.so
7e737404b000-7e7374128000 rw-p 00000000 00:00 0 
7e7374128000-7e7374129000 ---p 00000000 00:00 0 
7e7374129000-7e7374229000 rw-p 00000000 00:00 0 
7e7374229000-7e737424b000 rw-p 00000000 00:00 0 
7e737424b000-7e73744d3000 ---p 00000000 00:00 0 
7e73744d3000-7e73744e6000 rw-p 00000000 00:00 0 
7e73744e6000-7e737462a000 ---p 00000000 00:00 0 
7e737462a000-7e737462f000 rw-p 00000000 00:00 0 
7e737462f000-7e7374715000 ---p 00000000 00:00 0 
7e7374715000-7e7374720000 rw-p 00000000 00:00 0 
7e7374720000-7e7374800000 ---p 00000000 00:00 0 
7e7374800000-7e737489d000 r--p 00000000 08:03 19532135                   /usr/lib/x86_64-linux-gnu/libstdc++.so.6.0.33
7e737489d000-7e73749e5000 r-xp 0009d000 08:03 19532135                   /usr/lib/x86_64-linux-gnu/libstdc++.so.6.0.33
7e73749e5000-7e7374a6c000 r--p 001e5000 08:03 19532135                   /usr/lib/x86_64-linux-gnu/libstdc++.so.6.0.33
7e7374a6c000-7e7374a77000 r--p 0026b000 08:03 19532135                   /usr/lib/x86_64-linux-gnu/libstdc++.so.6.0.33
7e7374a77000-7e7374a7a000 rw-p 00276000 08:03 19532135                   /usr/lib/x86_64-linux-gnu/libstdc++.so.6.0.33
7e7374a7a000-7e7374a7e000 rw-p 00000000 00:00 0 
7e7374a86000-7e7374a87000 r--p 00000000 08:03 19530192                   /usr/lib/x86_64-linux-gnu/libdl.so.2
7e7374a87000-7e7374a88000 r-xp 00001000 08:03 19530192                   /usr/lib/x86_64-linux-gnu/libdl.so.2
7e7374a88000-7e7374a89000 r--p 00002000 08:03 19530192                   /usr/lib/x86_64-linux-gnu/libdl.so.2
7e7374a89000-7e7374a8a000 r--p 00002000 08:03 19530192                   /usr/lib/x86_64-linux-gnu/libdl.so.2
7e7374a8a000-7e7374a8b000 rw-p 00003000 08:03 19530192                   /usr/lib/x86_64-linux-gnu/libdl.so.2
7e7374a8b000-7e7374aaf000 r--p 00000000 08:03 20982075                   /usr/share/locale-langpack/pt_BR/LC_MESSAGES/libc.mo
7e7374aaf000-7e7374ab3000 r--p 00000000 08:03 21778991                   /usr/lib/jvm/java-21-openjdk-amd64/lib/libverify.so
7e7374ab3000-7e7374aba000 r-xp 00004000 08:03 21778991                   /usr/lib/jvm/java-21-openjdk-amd64/lib/libverify.so
7e7374aba000-7e7374abc000 r--p 0000b000 08:03 21778991                   /usr/lib/jvm/java-21-openjdk-amd64/lib/libverify.so
7e7374abc000-7e7374abe000 r--p 0000c000 08:03 21778991                   /usr/lib/jvm/java-21-openjdk-amd64/lib/libverify.so
7e7374abe000-7e7374abf000 rw-p 0000e000 08:03 21778991                   /usr/lib/jvm/java-21-openjdk-amd64/lib/libverify.so
7e7374abf000-7e7374b00000 rw-p 00000000 00:00 0 
7e7374b00000-7e7374b04000 ---p 00000000 00:00 0 
7e7374b04000-7e7374c00000 rw-p 00000000 00:00 0 
7e7374c00000-7e7374ea2000 r--p 00000000 08:03 21778997                   /usr/lib/jvm/java-21-openjdk-amd64/lib/server/libjvm.so
7e7374ea2000-7e7375d19000 r-xp 002a2000 08:03 21778997                   /usr/lib/jvm/java-21-openjdk-amd64/lib/server/libjvm.so
7e7375d19000-7e7375ff4000 r--p 01119000 08:03 21778997                   /usr/lib/jvm/java-21-openjdk-amd64/lib/server/libjvm.so
7e7375ff4000-7e73760c8000 r--p 013f3000 08:03 21778997                   /usr/lib/jvm/java-21-openjdk-amd64/lib/server/libjvm.so
7e73760c8000-7e73760f8000 rw-p 014c7000 08:03 21778997                   /usr/lib/jvm/java-21-openjdk-amd64/lib/server/libjvm.so
7e73760f8000-7e737615e000 rw-p 00000000 00:00 0 
7e737615f000-7e7376160000 r--p 00000000 08:03 19530555                   /usr/lib/x86_64-linux-gnu/libpthread.so.0
7e7376160000-7e7376161000 r-xp 00001000 08:03 19530555                   /usr/lib/x86_64-linux-gnu/libpthread.so.0
7e7376161000-7e7376162000 r--p 00002000 08:03 19530555                   /usr/lib/x86_64-linux-gnu/libpthread.so.0
7e7376162000-7e7376163000 r--p 00002000 08:03 19530555                   /usr/lib/x86_64-linux-gnu/libpthread.so.0
7e7376163000-7e7376164000 rw-p 00003000 08:03 19530555                   /usr/lib/x86_64-linux-gnu/libpthread.so.0
7e7376164000-7e737616b000 r--s 00000000 08:03 19679675                   /usr/lib/x86_64-linux-gnu/gconv/gconv-modules.cache
7e737616b000-7e737616e000 r--p 00000000 08:03 21778984                   /usr/lib/jvm/java-21-openjdk-amd64/lib/libnet.so
7e737616e000-7e7376176000 r-xp 00003000 08:03 21778984                   /usr/lib/jvm/java-21-openjdk-amd64/lib/libnet.so
7e7376176000-7e7376178000 r--p 0000b000 08:03 21778984                   /usr/lib/jvm/java-21-openjdk-amd64/lib/libnet.so
7e7376178000-7e7376179000 r--p 0000c000 08:03 21778984                   /usr/lib/jvm/java-21-openjdk-amd64/lib/libnet.so
7e7376179000-7e737617a000 rw-p 0000d000 08:03 21778984                   /usr/lib/jvm/java-21-openjdk-amd64/lib/libnet.so
7e737617a000-7e7376181000 r--p 00000000 08:03 21778985                   /usr/lib/jvm/java-21-openjdk-amd64/lib/libnio.so
7e7376181000-7e737618a000 r-xp 00007000 08:03 21778985                   /usr/lib/jvm/java-21-openjdk-amd64/lib/libnio.so
7e737618a000-7e737618e000 r--p 00010000 08:03 21778985                   /usr/lib/jvm/java-21-openjdk-amd64/lib/libnio.so
7e737618e000-7e737618f000 r--p 00014000 08:03 21778985                   /usr/lib/jvm/java-21-openjdk-amd64/lib/libnio.so
7e737618f000-7e7376190000 rw-p 00015000 08:03 21778985                   /usr/lib/jvm/java-21-openjdk-amd64/lib/libnio.so
7e7376190000-7e7376192000 r--p 00000000 08:03 21778992                   /usr/lib/jvm/java-21-openjdk-amd64/lib/libzip.so
7e7376192000-7e7376197000 r-xp 00002000 08:03 21778992                   /usr/lib/jvm/java-21-openjdk-amd64/lib/libzip.so
7e7376197000-7e7376199000 r--p 00007000 08:03 21778992                   /usr/lib/jvm/java-21-openjdk-amd64/lib/libzip.so
7e7376199000-7e737619a000 r--p 00008000 08:03 21778992                   /usr/lib/jvm/java-21-openjdk-amd64/lib/libzip.so
7e737619a000-7e737619b000 rw-p 00009000 08:03 21778992                   /usr/lib/jvm/java-21-openjdk-amd64/lib/libzip.so
7e737619b000-7e73761c8000 rw-p 00000000 00:00 0 
7e73761c8000-7e73761cf000 ---p 00000000 00:00 0 
7e73761cf000-7e73761dc000 r--p 00000000 08:03 21778970                   /usr/lib/jvm/java-21-openjdk-amd64/lib/libjava.so
7e73761dc000-7e73761eb000 r-xp 0000d000 08:03 21778970                   /usr/lib/jvm/java-21-openjdk-amd64/lib/libjava.so
7e73761eb000-7e73761f0000 r--p 0001c000 08:03 21778970                   /usr/lib/jvm/java-21-openjdk-amd64/lib/libjava.so
7e73761f0000-7e73761f1000 r--p 00021000 08:03 21778970                   /usr/lib/jvm/java-21-openjdk-amd64/lib/libjava.so
7e73761f1000-7e73761f2000 rw-p 00022000 08:03 21778970                   /usr/lib/jvm/java-21-openjdk-amd64/lib/libjava.so
7e73761f2000-7e73761f3000 rw-p 00000000 00:00 0 
7e73761f3000-7e73761f5000 r--p 00000000 08:03 21778965                   /usr/lib/jvm/java-21-openjdk-amd64/lib/libinstrument.so
7e73761f5000-7e73761fb000 r-xp 00002000 08:03 21778965                   /usr/lib/jvm/java-21-openjdk-amd64/lib/libinstrument.so
7e73761fb000-7e73761fe000 r--p 00008000 08:03 21778965                   /usr/lib/jvm/java-21-openjdk-amd64/lib/libinstrument.so
7e73761fe000-7e73761ff000 r--p 0000a000 08:03 21778965                   /usr/lib/jvm/java-21-openjdk-amd64/lib/libinstrument.so
7e73761ff000-7e7376200000 rw-p 0000b000 08:03 21778965                   /usr/lib/jvm/java-21-openjdk-amd64/lib/libinstrument.so
7e7376200000-7e7376228000 r--p 00000000 08:03 19530058                   /usr/lib/x86_64-linux-gnu/libc.so.6
7e7376228000-7e73763b0000 r-xp 00028000 08:03 19530058                   /usr/lib/x86_64-linux-gnu/libc.so.6
7e73763b0000-7e73763ff000 r--p 001b0000 08:03 19530058                   /usr/lib/x86_64-linux-gnu/libc.so.6
7e73763ff000-7e7376403000 r--p 001fe000 08:03 19530058                   /usr/lib/x86_64-linux-gnu/libc.so.6
7e7376403000-7e7376405000 rw-p 00202000 08:03 19530058                   /usr/lib/x86_64-linux-gnu/libc.so.6
7e7376405000-7e7376412000 rw-p 00000000 00:00 0 
7e7376414000-7e7376418000 r--p 00000000 08:03 19532130                   /usr/lib/x86_64-linux-gnu/libgcc_s.so.1
7e7376418000-7e737643c000 r-xp 00004000 08:03 19532130                   /usr/lib/x86_64-linux-gnu/libgcc_s.so.1
7e737643c000-7e7376440000 r--p 00028000 08:03 19532130                   /usr/lib/x86_64-linux-gnu/libgcc_s.so.1
7e7376440000-7e7376441000 r--p 0002b000 08:03 19532130                   /usr/lib/x86_64-linux-gnu/libgcc_s.so.1
7e7376441000-7e7376442000 rw-p 0002c000 08:03 19532130                   /usr/lib/x86_64-linux-gnu/libgcc_s.so.1
7e7376442000-7e7376452000 r--p 00000000 08:03 19530215                   /usr/lib/x86_64-linux-gnu/libm.so.6
7e7376452000-7e73764d1000 r-xp 00010000 08:03 19530215                   /usr/lib/x86_64-linux-gnu/libm.so.6
7e73764d1000-7e7376529000 r--p 0008f000 08:03 19530215                   /usr/lib/x86_64-linux-gnu/libm.so.6
7e7376529000-7e737652a000 r--p 000e7000 08:03 19530215                   /usr/lib/x86_64-linux-gnu/libm.so.6
7e737652a000-7e737652b000 rw-p 000e8000 08:03 19530215                   /usr/lib/x86_64-linux-gnu/libm.so.6
7e737652b000-7e737652d000 rw-p 00000000 00:00 0 
7e737652d000-7e737652f000 r--p 00000000 08:03 21778974                   /usr/lib/jvm/java-21-openjdk-amd64/lib/libjli.so
7e737652f000-7e7376539000 r-xp 00002000 08:03 21778974                   /usr/lib/jvm/java-21-openjdk-amd64/lib/libjli.so
7e7376539000-7e737653c000 r--p 0000c000 08:03 21778974                   /usr/lib/jvm/java-21-openjdk-amd64/lib/libjli.so
7e737653c000-7e737653d000 r--p 0000f000 08:03 21778974                   /usr/lib/jvm/java-21-openjdk-amd64/lib/libjli.so
7e737653d000-7e737653e000 rw-p 00010000 08:03 21778974                   /usr/lib/jvm/java-21-openjdk-amd64/lib/libjli.so
7e737653e000-7e7376540000 r--p 00000000 08:03 19545410                   /usr/lib/x86_64-linux-gnu/libz.so.1.3
7e7376540000-7e7376552000 r-xp 00002000 08:03 19545410                   /usr/lib/x86_64-linux-gnu/libz.so.1.3
7e7376552000-7e7376558000 r--p 00014000 08:03 19545410                   /usr/lib/x86_64-linux-gnu/libz.so.1.3
7e7376558000-7e7376559000 r--p 0001a000 08:03 19545410                   /usr/lib/x86_64-linux-gnu/libz.so.1.3
7e7376559000-7e737655a000 rw-p 0001b000 08:03 19545410                   /usr/lib/x86_64-linux-gnu/libz.so.1.3
7e737655a000-7e7376562000 rw-s 00000000 08:03 28180541                   /tmp/hsperfdata_dan/3540
7e7376562000-7e7376563000 ---p 00000000 00:00 0 
7e7376563000-7e7376564000 r--p 00000000 00:00 0 
7e7376564000-7e7376565000 ---p 00000000 00:00 0 
7e7376565000-7e7376567000 r--p 00000000 08:03 21778973                   /usr/lib/jvm/java-21-openjdk-amd64/lib/libjimage.so
7e7376567000-7e737656a000 r-xp 00002000 08:03 21778973                   /usr/lib/jvm/java-21-openjdk-amd64/lib/libjimage.so
7e737656a000-7e737656b000 r--p 00005000 08:03 21778973                   /usr/lib/jvm/java-21-openjdk-amd64/lib/libjimage.so
7e737656b000-7e737656c000 r--p 00006000 08:03 21778973                   /usr/lib/jvm/java-21-openjdk-amd64/lib/libjimage.so
7e737656c000-7e737656d000 rw-p 00007000 08:03 21778973                   /usr/lib/jvm/java-21-openjdk-amd64/lib/libjimage.so
7e737656d000-7e737656f000 rw-p 00000000 00:00 0 
7e737656f000-7e7376573000 r--p 00000000 00:00 0                          [vvar]
7e7376573000-7e7376575000 r--p 00000000 00:00 0                          [vvar_vclock]
7e7376575000-7e7376577000 r-xp 00000000 00:00 0                          [vdso]
7e7376577000-7e7376578000 r--p 00000000 08:03 19529759                   /usr/lib/x86_64-linux-gnu/ld-linux-x86-64.so.2
7e7376578000-7e73765a3000 r-xp 00001000 08:03 19529759                   /usr/lib/x86_64-linux-gnu/ld-linux-x86-64.so.2
7e73765a3000-7e73765ad000 r--p 0002c000 08:03 19529759                   /usr/lib/x86_64-linux-gnu/ld-linux-x86-64.so.2
7e73765ad000-7e73765af000 r--p 00036000 08:03 19529759                   /usr/lib/x86_64-linux-gnu/ld-linux-x86-64.so.2
7e73765af000-7e73765b1000 rw-p 00038000 08:03 19529759                   /usr/lib/x86_64-linux-gnu/ld-linux-x86-64.so.2
7fff154a8000-7fff154ca000 rw-p 00000000 00:00 0                          [stack]
ffffffffff600000-ffffffffff601000 --xp 00000000 00:00 0                  [vsyscall]
Total number of mappings: 255

JVMTI agents:
/home/dan/.vscode/extensions/redhat.java-1.55.0-linux-x64/lombok/lombok-1.18.39-4050.jar path:none, loaded, initialized, instrumentlib options:none


VM Arguments:
jvm_args: --add-modules=ALL-SYSTEM --add-opens=java.base/java.util=ALL-UNNAMED --add-opens=java.base/java.lang=ALL-UNNAMED --add-opens=java.base/sun.nio.fs=ALL-UNNAMED -Declipse.application=org.eclipse.jdt.ls.core.id1 -Dosgi.bundles.defaultStartLevel=4 -Declipse.product=org.eclipse.jdt.ls.core.product -Djava.import.generatesMetadataFilesAtProjectRoot=false -DDetectVMInstallationsJob.disabled=true -Dfile.encoding=utf8 -XX:+UseParallelGC -XX:GCTimeRatio=4 -XX:AdaptiveSizePolicyWeight=90 -Dsun.zip.disableMemoryMapping=true -Xmx2G -Xms100m -Xlog:disable -javaagent:/home/dan/.vscode/extensions/redhat.java-1.55.0-linux-x64/lombok/lombok-1.18.39-4050.jar 
java_command: /home/dan/.vscode/extensions/redhat.java-1.55.0-linux-x64/server/plugins/org.eclipse.equinox.launcher_1.7.200.v20260619-2039.jar -configuration /home/dan/.config/Code/User/globalStorage/redhat.java/1.55.0/config_ss_linux -data /home/dan/.config/Code/User/workspaceStorage/3e564cfedea14a04fad4b011b1314378/redhat.java/ss_ws --pipe=/run/user/1000/lsp-57ca31b0b9921c0c79f369fcb6727351.sock
java_class_path (initial): /home/dan/.vscode/extensions/redhat.java-1.55.0-linux-x64/server/plugins/org.eclipse.equinox.launcher_1.7.200.v20260619-2039.jar
Launcher Type: SUN_STANDARD

[Global flags]
    uintx AdaptiveSizePolicyWeight                 = 90                                        {product} {command line}
     intx CICompilerCount                          = 3                                         {product} {ergonomic}
    uintx GCTimeRatio                              = 4                                         {product} {command line}
   size_t InitialHeapSize                          = 104857600                                 {product} {command line}
   size_t MaxHeapSize                              = 2147483648                                {product} {command line}
   size_t MaxNewSize                               = 715653120                                 {product} {ergonomic}
   size_t MinHeapDeltaBytes                        = 524288                                    {product} {ergonomic}
   size_t MinHeapSize                              = 104857600                                 {product} {command line}
   size_t NewSize                                  = 34603008                                  {product} {ergonomic}
    uintx NonNMethodCodeHeapSize                   = 5832780                                {pd product} {ergonomic}
    uintx NonProfiledCodeHeapSize                  = 122912730                              {pd product} {ergonomic}
   size_t OldSize                                  = 70254592                                  {product} {ergonomic}
    uintx ProfiledCodeHeapSize                     = 122912730                              {pd product} {ergonomic}
    uintx ReservedCodeCacheSize                    = 251658240                              {pd product} {ergonomic}
     bool SegmentedCodeCache                       = true                                      {product} {ergonomic}
   size_t SoftMaxHeapSize                          = 2147483648                             {manageable} {ergonomic}
     bool UseCompressedOops                        = true                           {product lp64_product} {ergonomic}
     bool UseParallelGC                            = true                                      {product} {command line}

Logging:
Log output configuration:
 #0: stdout all=off uptime,level,tags foldmultilines=false
 #1: stderr all=off uptime,level,tags foldmultilines=false

Release file:
IMPLEMENTOR="Ubuntu"
JAVA_RUNTIME_VERSION="21.0.11+10-1-24.04.2-Ubuntu"
JAVA_VERSION="21.0.11"
JAVA_VERSION_DATE="2026-04-21"
LIBC="gnu"
MODULES="java.base java.compiler java.datatransfer java.xml java.prefs java.desktop java.instrument java.logging java.management java.security.sasl java.naming java.rmi java.management.rmi java.net.http java.scripting java.security.jgss java.transaction.xa java.sql java.sql.rowset java.xml.crypto java.se java.smartcardio jdk.accessibility jdk.internal.jvmstat jdk.attach jdk.charsets jdk.internal.opt jdk.zipfs jdk.compiler jdk.crypto.ec jdk.crypto.cryptoki jdk.dynalink jdk.internal.ed jdk.editpad jdk.hotspot.agent jdk.httpserver jdk.incubator.vector jdk.internal.le jdk.internal.vm.ci jdk.internal.vm.compiler jdk.internal.vm.compiler.management jdk.jartool jdk.javadoc jdk.jcmd jdk.management jdk.management.agent jdk.jconsole jdk.jdeps jdk.jdwp.agent jdk.jdi jdk.jfr jdk.jlink jdk.jpackage jdk.jshell jdk.jsobject jdk.jstatd jdk.localedata jdk.management.jfr jdk.naming.dns jdk.naming.rmi jdk.net jdk.nio.mapmode jdk.random jdk.sctp jdk.security.auth jdk.security.jgss jdk.unsupported jdk.unsupported.desktop jdk.xml.dom"
OS_ARCH="x86_64"
OS_NAME="Linux"
SOURCE=""

Environment Variables:
PATH=/usr/local/sbin:/usr/local/bin:/usr/sbin:/usr/bin:/sbin:/bin:/usr/games:/usr/local/games:/snap/bin
SHELL=/bin/bash
DISPLAY=:0
LANG=pt_BR.UTF-8
LC_NUMERIC=es_AR.UTF-8

Active Locale:
LC_ALL=LC_CTYPE=pt_BR.UTF-8;LC_NUMERIC=es_AR.UTF-8;LC_TIME=pt_BR.UTF-8;LC_COLLATE=pt_BR.UTF-8;LC_MONETARY=es_AR.UTF-8;LC_MESSAGES=pt_BR.UTF-8;LC_PAPER=es_AR.UTF-8;LC_NAME=es_AR.UTF-8;LC_ADDRESS=es_AR.UTF-8;LC_TELEPHONE=es_AR.UTF-8;LC_MEASUREMENT=es_AR.UTF-8;LC_IDENTIFICATION=es_AR.UTF-8
LC_COLLATE=pt_BR.UTF-8
LC_CTYPE=pt_BR.UTF-8
LC_MESSAGES=pt_BR.UTF-8
LC_MONETARY=es_AR.UTF-8
LC_NUMERIC=es_AR.UTF-8
LC_TIME=pt_BR.UTF-8

Signal Handlers:
   SIGSEGV: crash_handler in libjvm.so, mask=11100100010111111101111111111110, flags=SA_RESTART|SA_SIGINFO, unblocked
    SIGBUS: crash_handler in libjvm.so, mask=11100100010111111101111111111110, flags=SA_RESTART|SA_SIGINFO, unblocked
    SIGFPE: crash_handler in libjvm.so, mask=11100100010111111101111111111110, flags=SA_RESTART|SA_SIGINFO, unblocked
   SIGPIPE: javaSignalHandler in libjvm.so, mask=11100100010111111101111111111110, flags=SA_RESTART|SA_SIGINFO, blocked
   SIGXFSZ: javaSignalHandler in libjvm.so, mask=11100100010111111101111111111110, flags=SA_RESTART|SA_SIGINFO, blocked
    SIGILL: crash_handler in libjvm.so, mask=11100100010111111101111111111110, flags=SA_RESTART|SA_SIGINFO, unblocked
   SIGUSR2: SR_handler in libjvm.so, mask=00000000000000000000000000000000, flags=SA_RESTART|SA_SIGINFO, blocked
    SIGHUP: UserHandler in libjvm.so, mask=11100100010111111101111111111110, flags=SA_RESTART|SA_SIGINFO, blocked
    SIGINT: UserHandler in libjvm.so, mask=11100100010111111101111111111110, flags=SA_RESTART|SA_SIGINFO, blocked
   SIGTERM: UserHandler in libjvm.so, mask=11100100010111111101111111111110, flags=SA_RESTART|SA_SIGINFO, blocked
   SIGQUIT: UserHandler in libjvm.so, mask=11100100010111111101111111111110, flags=SA_RESTART|SA_SIGINFO, blocked
   SIGTRAP: crash_handler in libjvm.so, mask=11100100010111111101111111111110, flags=SA_RESTART|SA_SIGINFO, unblocked


Periodic native trim disabled

---------------  S Y S T E M  ---------------

OS:
DISTRIB_ID=LinuxMint
DISTRIB_RELEASE=22.3
DISTRIB_CODENAME=zena
DISTRIB_DESCRIPTION="Linux Mint 22.3 Zena"
uname: Linux 7.0.0-29-generic #29~24.04.2-Ubuntu SMP PREEMPT_DYNAMIC Wed Aug 12 17:25:56 UTC 2 x86_64
OS uptime: 0 days 1:08 hours
libc: glibc 2.39 NPTL 2.39 
rlimit (soft/hard): STACK 8192k/infinity , CORE 0k/infinity , NPROC 25917/25917 , NOFILE 1048576/1048576 , AS infinity/infinity , CPU infinity/infinity , DATA infinity/infinity , FSIZE infinity/infinity , MEMLOCK 1000960k/1000960k
load average: 13,51 10,53 5,12

/proc/meminfo:
MemTotal:        8007704 kB
MemFree:         2206120 kB
MemAvailable:    4468248 kB
Buffers:           39396 kB
Cached:          3009100 kB
SwapCached:            8 kB
Active:          1477704 kB
Inactive:        3773360 kB
Active(anon):     939568 kB
Inactive(anon):  1873672 kB
Active(file):     538136 kB
Inactive(file):  1899688 kB
Unevictable:      191448 kB
Mlocked:              80 kB
SwapTotal:       2097148 kB
SwapFree:        2097140 kB
Zswap:                 0 kB
Zswapped:              0 kB
Dirty:               340 kB
Writeback:             0 kB
AnonPages:       2394184 kB
Mapped:           776088 kB
Shmem:            610568 kB
KReclaimable:      90560 kB
Slab:             215684 kB
SReclaimable:      90560 kB
SUnreclaim:       125124 kB
KernelStack:       17632 kB
PageTables:        45960 kB
SecPageTables:         0 kB
NFS_Unstable:          0 kB
Bounce:                0 kB
WritebackTmp:          0 kB
CommitLimit:     6101000 kB
Committed_AS:   12857044 kB
VmallocTotal:   34359738367 kB
VmallocUsed:       50336 kB
VmallocChunk:          0 kB
Percpu:             2704 kB
HardwareCorrupted:     0 kB
AnonHugePages:         0 kB
ShmemHugePages:        0 kB
ShmemPmdMapped:        0 kB
FileHugePages:    129024 kB
FilePmdMapped:         0 kB
CmaTotal:              0 kB
CmaFree:          447308 kB
Unaccepted:            0 kB
Balloon:               0 kB
HugePages_Total:       0
HugePages_Free:        0
HugePages_Rsvd:        0
HugePages_Surp:        0
Hugepagesize:       2048 kB
Hugetlb:               0 kB
DirectMap4k:      171188 kB
DirectMap2M:     8097792 kB

/sys/kernel/mm/transparent_hugepage/enabled: always [madvise] never
/sys/kernel/mm/transparent_hugepage/hpage_pmd_size: 2097152
/sys/kernel/mm/transparent_hugepage/defrag (defrag/compaction efforts parameter): always defer defer+madvise [madvise] never

Process Memory:
Virtual Size: 5343536K (peak: 5404332K)
Resident Set Size: 156840K (peak: 156840K) (anon: 131500K, file: 25340K, shmem: 0K)
Swapped out: 0K
C-Heap outstanding allocations: 53375K, retained: 4156K
glibc malloc tunables: (default)

/proc/sys/kernel/threads-max (system-wide limit on the number of threads): 51835
/proc/sys/vm/max_map_count (maximum number of memory map areas a process may have): 1048576
/proc/sys/vm/swappiness (control to define how aggressively the kernel swaps out anonymous memory): 10
/proc/sys/kernel/pid_max (system-wide limit on number of process identifiers): 4194304

container information not found.
Steal ticks since vm start: 0
Steal ticks percentage since vm start:  0,000

CPU: total 4 (initial active 4) (2 cores per cpu, 2 threads per core) family 6 model 58 stepping 9 microcode 0x21, cx8, cmov, fxsr, ht, mmx, sse, sse2, sse3, ssse3, sse4.1, sse4.2, popcnt, tsc, tscinvbit, avx, aes, erms, clmul, vzeroupper, clflush, rdtscp, f16c
CPU Model and flags from /proc/cpuinfo:
model name	: Intel(R) Core(TM) i5-3230M CPU @ 2.60GHz
flags		: fpu vme de pse tsc msr pae mce cx8 apic sep mtrr pge mca cmov pat pse36 clflush dts acpi mmx fxsr sse sse2 ss ht tm pbe syscall nx rdtscp lm constant_tsc arch_perfmon pebs bts rep_good nopl xtopology nonstop_tsc cpuid aperfmperf pni pclmulqdq dtes64 monitor ds_cpl est tm2 ssse3 cx16 xtpr pdcm pcid sse4_1 sse4_2 x2apic popcnt tsc_deadline_timer aes xsave avx f16c rdrand lahf_lm cpuid_fault epb pti ssbd ibrs ibpb stibp fsgsbase smep erms xsaveopt dtherm ida arat pln pts md_clear flush_l1d

Online cpus: 0-3
Offline cpus: 
BIOS frequency limitation: <Not Available>
Frequency switch latency (ns): 20000
Available cpu frequencies: <Not Available>
Current governor: schedutil
Core performance/turbo boost: <Not Available>

Memory: 4k page, physical 8007704k(4468248k free), swap 2097148k(2097140k free)
Page Sizes: 4k

vm_info: OpenJDK 64-Bit Server VM (21.0.11+10-1-24.04.2-Ubuntu) for linux-amd64 JRE (21.0.11+10-1-24.04.2-Ubuntu), built on 2026-04-26T09:33:23Z by "buildd" with gcc 13.3.0

END.
